<?xml version="1.0" encoding="ISO-8859-1" ?>
<link_info>
   <banner>TI ARM Linker PC v20.2.7.LTS</banner>
   <copyright>Copyright (c) 1996-2018 Texas Instruments Incorporated</copyright>
   <link_time>0x69b316dd</link_time>
   <link_errors>0x0</link_errors>
   <output_file>Final_project_anti_theft.out</output_file>
   <entry_point>
      <name>_c_int00_noargs</name>
      <address>0x2000e735</address>
   </entry_point>
   <input_file_list>
      <input_file id="fl-2">
         <path>.\</path>
         <kind>object</kind>
         <file>Adafruit_GFX.obj</file>
         <name>Adafruit_GFX.obj</name>
      </input_file>
      <input_file id="fl-3">
         <path>.\</path>
         <kind>object</kind>
         <file>Adafruit_OLED.obj</file>
         <name>Adafruit_OLED.obj</name>
      </input_file>
      <input_file id="fl-4">
         <path>.\</path>
         <kind>object</kind>
         <file>main.obj</file>
         <name>main.obj</name>
      </input_file>
      <input_file id="fl-5">
         <path>.\</path>
         <kind>object</kind>
         <file>pinmux.obj</file>
         <name>pinmux.obj</name>
      </input_file>
      <input_file id="fl-6">
         <path>.\</path>
         <kind>object</kind>
         <file>uart_if.obj</file>
         <name>uart_if.obj</name>
      </input_file>
      <input_file id="fl-7">
         <path>.\utils\</path>
         <kind>object</kind>
         <file>network_utils.obj</file>
         <name>network_utils.obj</name>
      </input_file>
      <input_file id="fl-d">
         <kind>object</kind>
         <file>&lt;internal&gt;</file>
         <name>&lt;internal&gt;</name>
      </input_file>
      <input_file id="fl-c3">
         <path>C:\ti\ccs1250\ccs\tools\compiler\ti-cgt-arm_20.2.7.LTS\lib\</path>
         <kind>archive</kind>
         <file>rtsv7M4_T_le_eabi.lib</file>
         <name>sprintf.c.obj</name>
      </input_file>
      <input_file id="fl-c4">
         <path>C:\ti\ccs1250\ccs\tools\compiler\ti-cgt-arm_20.2.7.LTS\lib\</path>
         <kind>archive</kind>
         <file>rtsv7M4_T_le_eabi.lib</file>
         <name>vsnprintf.c.obj</name>
      </input_file>
      <input_file id="fl-c5">
         <path>C:\ti\ccs1250\ccs\tools\compiler\ti-cgt-arm_20.2.7.LTS\lib\</path>
         <kind>archive</kind>
         <file>rtsv7M4_T_le_eabi.lib</file>
         <name>fd_tos_t2.asm.obj</name>
      </input_file>
      <input_file id="fl-c6">
         <path>C:\ti\ccs1250\ccs\tools\compiler\ti-cgt-arm_20.2.7.LTS\lib\</path>
         <kind>archive</kind>
         <file>rtsv7M4_T_le_eabi.lib</file>
         <name>fs_add_t2.asm.obj</name>
      </input_file>
      <input_file id="fl-c7">
         <path>C:\ti\ccs1250\ccs\tools\compiler\ti-cgt-arm_20.2.7.LTS\lib\</path>
         <kind>archive</kind>
         <file>rtsv7M4_T_le_eabi.lib</file>
         <name>fs_div_t2.asm.obj</name>
      </input_file>
      <input_file id="fl-c8">
         <path>C:\ti\ccs1250\ccs\tools\compiler\ti-cgt-arm_20.2.7.LTS\lib\</path>
         <kind>archive</kind>
         <file>rtsv7M4_T_le_eabi.lib</file>
         <name>fs_mul_t2.asm.obj</name>
      </input_file>
      <input_file id="fl-c9">
         <path>C:\ti\ccs1250\ccs\tools\compiler\ti-cgt-arm_20.2.7.LTS\lib\</path>
         <kind>archive</kind>
         <file>rtsv7M4_T_le_eabi.lib</file>
         <name>fs_tod_t2.asm.obj</name>
      </input_file>
      <input_file id="fl-ca">
         <path>C:\ti\ccs1250\ccs\tools\compiler\ti-cgt-arm_20.2.7.LTS\lib\</path>
         <kind>archive</kind>
         <file>rtsv7M4_T_le_eabi.lib</file>
         <name>fs_toi_t2.asm.obj</name>
      </input_file>
      <input_file id="fl-cb">
         <path>C:\ti\ccs1250\ccs\tools\compiler\ti-cgt-arm_20.2.7.LTS\lib\</path>
         <kind>archive</kind>
         <file>rtsv7M4_T_le_eabi.lib</file>
         <name>i_tofs_t2.asm.obj</name>
      </input_file>
      <input_file id="fl-cc">
         <path>C:\ti\ccs1250\ccs\tools\compiler\ti-cgt-arm_20.2.7.LTS\lib\</path>
         <kind>archive</kind>
         <file>rtsv7M4_T_le_eabi.lib</file>
         <name>memcpy_t2.asm.obj</name>
      </input_file>
      <input_file id="fl-cd">
         <path>C:\ti\ccs1250\ccs\tools\compiler\ti-cgt-arm_20.2.7.LTS\lib\</path>
         <kind>archive</kind>
         <file>rtsv7M4_T_le_eabi.lib</file>
         <name>memset_t2.asm.obj</name>
      </input_file>
      <input_file id="fl-ce">
         <path>C:\ti\ccs1250\ccs\tools\compiler\ti-cgt-arm_20.2.7.LTS\lib\</path>
         <kind>archive</kind>
         <file>rtsv7M4_T_le_eabi.lib</file>
         <name>copy_zero_init.c.obj</name>
      </input_file>
      <input_file id="fl-cf">
         <path>C:\ti\ccs1250\ccs\tools\compiler\ti-cgt-arm_20.2.7.LTS\lib\</path>
         <kind>archive</kind>
         <file>rtsv7M4_T_le_eabi.lib</file>
         <name>copy_decompress_none.c.obj</name>
      </input_file>
      <input_file id="fl-d0">
         <path>C:\ti\ccs1250\ccs\tools\compiler\ti-cgt-arm_20.2.7.LTS\lib\</path>
         <kind>archive</kind>
         <file>rtsv7M4_T_le_eabi.lib</file>
         <name>copy_decompress_lzss.c.obj</name>
      </input_file>
      <input_file id="fl-d1">
         <path>C:\ti\ccs1250\ccs\tools\compiler\ti-cgt-arm_20.2.7.LTS\lib\</path>
         <kind>archive</kind>
         <file>rtsv7M4_T_le_eabi.lib</file>
         <name>atof.c.obj</name>
      </input_file>
      <input_file id="fl-d2">
         <path>C:\ti\ccs1250\ccs\tools\compiler\ti-cgt-arm_20.2.7.LTS\lib\</path>
         <kind>archive</kind>
         <file>rtsv7M4_T_le_eabi.lib</file>
         <name>memmov.c.obj</name>
      </input_file>
      <input_file id="fl-d3">
         <path>C:\ti\ccs1250\ccs\tools\compiler\ti-cgt-arm_20.2.7.LTS\lib\</path>
         <kind>archive</kind>
         <file>rtsv7M4_T_le_eabi.lib</file>
         <name>strchr.c.obj</name>
      </input_file>
      <input_file id="fl-d4">
         <path>C:\ti\ccs1250\ccs\tools\compiler\ti-cgt-arm_20.2.7.LTS\lib\</path>
         <kind>archive</kind>
         <file>rtsv7M4_T_le_eabi.lib</file>
         <name>strcpy.c.obj</name>
      </input_file>
      <input_file id="fl-d5">
         <path>C:\ti\ccs1250\ccs\tools\compiler\ti-cgt-arm_20.2.7.LTS\lib\</path>
         <kind>archive</kind>
         <file>rtsv7M4_T_le_eabi.lib</file>
         <name>strlen.c.obj</name>
      </input_file>
      <input_file id="fl-d6">
         <path>C:\ti\ccs1250\ccs\tools\compiler\ti-cgt-arm_20.2.7.LTS\lib\</path>
         <kind>archive</kind>
         <file>rtsv7M4_T_le_eabi.lib</file>
         <name>strncmp.c.obj</name>
      </input_file>
      <input_file id="fl-d7">
         <path>C:\ti\ccs1250\ccs\tools\compiler\ti-cgt-arm_20.2.7.LTS\lib\</path>
         <kind>archive</kind>
         <file>rtsv7M4_T_le_eabi.lib</file>
         <name>strncpy.c.obj</name>
      </input_file>
      <input_file id="fl-d8">
         <path>C:\ti\ccs1250\ccs\tools\compiler\ti-cgt-arm_20.2.7.LTS\lib\</path>
         <kind>archive</kind>
         <file>rtsv7M4_T_le_eabi.lib</file>
         <name>strstr.c.obj</name>
      </input_file>
      <input_file id="fl-d9">
         <path>C:\ti\ccs1250\ccs\tools\compiler\ti-cgt-arm_20.2.7.LTS\lib\</path>
         <kind>archive</kind>
         <file>rtsv7M4_T_le_eabi.lib</file>
         <name>strtod.c.obj</name>
      </input_file>
      <input_file id="fl-da">
         <path>C:\ti\ccs1250\ccs\tools\compiler\ti-cgt-arm_20.2.7.LTS\lib\</path>
         <kind>archive</kind>
         <file>rtsv7M4_T_le_eabi.lib</file>
         <name>boot_cortex_m.c.obj</name>
      </input_file>
      <input_file id="fl-db">
         <path>C:\ti\ccs1250\ccs\tools\compiler\ti-cgt-arm_20.2.7.LTS\lib\</path>
         <kind>archive</kind>
         <file>rtsv7M4_T_le_eabi.lib</file>
         <name>errno.c.obj</name>
      </input_file>
      <input_file id="fl-dc">
         <path>C:\ti\ccs1250\ccs\tools\compiler\ti-cgt-arm_20.2.7.LTS\lib\</path>
         <kind>archive</kind>
         <file>rtsv7M4_T_le_eabi.lib</file>
         <name>s_scalbn.c.obj</name>
      </input_file>
      <input_file id="fl-dd">
         <path>C:\ti\ccs1250\ccs\tools\compiler\ti-cgt-arm_20.2.7.LTS\lib\</path>
         <kind>archive</kind>
         <file>rtsv7M4_T_le_eabi.lib</file>
         <name>_printfi.c.obj</name>
      </input_file>
      <input_file id="fl-de">
         <path>C:\ti\ccs1250\ccs\tools\compiler\ti-cgt-arm_20.2.7.LTS\lib\</path>
         <kind>archive</kind>
         <file>rtsv7M4_T_le_eabi.lib</file>
         <name>fd_add_t2.asm.obj</name>
      </input_file>
      <input_file id="fl-df">
         <path>C:\ti\ccs1250\ccs\tools\compiler\ti-cgt-arm_20.2.7.LTS\lib\</path>
         <kind>archive</kind>
         <file>rtsv7M4_T_le_eabi.lib</file>
         <name>fd_cmp_t2.asm.obj</name>
      </input_file>
      <input_file id="fl-e0">
         <path>C:\ti\ccs1250\ccs\tools\compiler\ti-cgt-arm_20.2.7.LTS\lib\</path>
         <kind>archive</kind>
         <file>rtsv7M4_T_le_eabi.lib</file>
         <name>fd_div_t2.asm.obj</name>
      </input_file>
      <input_file id="fl-e1">
         <path>C:\ti\ccs1250\ccs\tools\compiler\ti-cgt-arm_20.2.7.LTS\lib\</path>
         <kind>archive</kind>
         <file>rtsv7M4_T_le_eabi.lib</file>
         <name>fd_mul_t2.asm.obj</name>
      </input_file>
      <input_file id="fl-e2">
         <path>C:\ti\ccs1250\ccs\tools\compiler\ti-cgt-arm_20.2.7.LTS\lib\</path>
         <kind>archive</kind>
         <file>rtsv7M4_T_le_eabi.lib</file>
         <name>fd_toi_t2.asm.obj</name>
      </input_file>
      <input_file id="fl-e3">
         <path>C:\ti\ccs1250\ccs\tools\compiler\ti-cgt-arm_20.2.7.LTS\lib\</path>
         <kind>archive</kind>
         <file>rtsv7M4_T_le_eabi.lib</file>
         <name>i_tofd_t2.asm.obj</name>
      </input_file>
      <input_file id="fl-e4">
         <path>C:\ti\ccs1250\ccs\tools\compiler\ti-cgt-arm_20.2.7.LTS\lib\</path>
         <kind>archive</kind>
         <file>rtsv7M4_T_le_eabi.lib</file>
         <name>ull_div_t2.asm.obj</name>
      </input_file>
      <input_file id="fl-e5">
         <path>C:\ti\ccs1250\ccs\tools\compiler\ti-cgt-arm_20.2.7.LTS\lib\</path>
         <kind>archive</kind>
         <file>rtsv7M4_T_le_eabi.lib</file>
         <name>autoinit.c.obj</name>
      </input_file>
      <input_file id="fl-e6">
         <path>C:\ti\ccs1250\ccs\tools\compiler\ti-cgt-arm_20.2.7.LTS\lib\</path>
         <kind>archive</kind>
         <file>rtsv7M4_T_le_eabi.lib</file>
         <name>pre_init.c.obj</name>
      </input_file>
      <input_file id="fl-e7">
         <path>C:\ti\ccs1250\ccs\tools\compiler\ti-cgt-arm_20.2.7.LTS\lib\</path>
         <kind>archive</kind>
         <file>rtsv7M4_T_le_eabi.lib</file>
         <name>cpy_tbl.c.obj</name>
      </input_file>
      <input_file id="fl-e8">
         <path>C:\ti\ccs1250\ccs\tools\compiler\ti-cgt-arm_20.2.7.LTS\lib\</path>
         <kind>archive</kind>
         <file>rtsv7M4_T_le_eabi.lib</file>
         <name>exit.c.obj</name>
      </input_file>
      <input_file id="fl-e9">
         <path>C:\ti\ccs1250\ccs\tools\compiler\ti-cgt-arm_20.2.7.LTS\lib\</path>
         <kind>archive</kind>
         <file>rtsv7M4_T_le_eabi.lib</file>
         <name>_lock.c.obj</name>
      </input_file>
      <input_file id="fl-ea">
         <path>C:\ti\ccs1250\ccs\tools\compiler\ti-cgt-arm_20.2.7.LTS\lib\</path>
         <kind>archive</kind>
         <file>rtsv7M4_T_le_eabi.lib</file>
         <name>_ltoa.c.obj</name>
      </input_file>
      <input_file id="fl-eb">
         <path>C:\ti\ccs1250\ccs\tools\compiler\ti-cgt-arm_20.2.7.LTS\lib\</path>
         <kind>archive</kind>
         <file>rtsv7M4_T_le_eabi.lib</file>
         <name>args_main.c.obj</name>
      </input_file>
      <input_file id="fl-ec">
         <path>C:\ti\ccs1250\ccs\tools\compiler\ti-cgt-arm_20.2.7.LTS\lib\</path>
         <kind>archive</kind>
         <file>rtsv7M4_T_le_eabi.lib</file>
         <name>atoi.c.obj</name>
      </input_file>
      <input_file id="fl-ed">
         <path>C:\ti\ccs1250\ccs\tools\compiler\ti-cgt-arm_20.2.7.LTS\lib\</path>
         <kind>archive</kind>
         <file>rtsv7M4_T_le_eabi.lib</file>
         <name>ctype.c.obj</name>
      </input_file>
      <input_file id="fl-ee">
         <path>C:\ti\ccs1250\ccs\tools\compiler\ti-cgt-arm_20.2.7.LTS\lib\</path>
         <kind>archive</kind>
         <file>rtsv7M4_T_le_eabi.lib</file>
         <name>memccpy.c.obj</name>
      </input_file>
      <input_file id="fl-ef">
         <path>C:\ti\ccs1250\ccs\tools\compiler\ti-cgt-arm_20.2.7.LTS\lib\</path>
         <kind>archive</kind>
         <file>rtsv7M4_T_le_eabi.lib</file>
         <name>wcslen.c.obj</name>
      </input_file>
      <input_file id="fl-f0">
         <path>C:\ti\ccs1250\ccs\tools\compiler\ti-cgt-arm_20.2.7.LTS\lib\</path>
         <kind>archive</kind>
         <file>rtsv7M4_T_le_eabi.lib</file>
         <name>s_copysign.c.obj</name>
      </input_file>
      <input_file id="fl-f1">
         <path>C:\ti\ccs1250\ccs\tools\compiler\ti-cgt-arm_20.2.7.LTS\lib\</path>
         <kind>archive</kind>
         <file>rtsv7M4_T_le_eabi.lib</file>
         <name>s_frexp.c.obj</name>
      </input_file>
      <input_file id="fl-f2">
         <path>C:\ti\ccs1250\ccs\tools\compiler\ti-cgt-arm_20.2.7.LTS\lib\</path>
         <kind>archive</kind>
         <file>rtsv7M4_T_le_eabi.lib</file>
         <name>div0.asm.obj</name>
      </input_file>
      <input_file id="fl-f3">
         <path>C:\ti\CC3200SDK_1.5.0\cc3200-sdk\simplelink\ccs\NON_OS\</path>
         <kind>archive</kind>
         <file>simplelink.a</file>
         <name>device.obj</name>
      </input_file>
      <input_file id="fl-f4">
         <path>C:\ti\CC3200SDK_1.5.0\cc3200-sdk\simplelink\ccs\NON_OS\</path>
         <kind>archive</kind>
         <file>simplelink.a</file>
         <name>driver.obj</name>
      </input_file>
      <input_file id="fl-f5">
         <path>C:\ti\CC3200SDK_1.5.0\cc3200-sdk\simplelink\ccs\NON_OS\</path>
         <kind>archive</kind>
         <file>simplelink.a</file>
         <name>netapp.obj</name>
      </input_file>
      <input_file id="fl-f6">
         <path>C:\ti\CC3200SDK_1.5.0\cc3200-sdk\simplelink\ccs\NON_OS\</path>
         <kind>archive</kind>
         <file>simplelink.a</file>
         <name>netcfg.obj</name>
      </input_file>
      <input_file id="fl-f7">
         <path>C:\ti\CC3200SDK_1.5.0\cc3200-sdk\simplelink\ccs\NON_OS\</path>
         <kind>archive</kind>
         <file>simplelink.a</file>
         <name>nonos.obj</name>
      </input_file>
      <input_file id="fl-f8">
         <path>C:\ti\CC3200SDK_1.5.0\cc3200-sdk\simplelink\ccs\NON_OS\</path>
         <kind>archive</kind>
         <file>simplelink.a</file>
         <name>socket.obj</name>
      </input_file>
      <input_file id="fl-f9">
         <path>C:\ti\CC3200SDK_1.5.0\cc3200-sdk\simplelink\ccs\NON_OS\</path>
         <kind>archive</kind>
         <file>simplelink.a</file>
         <name>wlan.obj</name>
      </input_file>
      <input_file id="fl-fa">
         <path>C:\ti\CC3200SDK_1.5.0\cc3200-sdk\simplelink\ccs\NON_OS\</path>
         <kind>archive</kind>
         <file>simplelink.a</file>
         <name>cc_pal.obj</name>
      </input_file>
      <input_file id="fl-fb">
         <path>C:\ti\CC3200SDK_1.5.0\cc3200-sdk\driverlib\ccs\Release\</path>
         <kind>archive</kind>
         <file>driverlib.a</file>
         <name>gpio.obj</name>
      </input_file>
      <input_file id="fl-fc">
         <path>C:\ti\CC3200SDK_1.5.0\cc3200-sdk\driverlib\ccs\Release\</path>
         <kind>archive</kind>
         <file>driverlib.a</file>
         <name>i2c.obj</name>
      </input_file>
      <input_file id="fl-fd">
         <path>C:\ti\CC3200SDK_1.5.0\cc3200-sdk\driverlib\ccs\Release\</path>
         <kind>archive</kind>
         <file>driverlib.a</file>
         <name>interrupt.obj</name>
      </input_file>
      <input_file id="fl-fe">
         <path>C:\ti\CC3200SDK_1.5.0\cc3200-sdk\driverlib\ccs\Release\</path>
         <kind>archive</kind>
         <file>driverlib.a</file>
         <name>pin.obj</name>
      </input_file>
      <input_file id="fl-ff">
         <path>C:\ti\CC3200SDK_1.5.0\cc3200-sdk\driverlib\ccs\Release\</path>
         <kind>archive</kind>
         <file>driverlib.a</file>
         <name>prcm.obj</name>
      </input_file>
      <input_file id="fl-100">
         <path>C:\ti\CC3200SDK_1.5.0\cc3200-sdk\driverlib\ccs\Release\</path>
         <kind>archive</kind>
         <file>driverlib.a</file>
         <name>spi.obj</name>
      </input_file>
      <input_file id="fl-101">
         <path>C:\ti\CC3200SDK_1.5.0\cc3200-sdk\driverlib\ccs\Release\</path>
         <kind>archive</kind>
         <file>driverlib.a</file>
         <name>systick.obj</name>
      </input_file>
      <input_file id="fl-102">
         <path>C:\ti\CC3200SDK_1.5.0\cc3200-sdk\driverlib\ccs\Release\</path>
         <kind>archive</kind>
         <file>driverlib.a</file>
         <name>timer.obj</name>
      </input_file>
      <input_file id="fl-103">
         <path>C:\ti\CC3200SDK_1.5.0\cc3200-sdk\driverlib\ccs\Release\</path>
         <kind>archive</kind>
         <file>driverlib.a</file>
         <name>uart.obj</name>
      </input_file>
      <input_file id="fl-104">
         <path>C:\ti\CC3200SDK_1.5.0\cc3200-sdk\driverlib\ccs\Release\</path>
         <kind>archive</kind>
         <file>driverlib.a</file>
         <name>udma.obj</name>
      </input_file>
      <input_file id="fl-105">
         <path>C:\ti\CC3200SDK_1.5.0\cc3200-sdk\driverlib\ccs\Release\</path>
         <kind>archive</kind>
         <file>driverlib.a</file>
         <name>utils.obj</name>
      </input_file>
      <input_file id="fl-106">
         <path>C:\ti\CC3200SDK_1.5.0\cc3200-sdk\driverlib\ccs\Release\</path>
         <kind>archive</kind>
         <file>driverlib.a</file>
         <name>cpu.obj</name>
      </input_file>
      <input_file id="fl-107">
         <path>C:\ti\CC3200SDK_1.5.0\cc3200-sdk\driverlib\ccs\Release\</path>
         <kind>archive</kind>
         <file>driverlib.a</file>
         <name>flash.obj</name>
      </input_file>
   </input_file_list>
   <object_component_list>
      <object_component id="oc-81">
         <name>.text</name>
         <load_address>0x20004000</load_address>
         <run_address>0x20004000</run_address>
         <size>0x1418</size>
         <input_file_ref idref="fl-4"/>
      </object_component>
      <object_component id="oc-1c9">
         <name>.text</name>
         <load_address>0x20005418</load_address>
         <run_address>0x20005418</run_address>
         <size>0x1064</size>
         <input_file_ref idref="fl-7"/>
      </object_component>
      <object_component id="oc-11b">
         <name>.text</name>
         <load_address>0x2000647c</load_address>
         <run_address>0x2000647c</run_address>
         <size>0xa80</size>
         <input_file_ref idref="fl-2"/>
      </object_component>
      <object_component id="oc-2f1">
         <name>.text:__TI_printfi</name>
         <load_address>0x20006efc</load_address>
         <run_address>0x20006efc</run_address>
         <size>0xa4e</size>
         <input_file_ref idref="fl-dd"/>
      </object_component>
      <object_component id="oc-891">
         <name>.text:IntDefaultHandler</name>
         <load_address>0x2000794a</load_address>
         <run_address>0x2000794a</run_address>
         <size>0x2</size>
         <input_file_ref idref="fl-fd"/>
      </object_component>
      <object_component id="oc-6ef">
         <name>.text:_SlDrvMsgRead</name>
         <load_address>0x2000794c</load_address>
         <run_address>0x2000794c</run_address>
         <size>0x590</size>
         <input_file_ref idref="fl-f4"/>
      </object_component>
      <object_component id="oc-121">
         <name>.text</name>
         <load_address>0x20007edc</load_address>
         <run_address>0x20007edc</run_address>
         <size>0x4e2</size>
         <input_file_ref idref="fl-3"/>
      </object_component>
      <object_component id="oc-7fc">
         <name>.text</name>
         <load_address>0x200083be</load_address>
         <run_address>0x200083be</run_address>
         <size>0x2</size>
         <input_file_ref idref="fl-f2"/>
      </object_component>
      <object_component id="oc-2d4">
         <name>.text:strtod</name>
         <load_address>0x200083c0</load_address>
         <run_address>0x200083c0</run_address>
         <size>0x454</size>
         <input_file_ref idref="fl-d9"/>
      </object_component>
      <object_component id="oc-39a">
         <name>.text:sl_WlanConnect</name>
         <load_address>0x20008814</load_address>
         <run_address>0x20008814</run_address>
         <size>0x280</size>
         <input_file_ref idref="fl-f9"/>
      </object_component>
      <object_component id="oc-4cc">
         <name>.text:_pconv_a</name>
         <load_address>0x20008a94</load_address>
         <run_address>0x20008a94</run_address>
         <size>0x268</size>
         <input_file_ref idref="fl-dd"/>
      </object_component>
      <object_component id="oc-83b">
         <name>.text:_SlDrvRxHdrRead</name>
         <load_address>0x20008cfc</load_address>
         <run_address>0x20008cfc</run_address>
         <size>0x248</size>
         <input_file_ref idref="fl-f4"/>
      </object_component>
      <object_component id="oc-136">
         <name>.text</name>
         <load_address>0x20008f44</load_address>
         <run_address>0x20008f44</run_address>
         <size>0x214</size>
         <input_file_ref idref="fl-6"/>
      </object_component>
      <object_component id="oc-3dd">
         <name>.text:_SlDrvDataReadOp</name>
         <load_address>0x20009158</load_address>
         <run_address>0x20009158</run_address>
         <size>0x1e4</size>
         <input_file_ref idref="fl-f4"/>
      </object_component>
      <object_component id="oc-57e">
         <name>.text:_SlDrvReleasePoolObj</name>
         <load_address>0x2000933c</load_address>
         <run_address>0x2000933c</run_address>
         <size>0x1d0</size>
         <input_file_ref idref="fl-f4"/>
      </object_component>
      <object_component id="oc-4ba">
         <name>.text:_pconv_g</name>
         <load_address>0x2000950c</load_address>
         <run_address>0x2000950c</run_address>
         <size>0x1cc</size>
         <input_file_ref idref="fl-dd"/>
      </object_component>
      <object_component id="oc-47e">
         <name>.text</name>
         <load_address>0x200096d8</load_address>
         <run_address>0x200096d8</run_address>
         <size>0x1b6</size>
         <input_file_ref idref="fl-de"/>
      </object_component>
      <object_component id="oc-554">
         <name>.text:_SlDrvDriverCBInit</name>
         <load_address>0x20009890</load_address>
         <run_address>0x20009890</run_address>
         <size>0x1b4</size>
         <input_file_ref idref="fl-f4"/>
      </object_component>
      <object_component id="oc-51d">
         <name>.text:_SlDrvMsgWrite</name>
         <load_address>0x20009a44</load_address>
         <run_address>0x20009a44</run_address>
         <size>0x19c</size>
         <input_file_ref idref="fl-f4"/>
      </object_component>
      <object_component id="oc-5f2">
         <name>.text:_SlDrvWaitForPoolObj</name>
         <load_address>0x20009be0</load_address>
         <run_address>0x20009be0</run_address>
         <size>0x190</size>
         <input_file_ref idref="fl-f4"/>
      </object_component>
      <object_component id="oc-3c2">
         <name>.text:sl_Connect</name>
         <load_address>0x20009d70</load_address>
         <run_address>0x20009d70</run_address>
         <size>0x18c</size>
         <input_file_ref idref="fl-f8"/>
      </object_component>
      <object_component id="oc-115">
         <name>.text:PRCMCC3200MCUInit</name>
         <load_address>0x20009efc</load_address>
         <run_address>0x20009efc</run_address>
         <size>0x178</size>
         <input_file_ref idref="fl-ff"/>
      </object_component>
      <object_component id="oc-84d">
         <name>.text:_SlFindAndSetActiveObj</name>
         <load_address>0x2000a074</load_address>
         <run_address>0x2000a074</run_address>
         <size>0x170</size>
         <input_file_ref idref="fl-f4"/>
      </object_component>
      <object_component id="oc-311">
         <name>.text:_SlDrvDataWriteOp</name>
         <load_address>0x2000a1e4</load_address>
         <run_address>0x2000a1e4</run_address>
         <size>0x150</size>
         <input_file_ref idref="fl-f4"/>
      </object_component>
      <object_component id="oc-55a">
         <name>.text:spi_Open</name>
         <load_address>0x2000a334</load_address>
         <run_address>0x2000a334</run_address>
         <size>0x148</size>
         <input_file_ref idref="fl-fa"/>
      </object_component>
      <object_component id="oc-541">
         <name>.text:_SlDrvMsgReadCmdCtx</name>
         <load_address>0x2000a47c</load_address>
         <run_address>0x2000a47c</run_address>
         <size>0x144</size>
         <input_file_ref idref="fl-f4"/>
      </object_component>
      <object_component id="oc-3a4">
         <name>.text:sl_NetAppDnsGetHostByName</name>
         <load_address>0x2000a5c0</load_address>
         <run_address>0x2000a5c0</run_address>
         <size>0x144</size>
         <input_file_ref idref="fl-f5"/>
      </object_component>
      <object_component id="oc-4c6">
         <name>.text:_pconv_e</name>
         <load_address>0x2000a704</load_address>
         <run_address>0x2000a704</run_address>
         <size>0x13c</size>
         <input_file_ref idref="fl-dd"/>
      </object_component>
      <object_component id="oc-488">
         <name>.text</name>
         <load_address>0x2000a840</load_address>
         <run_address>0x2000a840</run_address>
         <size>0x136</size>
         <input_file_ref idref="fl-e0"/>
      </object_component>
      <object_component id="oc-1bd">
         <name>.text:sl_Send</name>
         <load_address>0x2000a978</load_address>
         <run_address>0x2000a978</run_address>
         <size>0x134</size>
         <input_file_ref idref="fl-f8"/>
      </object_component>
      <object_component id="oc-5ac">
         <name>.text:_SlDrvDriverCBDeinit</name>
         <load_address>0x2000aaac</load_address>
         <run_address>0x2000aaac</run_address>
         <size>0x130</size>
         <input_file_ref idref="fl-f4"/>
      </object_component>
      <object_component id="oc-69b">
         <name>.text:fcvt</name>
         <load_address>0x2000abdc</load_address>
         <run_address>0x2000abdc</run_address>
         <size>0x120</size>
         <input_file_ref idref="fl-dd"/>
      </object_component>
      <object_component id="oc-1d5">
         <name>.text</name>
         <load_address>0x2000acfc</load_address>
         <run_address>0x2000acfc</run_address>
         <size>0x11c</size>
         <input_file_ref idref="fl-5"/>
      </object_component>
      <object_component id="oc-8d1">
         <name>.text:_SlDrvNetAppEventHandler</name>
         <load_address>0x2000ae18</load_address>
         <run_address>0x2000ae18</run_address>
         <size>0x104</size>
         <input_file_ref idref="fl-f5"/>
      </object_component>
      <object_component id="oc-479">
         <name>.text</name>
         <load_address>0x2000af1c</load_address>
         <run_address>0x2000af1c</run_address>
         <size>0xfc</size>
         <input_file_ref idref="fl-e1"/>
      </object_component>
      <object_component id="oc-17f">
         <name>.text</name>
         <load_address>0x2000b018</load_address>
         <run_address>0x2000b018</run_address>
         <size>0xfa</size>
         <input_file_ref idref="fl-c6"/>
      </object_component>
      <object_component id="oc-35d">
         <name>.text:sl_Stop</name>
         <load_address>0x2000b114</load_address>
         <run_address>0x2000b114</run_address>
         <size>0xf0</size>
         <input_file_ref idref="fl-f3"/>
      </object_component>
      <object_component id="oc-847">
         <name>.text:spi_Read</name>
         <load_address>0x2000b204</load_address>
         <run_address>0x2000b204</run_address>
         <size>0xf0</size>
         <input_file_ref idref="fl-fa"/>
      </object_component>
      <object_component id="oc-929">
         <name>.text:uDMAChannelTransferSet</name>
         <load_address>0x2000b2f4</load_address>
         <run_address>0x2000b2f4</run_address>
         <size>0xf0</size>
         <input_file_ref idref="fl-104"/>
      </object_component>
      <object_component id="oc-34b">
         <name>.text:sl_Start</name>
         <load_address>0x2000b3e4</load_address>
         <run_address>0x2000b3e4</run_address>
         <size>0xec</size>
         <input_file_ref idref="fl-f3"/>
      </object_component>
      <object_component id="oc-6f5">
         <name>.text:_SlAsyncEventGenericHandler</name>
         <load_address>0x2000b4d0</load_address>
         <run_address>0x2000b4d0</run_address>
         <size>0xe8</size>
         <input_file_ref idref="fl-f4"/>
      </object_component>
      <object_component id="oc-708">
         <name>.text:_SlDrvMsgReadSpawnCtx</name>
         <load_address>0x2000b5b8</load_address>
         <run_address>0x2000b5b8</run_address>
         <size>0xe8</size>
         <input_file_ref idref="fl-f4"/>
      </object_component>
      <object_component id="oc-5dc">
         <name>.text:sl_NetAppMDNSRegisterUnregisterService</name>
         <load_address>0x2000b6a0</load_address>
         <run_address>0x2000b6a0</run_address>
         <size>0xe4</size>
         <input_file_ref idref="fl-f5"/>
      </object_component>
      <object_component id="oc-841">
         <name>.text:_SlDrvClassifyRxMsg</name>
         <load_address>0x2000b784</load_address>
         <run_address>0x2000b784</run_address>
         <size>0xdc</size>
         <input_file_ref idref="fl-f4"/>
      </object_component>
      <object_component id="oc-493">
         <name>.text:scalbn</name>
         <load_address>0x2000b860</load_address>
         <run_address>0x2000b860</run_address>
         <size>0xd0</size>
         <input_file_ref idref="fl-dc"/>
      </object_component>
      <object_component id="oc-954">
         <name>.text:_sl_HandleAsync_DnsGetHostByService</name>
         <load_address>0x2000b930</load_address>
         <run_address>0x2000b930</run_address>
         <size>0xcc</size>
         <input_file_ref idref="fl-f5"/>
      </object_component>
      <object_component id="oc-363">
         <name>.text:sl_DevGet</name>
         <load_address>0x2000b9fc</load_address>
         <run_address>0x2000b9fc</run_address>
         <size>0xcc</size>
         <input_file_ref idref="fl-f3"/>
      </object_component>
      <object_component id="oc-780">
         <name>.text:_SlRemoveFromList</name>
         <load_address>0x2000bac8</load_address>
         <run_address>0x2000bac8</run_address>
         <size>0xc4</size>
         <input_file_ref idref="fl-f4"/>
      </object_component>
      <object_component id="oc-32c">
         <name>.text:_SlDrvCmdOp</name>
         <load_address>0x2000bb8c</load_address>
         <run_address>0x2000bb8c</run_address>
         <size>0xc0</size>
         <input_file_ref idref="fl-f4"/>
      </object_component>
      <object_component id="oc-4b4">
         <name>.text:_ltostr</name>
         <load_address>0x2000bc4c</load_address>
         <run_address>0x2000bc4c</run_address>
         <size>0xb1</size>
         <input_file_ref idref="fl-dd"/>
      </object_component>
      <object_component id="oc-4ff">
         <name>.text:_SlNonOsSemGet</name>
         <load_address>0x2000bd00</load_address>
         <run_address>0x2000bd00</run_address>
         <size>0xb0</size>
         <input_file_ref idref="fl-f7"/>
      </object_component>
      <object_component id="oc-765">
         <name>.text:IntDisable</name>
         <load_address>0x2000bdb0</load_address>
         <run_address>0x2000bdb0</run_address>
         <size>0xa8</size>
         <input_file_ref idref="fl-fd"/>
      </object_component>
      <object_component id="oc-10f">
         <name>.text:IntEnable</name>
         <load_address>0x2000be58</load_address>
         <run_address>0x2000be58</run_address>
         <size>0xa8</size>
         <input_file_ref idref="fl-fd"/>
      </object_component>
      <object_component id="oc-6fb">
         <name>.text:_SlDriverHandleError</name>
         <load_address>0x2000bf00</load_address>
         <run_address>0x2000bf00</run_address>
         <size>0xa4</size>
         <input_file_ref idref="fl-f4"/>
      </object_component>
      <object_component id="oc-1e7">
         <name>.text:SPIConfigSetExpClk</name>
         <load_address>0x2000bfa4</load_address>
         <run_address>0x2000bfa4</run_address>
         <size>0xa0</size>
         <input_file_ref idref="fl-100"/>
      </object_component>
      <object_component id="oc-1cf">
         <name>.text:sl_Recv</name>
         <load_address>0x2000c044</load_address>
         <run_address>0x2000c044</run_address>
         <size>0xa0</size>
         <input_file_ref idref="fl-f8"/>
      </object_component>
      <object_component id="oc-2e">
         <name>.text</name>
         <load_address>0x2000c0e4</load_address>
         <run_address>0x2000c0e4</run_address>
         <size>0x9c</size>
         <input_file_ref idref="fl-cc"/>
      </object_component>
      <object_component id="oc-93a">
         <name>.text:_SlDrvDeviceEventHandler</name>
         <load_address>0x2000c180</load_address>
         <run_address>0x2000c180</run_address>
         <size>0x9a</size>
         <input_file_ref idref="fl-f3"/>
      </object_component>
      <object_component id="oc-37b">
         <name>.text:sl_NetCfgSet</name>
         <load_address>0x2000c21c</load_address>
         <run_address>0x2000c21c</run_address>
         <size>0x98</size>
         <input_file_ref idref="fl-f6"/>
      </object_component>
      <object_component id="oc-3bc">
         <name>.text:sl_SetSockOpt</name>
         <load_address>0x2000c2b4</load_address>
         <run_address>0x2000c2b4</run_address>
         <size>0x98</size>
         <input_file_ref idref="fl-f8"/>
      </object_component>
      <object_component id="oc-381">
         <name>.text:sl_WlanSet</name>
         <load_address>0x2000c34c</load_address>
         <run_address>0x2000c34c</run_address>
         <size>0x98</size>
         <input_file_ref idref="fl-f9"/>
      </object_component>
      <object_component id="oc-6e3">
         <name>.text:spi_Write</name>
         <load_address>0x2000c3e4</load_address>
         <run_address>0x2000c3e4</run_address>
         <size>0x98</size>
         <input_file_ref idref="fl-fa"/>
      </object_component>
      <object_component id="oc-673">
         <name>.text</name>
         <load_address>0x2000c47c</load_address>
         <run_address>0x2000c47c</run_address>
         <size>0x96</size>
         <input_file_ref idref="fl-e4"/>
      </object_component>
      <object_component id="oc-148">
         <name>.text:PRCMPeripheralClockGet</name>
         <load_address>0x2000c514</load_address>
         <run_address>0x2000c514</run_address>
         <size>0x94</size>
         <input_file_ref idref="fl-ff"/>
      </object_component>
      <object_component id="oc-16b">
         <name>.text</name>
         <load_address>0x2000c5a8</load_address>
         <run_address>0x2000c5a8</run_address>
         <size>0x92</size>
         <input_file_ref idref="fl-c7"/>
      </object_component>
      <object_component id="oc-94e">
         <name>.text:_sl_HandleAsync_DnsGetHostByName</name>
         <load_address>0x2000c63c</load_address>
         <run_address>0x2000c63c</run_address>
         <size>0x90</size>
         <input_file_ref idref="fl-f5"/>
      </object_component>
      <object_component id="oc-8d7">
         <name>.text:_sl_HandleAsync_PingResponse</name>
         <load_address>0x2000c6cc</load_address>
         <run_address>0x2000c6cc</run_address>
         <size>0x90</size>
         <input_file_ref idref="fl-f5"/>
      </object_component>
      <object_component id="oc-369">
         <name>.text:sl_WlanPolicySet</name>
         <load_address>0x2000c75c</load_address>
         <run_address>0x2000c75c</run_address>
         <size>0x90</size>
         <input_file_ref idref="fl-f9"/>
      </object_component>
      <object_component id="oc-8de">
         <name>.text:SetupDMAReceive</name>
         <load_address>0x2000c7ec</load_address>
         <run_address>0x2000c7ec</run_address>
         <size>0x8c</size>
         <input_file_ref idref="fl-fa"/>
      </object_component>
      <object_component id="oc-826">
         <name>.text:SetupDMASend</name>
         <load_address>0x2000c878</load_address>
         <run_address>0x2000c878</run_address>
         <size>0x8c</size>
         <input_file_ref idref="fl-fa"/>
      </object_component>
      <object_component id="oc-6cf">
         <name>.text:_SlDrvIsTimeoutExpired</name>
         <load_address>0x2000c904</load_address>
         <run_address>0x2000c904</run_address>
         <size>0x8c</size>
         <input_file_ref idref="fl-f4"/>
      </object_component>
      <object_component id="oc-997">
         <name>.text:_sl_HandleAsync_InitComplete</name>
         <load_address>0x2000c990</load_address>
         <run_address>0x2000c990</run_address>
         <size>0x8c</size>
         <input_file_ref idref="fl-f3"/>
      </object_component>
      <object_component id="oc-3b6">
         <name>.text:sl_Socket</name>
         <load_address>0x2000ca1c</load_address>
         <run_address>0x2000ca1c</run_address>
         <size>0x8c</size>
         <input_file_ref idref="fl-f8"/>
      </object_component>
      <object_component id="oc-2a5">
         <name>.text:PinConfigSet</name>
         <load_address>0x2000caa8</load_address>
         <run_address>0x2000caa8</run_address>
         <size>0x88</size>
         <input_file_ref idref="fl-fe"/>
      </object_component>
      <object_component id="oc-483">
         <name>.text:__aeabi_cdcmple</name>
         <load_address>0x2000cb30</load_address>
         <run_address>0x2000cb30</run_address>
         <size>0x86</size>
         <input_file_ref idref="fl-df"/>
      </object_component>
      <object_component id="oc-679">
         <name>.text:__aeabi_cdrcmple</name>
         <load_address>0x2000cbb6</load_address>
         <run_address>0x2000cbb6</run_address>
         <size>0x86</size>
         <input_file_ref idref="fl-df"/>
      </object_component>
      <object_component id="oc-d9">
         <name>.text:I2CMasterInitExpClk</name>
         <load_address>0x2000cc3c</load_address>
         <run_address>0x2000cc3c</run_address>
         <size>0x84</size>
         <input_file_ref idref="fl-fc"/>
      </object_component>
      <object_component id="oc-390">
         <name>.text:sl_WlanRxFilterSet</name>
         <load_address>0x2000ccc0</load_address>
         <run_address>0x2000ccc0</run_address>
         <size>0x84</size>
         <input_file_ref idref="fl-f9"/>
      </object_component>
      <object_component id="oc-976">
         <name>.text:_sl_HandleAsync_Connect</name>
         <load_address>0x2000cd44</load_address>
         <run_address>0x2000cd44</run_address>
         <size>0x80</size>
         <input_file_ref idref="fl-f8"/>
      </object_component>
      <object_component id="oc-8e4">
         <name>.text:spi_Read_CPU</name>
         <load_address>0x2000cdc4</load_address>
         <run_address>0x2000cdc4</run_address>
         <size>0x80</size>
         <input_file_ref idref="fl-fa"/>
      </object_component>
      <object_component id="oc-832">
         <name>.text:spi_Write_CPU</name>
         <load_address>0x2000ce44</load_address>
         <run_address>0x2000ce44</run_address>
         <size>0x80</size>
         <input_file_ref idref="fl-fa"/>
      </object_component>
      <object_component id="oc-17a">
         <name>.text</name>
         <load_address>0x2000cec4</load_address>
         <run_address>0x2000cec4</run_address>
         <size>0x7a</size>
         <input_file_ref idref="fl-c8"/>
      </object_component>
      <object_component id="oc-75">
         <name>.text</name>
         <load_address>0x2000cf3e</load_address>
         <run_address>0x2000cf3e</run_address>
         <size>0x7a</size>
         <input_file_ref idref="fl-cd"/>
      </object_component>
      <object_component id="oc-5a6">
         <name>.text:spi_Close</name>
         <load_address>0x2000cfb8</load_address>
         <run_address>0x2000cfb8</run_address>
         <size>0x78</size>
         <input_file_ref idref="fl-fa"/>
      </object_component>
      <object_component id="oc-14e">
         <name>.text:UARTConfigSetExpClk</name>
         <load_address>0x2000d030</load_address>
         <run_address>0x2000d030</run_address>
         <size>0x76</size>
         <input_file_ref idref="fl-103"/>
      </object_component>
      <object_component id="oc-351">
         <name>.text:_SlNonOsMainLoopTask</name>
         <load_address>0x2000d0a8</load_address>
         <run_address>0x2000d0a8</run_address>
         <size>0x74</size>
         <input_file_ref idref="fl-f7"/>
      </object_component>
      <object_component id="oc-694">
         <name>.text:_mcpy</name>
         <load_address>0x2000d11c</load_address>
         <run_address>0x2000d11c</run_address>
         <size>0x6e</size>
         <input_file_ref idref="fl-dd"/>
      </object_component>
      <object_component id="oc-166">
         <name>.text</name>
         <load_address>0x2000d18a</load_address>
         <run_address>0x2000d18a</run_address>
         <size>0x6e</size>
         <input_file_ref idref="fl-c5"/>
      </object_component>
      <object_component id="oc-9af">
         <name>.text:_SlDrvCmdSend</name>
         <load_address>0x2000d1f8</load_address>
         <run_address>0x2000d1f8</run_address>
         <size>0x6c</size>
         <input_file_ref idref="fl-f4"/>
      </object_component>
      <object_component id="oc-960">
         <name>.text:_sl_NetAppSendTokenValue</name>
         <load_address>0x2000d264</load_address>
         <run_address>0x2000d264</run_address>
         <size>0x6c</size>
         <input_file_ref idref="fl-f5"/>
      </object_component>
      <object_component id="oc-12">
         <name>.text:decompress:lzss:__TI_decompress_lzss</name>
         <load_address>0x2000d2d0</load_address>
         <run_address>0x2000d2d0</run_address>
         <size>0x68</size>
         <input_file_ref idref="fl-d0"/>
      </object_component>
      <object_component id="oc-701">
         <name>.text:_SlNonOsSpawn</name>
         <load_address>0x2000d338</load_address>
         <run_address>0x2000d338</run_address>
         <size>0x64</size>
         <input_file_ref idref="fl-f7"/>
      </object_component>
      <object_component id="oc-970">
         <name>.text:_sl_HandleAsync_Accept</name>
         <load_address>0x2000d39c</load_address>
         <run_address>0x2000d39c</run_address>
         <size>0x64</size>
         <input_file_ref idref="fl-f8"/>
      </object_component>
      <object_component id="oc-387">
         <name>.text:sl_NetAppMDNSUnRegisterService</name>
         <load_address>0x2000d400</load_address>
         <run_address>0x2000d400</run_address>
         <size>0x64</size>
         <input_file_ref idref="fl-f5"/>
      </object_component>
      <object_component id="oc-866">
         <name>.text:uDMAChannelAttributeDisable</name>
         <load_address>0x2000d464</load_address>
         <run_address>0x2000d464</run_address>
         <size>0x64</size>
         <input_file_ref idref="fl-104"/>
      </object_component>
      <object_component id="oc-923">
         <name>.text:uDMAChannelAttributeEnable</name>
         <load_address>0x2000d4c8</load_address>
         <run_address>0x2000d4c8</run_address>
         <size>0x64</size>
         <input_file_ref idref="fl-104"/>
      </object_component>
      <object_component id="oc-1c3">
         <name>.text:sl_Close</name>
         <load_address>0x2000d52c</load_address>
         <run_address>0x2000d52c</run_address>
         <size>0x60</size>
         <input_file_ref idref="fl-f8"/>
      </object_component>
      <object_component id="oc-36f">
         <name>.text:sl_WlanProfileDel</name>
         <load_address>0x2000d58c</load_address>
         <run_address>0x2000d58c</run_address>
         <size>0x60</size>
         <input_file_ref idref="fl-f9"/>
      </object_component>
      <object_component id="oc-357">
         <name>.text:sl_WlanSetMode</name>
         <load_address>0x2000d5ec</load_address>
         <run_address>0x2000d5ec</run_address>
         <size>0x60</size>
         <input_file_ref idref="fl-f9"/>
      </object_component>
      <object_component id="oc-6a9">
         <name>.text:frexp</name>
         <load_address>0x2000d64c</load_address>
         <run_address>0x2000d64c</run_address>
         <size>0x5c</size>
         <input_file_ref idref="fl-f1"/>
      </object_component>
      <object_component id="oc-771">
         <name>.text:IntPendClear</name>
         <load_address>0x2000d6a8</load_address>
         <run_address>0x2000d6a8</run_address>
         <size>0x58</size>
         <input_file_ref idref="fl-fd"/>
      </object_component>
      <object_component id="oc-c7">
         <name>.text:PRCMPeripheralReset</name>
         <load_address>0x2000d700</load_address>
         <run_address>0x2000d700</run_address>
         <size>0x58</size>
         <input_file_ref idref="fl-ff"/>
      </object_component>
      <object_component id="oc-4c0">
         <name>.text:_pconv_f</name>
         <load_address>0x2000d758</load_address>
         <run_address>0x2000d758</run_address>
         <size>0x56</size>
         <input_file_ref idref="fl-dd"/>
      </object_component>
      <object_component id="oc-743">
         <name>.text:IntPrioritySet</name>
         <load_address>0x2000d7b0</load_address>
         <run_address>0x2000d7b0</run_address>
         <size>0x54</size>
         <input_file_ref idref="fl-fd"/>
      </object_component>
      <object_component id="oc-58a">
         <name>.text:_SlDrvRxIrqHandler</name>
         <load_address>0x2000d804</load_address>
         <run_address>0x2000d804</run_address>
         <size>0x54</size>
         <input_file_ref idref="fl-f4"/>
      </object_component>
      <object_component id="oc-683">
         <name>.text:__TI_ltoa</name>
         <load_address>0x2000d858</load_address>
         <run_address>0x2000d858</run_address>
         <size>0x54</size>
         <input_file_ref idref="fl-ea"/>
      </object_component>
      <object_component id="oc-97c">
         <name>.text:_sl_HandleAsync_Select</name>
         <load_address>0x2000d8ac</load_address>
         <run_address>0x2000d8ac</run_address>
         <size>0x54</size>
         <input_file_ref idref="fl-f8"/>
      </object_component>
      <object_component id="oc-68e">
         <name>.text:_ecpy</name>
         <load_address>0x2000d900</load_address>
         <run_address>0x2000d900</run_address>
         <size>0x52</size>
         <input_file_ref idref="fl-dd"/>
      </object_component>
      <object_component id="oc-982">
         <name>.text:_sl_HandleAsync_Stop</name>
         <load_address>0x2000d954</load_address>
         <run_address>0x2000d954</run_address>
         <size>0x50</size>
         <input_file_ref idref="fl-f3"/>
      </object_component>
      <object_component id="oc-749">
         <name>.text:SPIIntEnable</name>
         <load_address>0x2000d9a4</load_address>
         <run_address>0x2000d9a4</run_address>
         <size>0x4c</size>
         <input_file_ref idref="fl-100"/>
      </object_component>
      <object_component id="oc-8a1">
         <name>.text:SPIIntNumberGet</name>
         <load_address>0x2000d9f0</load_address>
         <run_address>0x2000d9f0</run_address>
         <size>0x4c</size>
         <input_file_ref idref="fl-100"/>
      </object_component>
      <object_component id="oc-560">
         <name>.text:_SlDrvProtectAsyncRespSetting</name>
         <load_address>0x2000da3c</load_address>
         <run_address>0x2000da3c</run_address>
         <size>0x4c</size>
         <input_file_ref idref="fl-f4"/>
      </object_component>
      <object_component id="oc-617">
         <name>.text:_sl_BuildAddress</name>
         <load_address>0x2000da88</load_address>
         <run_address>0x2000da88</run_address>
         <size>0x4c</size>
         <input_file_ref idref="fl-f8"/>
      </object_component>
      <object_component id="oc-4ae">
         <name>.text:atoi</name>
         <load_address>0x2000dad4</load_address>
         <run_address>0x2000dad4</run_address>
         <size>0x4c</size>
         <input_file_ref idref="fl-ec"/>
      </object_component>
      <object_component id="oc-860">
         <name>.text:uDMAChannelAssign</name>
         <load_address>0x2000db20</load_address>
         <run_address>0x2000db20</run_address>
         <size>0x4c</size>
         <input_file_ref idref="fl-104"/>
      </object_component>
      <object_component id="oc-885">
         <name>.text:SPIIntClear</name>
         <load_address>0x2000db6c</load_address>
         <run_address>0x2000db6c</run_address>
         <size>0x48</size>
         <input_file_ref idref="fl-100"/>
      </object_component>
      <object_component id="oc-5c7">
         <name>.text:_SlDrvBasicCmd</name>
         <load_address>0x2000dbb4</load_address>
         <run_address>0x2000dbb4</run_address>
         <size>0x48</size>
         <input_file_ref idref="fl-f4"/>
      </object_component>
      <object_component id="oc-67e">
         <name>.text</name>
         <load_address>0x2000dbfc</load_address>
         <run_address>0x2000dbfc</run_address>
         <size>0x48</size>
         <input_file_ref idref="fl-e2"/>
      </object_component>
      <object_component id="oc-875">
         <name>.text:SPIDmaMaskGet</name>
         <load_address>0x2000dc44</load_address>
         <run_address>0x2000dc44</run_address>
         <size>0x44</size>
         <input_file_ref idref="fl-100"/>
      </object_component>
      <object_component id="oc-903">
         <name>.text:TimerConfigure</name>
         <load_address>0x2000dc88</load_address>
         <run_address>0x2000dc88</run_address>
         <size>0x44</size>
         <input_file_ref idref="fl-102"/>
      </object_component>
      <object_component id="oc-9a8">
         <name>.text:_SlDrvHandleHttpServerEvents</name>
         <load_address>0x2000dccc</load_address>
         <run_address>0x2000dccc</run_address>
         <size>0x44</size>
         <input_file_ref idref="fl-f4"/>
      </object_component>
      <object_component id="oc-578">
         <name>.text:_SlDrvSyncObjWaitTimeout</name>
         <load_address>0x2000dd10</load_address>
         <run_address>0x2000dd10</run_address>
         <size>0x44</size>
         <input_file_ref idref="fl-f4"/>
      </object_component>
      <object_component id="oc-211">
         <name>.text:__TI_auto_init_nobinit_nopinit:__TI_auto_init_nobinit_nopinit</name>
         <load_address>0x2000dd54</load_address>
         <run_address>0x2000dd54</run_address>
         <size>0x44</size>
         <input_file_ref idref="fl-e5"/>
      </object_component>
      <object_component id="oc-8be">
         <name>.text:cc_SetupTransfer</name>
         <load_address>0x2000dd98</load_address>
         <run_address>0x2000dd98</run_address>
         <size>0x44</size>
         <input_file_ref idref="fl-fa"/>
      </object_component>
      <object_component id="oc-3b0">
         <name>.text:sl_Htonl</name>
         <load_address>0x2000dddc</load_address>
         <run_address>0x2000dddc</run_address>
         <size>0x42</size>
         <input_file_ref idref="fl-f8"/>
      </object_component>
      <object_component id="oc-29f">
         <name>.text:PinModeSet</name>
         <load_address>0x2000de20</load_address>
         <run_address>0x2000de20</run_address>
         <size>0x40</size>
         <input_file_ref idref="fl-fe"/>
      </object_component>
      <object_component id="oc-946">
         <name>.text:_SlDrvHandleNetAppEvents</name>
         <load_address>0x2000de60</load_address>
         <run_address>0x2000de60</run_address>
         <size>0x40</size>
         <input_file_ref idref="fl-f4"/>
      </object_component>
      <object_component id="oc-940">
         <name>.text:_SlDrvHandleWlanEvents</name>
         <load_address>0x2000dea0</load_address>
         <run_address>0x2000dea0</run_address>
         <size>0x40</size>
         <input_file_ref idref="fl-f4"/>
      </object_component>
      <object_component id="oc-30b">
         <name>.text:_sl_TruncatePayloadByProtocol</name>
         <load_address>0x2000dee0</load_address>
         <run_address>0x2000dee0</run_address>
         <size>0x40</size>
         <input_file_ref idref="fl-f8"/>
      </object_component>
      <object_component id="oc-1b7">
         <name>.text:sprintf</name>
         <load_address>0x2000df20</load_address>
         <run_address>0x2000df20</run_address>
         <size>0x40</size>
         <input_file_ref idref="fl-c3"/>
      </object_component>
      <object_component id="oc-2b2">
         <name>.text:vsnprintf</name>
         <load_address>0x2000df60</load_address>
         <run_address>0x2000df60</run_address>
         <size>0x40</size>
         <input_file_ref idref="fl-c4"/>
      </object_component>
      <object_component id="oc-56c">
         <name>.text:NwpRegisterInterruptHandler</name>
         <load_address>0x2000dfa0</load_address>
         <run_address>0x2000dfa0</run_address>
         <size>0x3e</size>
         <input_file_ref idref="fl-fa"/>
      </object_component>
      <object_component id="oc-6a1">
         <name>.text:_fcpy</name>
         <load_address>0x2000dfde</load_address>
         <run_address>0x2000dfde</run_address>
         <size>0x3e</size>
         <input_file_ref idref="fl-dd"/>
      </object_component>
      <object_component id="oc-967">
         <name>.text:CopyPingResultsToReport</name>
         <load_address>0x2000e01c</load_address>
         <run_address>0x2000e01c</run_address>
         <size>0x3c</size>
         <input_file_ref idref="fl-f5"/>
      </object_component>
      <object_component id="oc-c1">
         <name>.text:PRCMPeripheralClkEnable</name>
         <load_address>0x2000e058</load_address>
         <run_address>0x2000e058</run_address>
         <size>0x3c</size>
         <input_file_ref idref="fl-ff"/>
      </object_component>
      <object_component id="oc-8b1">
         <name>.text:simplelink_timerA2_start</name>
         <load_address>0x2000e094</load_address>
         <run_address>0x2000e094</run_address>
         <size>0x3c</size>
         <input_file_ref idref="fl-fa"/>
      </object_component>
      <object_component id="oc-3aa">
         <name>.text:sl_Htons</name>
         <load_address>0x2000e0d0</load_address>
         <run_address>0x2000e0d0</run_address>
         <size>0x3c</size>
         <input_file_ref idref="fl-f8"/>
      </object_component>
      <object_component id="oc-91d">
         <name>.text:uDMAChannelControlSet</name>
         <load_address>0x2000e10c</load_address>
         <run_address>0x2000e10c</run_address>
         <size>0x3c</size>
         <input_file_ref idref="fl-104"/>
      </object_component>
      <object_component id="oc-566">
         <name>.text:NwpPowerOff</name>
         <load_address>0x2000e148</load_address>
         <run_address>0x2000e148</run_address>
         <size>0x38</size>
         <input_file_ref idref="fl-fa"/>
      </object_component>
      <object_component id="oc-18a">
         <name>.text</name>
         <load_address>0x2000e180</load_address>
         <run_address>0x2000e180</run_address>
         <size>0x38</size>
         <input_file_ref idref="fl-c9"/>
      </object_component>
      <object_component id="oc-170">
         <name>.text</name>
         <load_address>0x2000e1b8</load_address>
         <run_address>0x2000e1b8</run_address>
         <size>0x38</size>
         <input_file_ref idref="fl-ca"/>
      </object_component>
      <object_component id="oc-175">
         <name>.text</name>
         <load_address>0x2000e1f0</load_address>
         <run_address>0x2000e1f0</run_address>
         <size>0x38</size>
         <input_file_ref idref="fl-cb"/>
      </object_component>
      <object_component id="oc-375">
         <name>.text:sl_WlanDisconnect</name>
         <load_address>0x2000e228</load_address>
         <run_address>0x2000e228</run_address>
         <size>0x38</size>
         <input_file_ref idref="fl-f9"/>
      </object_component>
      <object_component id="oc-1db">
         <name>.text:GPIODirModeSet</name>
         <load_address>0x2000e260</load_address>
         <run_address>0x2000e260</run_address>
         <size>0x36</size>
         <input_file_ref idref="fl-fb"/>
      </object_component>
      <object_component id="oc-195">
         <name>.text:strncpy</name>
         <load_address>0x2000e296</load_address>
         <run_address>0x2000e296</run_address>
         <size>0x36</size>
         <input_file_ref idref="fl-d7"/>
      </object_component>
      <object_component id="oc-71f">
         <name>.text:PRCMPeripheralStatusGet</name>
         <load_address>0x2000e2cc</load_address>
         <run_address>0x2000e2cc</run_address>
         <size>0x34</size>
         <input_file_ref idref="fl-ff"/>
      </object_component>
      <object_component id="oc-737">
         <name>.text:SPIFIFOLevelSet</name>
         <load_address>0x2000e300</load_address>
         <run_address>0x2000e300</run_address>
         <size>0x34</size>
         <input_file_ref idref="fl-100"/>
      </object_component>
      <object_component id="oc-19b">
         <name>.text:strstr</name>
         <load_address>0x2000e334</load_address>
         <run_address>0x2000e334</run_address>
         <size>0x34</size>
         <input_file_ref idref="fl-d8"/>
      </object_component>
      <object_component id="oc-33b">
         <name>.text:PinTypeGPIO</name>
         <load_address>0x2000e368</load_address>
         <run_address>0x2000e368</run_address>
         <size>0x30</size>
         <input_file_ref idref="fl-fe"/>
      </object_component>
      <object_component id="oc-142">
         <name>.text:UARTDisable</name>
         <load_address>0x2000e398</load_address>
         <run_address>0x2000e398</run_address>
         <size>0x30</size>
         <input_file_ref idref="fl-103"/>
      </object_component>
      <object_component id="oc-459">
         <name>.text:_outs</name>
         <load_address>0x2000e3c8</load_address>
         <run_address>0x2000e3c8</run_address>
         <size>0x30</size>
         <input_file_ref idref="fl-c4"/>
      </object_component>
      <object_component id="oc-689">
         <name>.text</name>
         <load_address>0x2000e3f8</load_address>
         <run_address>0x2000e3f8</run_address>
         <size>0x2e</size>
         <input_file_ref idref="fl-e3"/>
      </object_component>
      <object_component id="oc-bb">
         <name>.text:I2CMasterErr</name>
         <load_address>0x2000e426</load_address>
         <run_address>0x2000e426</run_address>
         <size>0x2c</size>
         <input_file_ref idref="fl-fc"/>
      </object_component>
      <object_component id="oc-572">
         <name>.text:NwpPowerOn</name>
         <load_address>0x2000e454</load_address>
         <run_address>0x2000e454</run_address>
         <size>0x2c</size>
         <input_file_ref idref="fl-fa"/>
      </object_component>
      <object_component id="oc-26d">
         <name>.text:PRCMSysResetCauseGet</name>
         <load_address>0x2000e480</load_address>
         <run_address>0x2000e480</run_address>
         <size>0x2c</size>
         <input_file_ref idref="fl-ff"/>
      </object_component>
      <object_component id="oc-511">
         <name>.text:_SlDrvObjGlobalLockWaitForever</name>
         <load_address>0x2000e4ac</load_address>
         <run_address>0x2000e4ac</run_address>
         <size>0x2c</size>
         <input_file_ref idref="fl-f4"/>
      </object_component>
      <object_component id="oc-5f8">
         <name>.text:_SlDrvProtectionObjLockWaitForever</name>
         <load_address>0x2000e4d8</load_address>
         <run_address>0x2000e4d8</run_address>
         <size>0x2c</size>
         <input_file_ref idref="fl-f4"/>
      </object_component>
      <object_component id="oc-184">
         <name>.text:strncmp</name>
         <load_address>0x2000e504</load_address>
         <run_address>0x2000e504</run_address>
         <size>0x2c</size>
         <input_file_ref idref="fl-d6"/>
      </object_component>
      <object_component id="oc-28e">
         <name>.text:SPIDataGetNonBlocking</name>
         <load_address>0x2000e530</load_address>
         <run_address>0x2000e530</run_address>
         <size>0x2a</size>
         <input_file_ref idref="fl-100"/>
      </object_component>
      <object_component id="oc-90f">
         <name>.text:TimerLoadSet</name>
         <load_address>0x2000e55a</load_address>
         <run_address>0x2000e55a</run_address>
         <size>0x2a</size>
         <input_file_ref idref="fl-102"/>
      </object_component>
      <object_component id="oc-909">
         <name>.text:TimerPrescaleSet</name>
         <load_address>0x2000e584</load_address>
         <run_address>0x2000e584</run_address>
         <size>0x2a</size>
         <input_file_ref idref="fl-102"/>
      </object_component>
      <object_component id="oc-df">
         <name>.text:PRCMPeripheralClkDisable</name>
         <load_address>0x2000e5b0</load_address>
         <run_address>0x2000e5b0</run_address>
         <size>0x28</size>
         <input_file_ref idref="fl-ff"/>
      </object_component>
      <object_component id="oc-288">
         <name>.text:SPIDataPutNonBlocking</name>
         <load_address>0x2000e5d8</load_address>
         <run_address>0x2000e5d8</run_address>
         <size>0x28</size>
         <input_file_ref idref="fl-100"/>
      </object_component>
      <object_component id="oc-517">
         <name>.text:_SlDrvGlobalObjUnLock</name>
         <load_address>0x2000e600</load_address>
         <run_address>0x2000e600</run_address>
         <size>0x28</size>
         <input_file_ref idref="fl-f4"/>
      </object_component>
      <object_component id="oc-5fe">
         <name>.text:_SlDrvProtectionObjUnLock</name>
         <load_address>0x2000e628</load_address>
         <run_address>0x2000e628</run_address>
         <size>0x28</size>
         <input_file_ref idref="fl-f4"/>
      </object_component>
      <object_component id="oc-50b">
         <name>.text:_SlDrvSyncObjWaitForever</name>
         <load_address>0x2000e650</load_address>
         <run_address>0x2000e650</run_address>
         <size>0x28</size>
         <input_file_ref idref="fl-f4"/>
      </object_component>
      <object_component id="oc-2b8">
         <name>.text:memmove</name>
         <load_address>0x2000e678</load_address>
         <run_address>0x2000e678</run_address>
         <size>0x28</size>
         <input_file_ref idref="fl-d2"/>
      </object_component>
      <object_component id="oc-4f9">
         <name>.text:_SlDrvObjLockWaitForever</name>
         <load_address>0x2000e6a0</load_address>
         <run_address>0x2000e6a0</run_address>
         <size>0x26</size>
         <input_file_ref idref="fl-f4"/>
      </object_component>
      <object_component id="oc-755">
         <name>.text:DmaSpiSwIntHandler</name>
         <load_address>0x2000e6c8</load_address>
         <run_address>0x2000e6c8</run_address>
         <size>0x24</size>
         <input_file_ref idref="fl-fa"/>
      </object_component>
      <object_component id="oc-76b">
         <name>.text:IntUnregister</name>
         <load_address>0x2000e6ec</load_address>
         <run_address>0x2000e6ec</run_address>
         <size>0x24</size>
         <input_file_ref idref="fl-fd"/>
      </object_component>
      <object_component id="oc-154">
         <name>.text:UARTEnable</name>
         <load_address>0x2000e710</load_address>
         <run_address>0x2000e710</run_address>
         <size>0x24</size>
         <input_file_ref idref="fl-103"/>
      </object_component>
      <object_component id="oc-4c">
         <name>.text:_c_int00_noargs:_c_int00_noargs</name>
         <load_address>0x2000e734</load_address>
         <run_address>0x2000e734</run_address>
         <size>0x24</size>
         <input_file_ref idref="fl-da"/>
      </object_component>
      <object_component id="oc-e5">
         <name>.text:I2CMasterSlaveAddrSet</name>
         <load_address>0x2000e758</load_address>
         <run_address>0x2000e758</run_address>
         <size>0x22</size>
         <input_file_ref idref="fl-fc"/>
      </object_component>
      <object_component id="oc-1e1">
         <name>.text:SPIReset</name>
         <load_address>0x2000e77a</load_address>
         <run_address>0x2000e77a</run_address>
         <size>0x22</size>
         <input_file_ref idref="fl-100"/>
      </object_component>
      <object_component id="oc-82c">
         <name>.text:SPIWordCountSet</name>
         <load_address>0x2000e79c</load_address>
         <run_address>0x2000e79c</run_address>
         <size>0x22</size>
         <input_file_ref idref="fl-100"/>
      </object_component>
      <object_component id="oc-12a">
         <name>.text:GPIOPinWrite</name>
         <load_address>0x2000e7be</load_address>
         <run_address>0x2000e7be</run_address>
         <size>0x20</size>
         <input_file_ref idref="fl-fb"/>
      </object_component>
      <object_component id="oc-73d">
         <name>.text:IntRegister</name>
         <load_address>0x2000e7e0</load_address>
         <run_address>0x2000e7e0</run_address>
         <size>0x20</size>
         <input_file_ref idref="fl-fd"/>
      </object_component>
      <object_component id="oc-5a0">
         <name>.text:NwpPrePowerOffTimout0</name>
         <load_address>0x2000e800</load_address>
         <run_address>0x2000e800</run_address>
         <size>0x20</size>
         <input_file_ref idref="fl-fa"/>
      </object_component>
      <object_component id="oc-81b">
         <name>.text:TimerGetCurrentTimestamp</name>
         <load_address>0x2000e820</load_address>
         <run_address>0x2000e820</run_address>
         <size>0x20</size>
         <input_file_ref idref="fl-fa"/>
      </object_component>
      <object_component id="oc-505">
         <name>.text:_SlDrvObjUnLock</name>
         <load_address>0x2000e840</load_address>
         <run_address>0x2000e840</run_address>
         <size>0x20</size>
         <input_file_ref idref="fl-f4"/>
      </object_component>
      <object_component id="oc-786">
         <name>.text:_SlDrvSyncObjSignal</name>
         <load_address>0x2000e860</load_address>
         <run_address>0x2000e860</run_address>
         <size>0x20</size>
         <input_file_ref idref="fl-f4"/>
      </object_component>
      <object_component id="oc-b5">
         <name>.text:I2CMasterIntStatusEx</name>
         <load_address>0x2000e880</load_address>
         <run_address>0x2000e880</run_address>
         <size>0x1e</size>
         <input_file_ref idref="fl-fc"/>
      </object_component>
      <object_component id="oc-915">
         <name>.text:TimerEnable</name>
         <load_address>0x2000e89e</load_address>
         <run_address>0x2000e89e</run_address>
         <size>0x1e</size>
         <input_file_ref idref="fl-102"/>
      </object_component>
      <object_component id="oc-2ac">
         <name>.text:UARTCharPut</name>
         <load_address>0x2000e8bc</load_address>
         <run_address>0x2000e8bc</run_address>
         <size>0x1e</size>
         <input_file_ref idref="fl-103"/>
      </object_component>
      <object_component id="oc-725">
         <name>.text:cc_UDMAChannelSelect</name>
         <load_address>0x2000e8da</load_address>
         <run_address>0x2000e8da</run_address>
         <size>0x1e</size>
         <input_file_ref idref="fl-fa"/>
      </object_component>
      <object_component id="oc-130">
         <name>.text:PinTypeI2C</name>
         <load_address>0x2000e8f8</load_address>
         <run_address>0x2000e8f8</run_address>
         <size>0x1c</size>
         <input_file_ref idref="fl-fe"/>
      </object_component>
      <object_component id="oc-8b7">
         <name>.text:TimerValueGet</name>
         <load_address>0x2000e914</load_address>
         <run_address>0x2000e914</run_address>
         <size>0x1c</size>
         <input_file_ref idref="fl-102"/>
      </object_component>
      <object_component id="oc-18f">
         <name>.text:UARTCharGetNonBlocking</name>
         <load_address>0x2000e930</load_address>
         <run_address>0x2000e930</run_address>
         <size>0x1c</size>
         <input_file_ref idref="fl-103"/>
      </object_component>
      <object_component id="oc-6c9">
         <name>.text:_SlDrvStartMeasureTimeout</name>
         <load_address>0x2000e94c</load_address>
         <run_address>0x2000e94c</run_address>
         <size>0x1c</size>
         <input_file_ref idref="fl-f4"/>
      </object_component>
      <object_component id="oc-3a">
         <name>.text:decompress:ZI:__TI_zero_init_nomemset:__TI_zero_init_nomemset</name>
         <load_address>0x2000e968</load_address>
         <run_address>0x2000e968</run_address>
         <size>0x1c</size>
         <input_file_ref idref="fl-ce"/>
      </object_component>
      <object_component id="oc-4d2">
         <name>.text:memccpy</name>
         <load_address>0x2000e984</load_address>
         <run_address>0x2000e984</run_address>
         <size>0x1c</size>
         <input_file_ref idref="fl-ee"/>
      </object_component>
      <object_component id="oc-92f">
         <name>.text:uDMAChannelEnable</name>
         <load_address>0x2000e9a0</load_address>
         <run_address>0x2000e9a0</run_address>
         <size>0x1c</size>
         <input_file_ref idref="fl-104"/>
      </object_component>
      <object_component id="oc-3e7">
         <name>.text:PinTypeSPI</name>
         <load_address>0x2000e9bc</load_address>
         <run_address>0x2000e9bc</run_address>
         <size>0x1a</size>
         <input_file_ref idref="fl-fe"/>
      </object_component>
      <object_component id="oc-13c">
         <name>.text:PinTypeUART</name>
         <load_address>0x2000e9d6</load_address>
         <run_address>0x2000e9d6</run_address>
         <size>0x1a</size>
         <input_file_ref idref="fl-fe"/>
      </object_component>
      <object_component id="oc-7a7">
         <name>.text:SPIDmaDisable</name>
         <load_address>0x2000e9f0</load_address>
         <run_address>0x2000e9f0</run_address>
         <size>0x1a</size>
         <input_file_ref idref="fl-100"/>
      </object_component>
      <object_component id="oc-731">
         <name>.text:SPIDmaEnable</name>
         <load_address>0x2000ea0a</load_address>
         <run_address>0x2000ea0a</run_address>
         <size>0x1a</size>
         <input_file_ref idref="fl-100"/>
      </object_component>
      <object_component id="oc-7a1">
         <name>.text:SPIFIFODisable</name>
         <load_address>0x2000ea24</load_address>
         <run_address>0x2000ea24</run_address>
         <size>0x1a</size>
         <input_file_ref idref="fl-100"/>
      </object_component>
      <object_component id="oc-72b">
         <name>.text:SPIFIFOEnable</name>
         <load_address>0x2000ea3e</load_address>
         <run_address>0x2000ea3e</run_address>
         <size>0x1a</size>
         <input_file_ref idref="fl-100"/>
      </object_component>
      <object_component id="oc-79b">
         <name>.text:SPIIntUnregister</name>
         <load_address>0x2000ea58</load_address>
         <run_address>0x2000ea58</run_address>
         <size>0x1a</size>
         <input_file_ref idref="fl-100"/>
      </object_component>
      <object_component id="oc-d3">
         <name>.text:I2CMasterIntEnableEx</name>
         <load_address>0x2000ea72</load_address>
         <run_address>0x2000ea72</run_address>
         <size>0x18</size>
         <input_file_ref idref="fl-fc"/>
      </object_component>
      <object_component id="oc-713">
         <name>.text:SPICSDisable</name>
         <load_address>0x2000ea8a</load_address>
         <run_address>0x2000ea8a</run_address>
         <size>0x18</size>
         <input_file_ref idref="fl-100"/>
      </object_component>
      <object_component id="oc-294">
         <name>.text:SPICSEnable</name>
         <load_address>0x2000eaa2</load_address>
         <run_address>0x2000eaa2</run_address>
         <size>0x18</size>
         <input_file_ref idref="fl-100"/>
      </object_component>
      <object_component id="oc-719">
         <name>.text:SPIDisable</name>
         <load_address>0x2000eaba</load_address>
         <run_address>0x2000eaba</run_address>
         <size>0x18</size>
         <input_file_ref idref="fl-100"/>
      </object_component>
      <object_component id="oc-1ed">
         <name>.text:SPIEnable</name>
         <load_address>0x2000ead2</load_address>
         <run_address>0x2000ead2</run_address>
         <size>0x18</size>
         <input_file_ref idref="fl-100"/>
      </object_component>
      <object_component id="oc-f7">
         <name>.text:SysTickPeriodSet</name>
         <load_address>0x2000eaec</load_address>
         <run_address>0x2000eaec</run_address>
         <size>0x18</size>
         <input_file_ref idref="fl-101"/>
      </object_component>
      <object_component id="oc-1a1">
         <name>.text:UARTCharsAvail</name>
         <load_address>0x2000eb04</load_address>
         <run_address>0x2000eb04</run_address>
         <size>0x18</size>
         <input_file_ref idref="fl-103"/>
      </object_component>
      <object_component id="oc-6d9">
         <name>.text:_SlNonOsSemSet</name>
         <load_address>0x2000eb1c</load_address>
         <run_address>0x2000eb1c</run_address>
         <size>0x18</size>
         <input_file_ref idref="fl-f7"/>
      </object_component>
      <object_component id="oc-45f">
         <name>.text:_outc</name>
         <load_address>0x2000eb34</load_address>
         <run_address>0x2000eb34</run_address>
         <size>0x18</size>
         <input_file_ref idref="fl-c4"/>
      </object_component>
      <object_component id="oc-2f7">
         <name>.text:_outs</name>
         <load_address>0x2000eb4c</load_address>
         <run_address>0x2000eb4c</run_address>
         <size>0x18</size>
         <input_file_ref idref="fl-c3"/>
      </object_component>
      <object_component id="oc-584">
         <name>.text:_sl_GetStartResponseConvert</name>
         <load_address>0x2000eb64</load_address>
         <run_address>0x2000eb64</run_address>
         <size>0x18</size>
         <input_file_ref idref="fl-f3"/>
      </object_component>
      <object_component id="oc-eb">
         <name>.text:I2CMasterDataPut</name>
         <load_address>0x2000eb7c</load_address>
         <run_address>0x2000eb7c</run_address>
         <size>0x16</size>
         <input_file_ref idref="fl-fc"/>
      </object_component>
      <object_component id="oc-cd">
         <name>.text:I2CMasterEnable</name>
         <load_address>0x2000eb92</load_address>
         <run_address>0x2000eb92</run_address>
         <size>0x16</size>
         <input_file_ref idref="fl-fc"/>
      </object_component>
      <object_component id="oc-a3">
         <name>.text:I2CMasterIntClear</name>
         <load_address>0x2000eba8</load_address>
         <run_address>0x2000eba8</run_address>
         <size>0x16</size>
         <input_file_ref idref="fl-fc"/>
      </object_component>
      <object_component id="oc-273">
         <name>.text:PRCMHIBRegRead</name>
         <load_address>0x2000ebbe</load_address>
         <run_address>0x2000ebbe</run_address>
         <size>0x16</size>
         <input_file_ref idref="fl-ff"/>
      </object_component>
      <object_component id="oc-279">
         <name>.text:PRCMHIBRegWrite</name>
         <load_address>0x2000ebd4</load_address>
         <run_address>0x2000ebd4</run_address>
         <size>0x16</size>
         <input_file_ref idref="fl-ff"/>
      </object_component>
      <object_component id="oc-4ee">
         <name>.text:_SlDrvMemZero</name>
         <load_address>0x2000ebea</load_address>
         <run_address>0x2000ebea</run_address>
         <size>0x16</size>
         <input_file_ref idref="fl-f4"/>
      </object_component>
      <object_component id="oc-15a">
         <name>.text:strchr</name>
         <load_address>0x2000ec00</load_address>
         <run_address>0x2000ec00</run_address>
         <size>0x16</size>
         <input_file_ref idref="fl-d3"/>
      </object_component>
      <object_component id="oc-25d">
         <name>.text:CPUcpsie</name>
         <load_address>0x2000ec16</load_address>
         <run_address>0x2000ec16</run_address>
         <size>0x14</size>
         <input_file_ref idref="fl-106"/>
      </object_component>
      <object_component id="oc-1ab">
         <name>.text:strcpy</name>
         <load_address>0x2000ec2a</load_address>
         <run_address>0x2000ec2a</run_address>
         <size>0x14</size>
         <input_file_ref idref="fl-d4"/>
      </object_component>
      <object_component id="oc-1b1">
         <name>.text:strlen</name>
         <load_address>0x2000ec3e</load_address>
         <run_address>0x2000ec3e</run_address>
         <size>0x14</size>
         <input_file_ref idref="fl-d5"/>
      </object_component>
      <object_component id="oc-af">
         <name>.text:I2CMasterControl</name>
         <load_address>0x2000ec52</load_address>
         <run_address>0x2000ec52</run_address>
         <size>0x12</size>
         <input_file_ref idref="fl-fc"/>
      </object_component>
      <object_component id="oc-a9">
         <name>.text:I2CMasterTimeoutSet</name>
         <load_address>0x2000ec64</load_address>
         <run_address>0x2000ec64</run_address>
         <size>0x12</size>
         <input_file_ref idref="fl-fc"/>
      </object_component>
      <object_component id="oc-4d8">
         <name>.text:wcslen</name>
         <load_address>0x2000ec76</load_address>
         <run_address>0x2000ec76</run_address>
         <size>0x12</size>
         <input_file_ref idref="fl-ef"/>
      </object_component>
      <object_component id="oc-103">
         <name>.text:SysTickEnable</name>
         <load_address>0x2000ec88</load_address>
         <run_address>0x2000ec88</run_address>
         <size>0x10</size>
         <input_file_ref idref="fl-101"/>
      </object_component>
      <object_component id="oc-fd">
         <name>.text:SysTickIntDisable</name>
         <load_address>0x2000ec98</load_address>
         <run_address>0x2000ec98</run_address>
         <size>0x10</size>
         <input_file_ref idref="fl-101"/>
      </object_component>
      <object_component id="oc-95a">
         <name>.text:_SlDrvDispatchHttpServerEvents</name>
         <load_address>0x2000eca8</load_address>
         <run_address>0x2000eca8</run_address>
         <size>0x10</size>
         <input_file_ref idref="fl-f4"/>
      </object_component>
      <object_component id="oc-f1">
         <name>.text:I2CMasterDataGet</name>
         <load_address>0x2000ecb8</load_address>
         <run_address>0x2000ecb8</run_address>
         <size>0xe</size>
         <input_file_ref idref="fl-fc"/>
      </object_component>
      <object_component id="oc-305">
         <name>.text:_SlDrvResetCmdExt</name>
         <load_address>0x2000ecc6</load_address>
         <run_address>0x2000ecc6</run_address>
         <size>0xe</size>
         <input_file_ref idref="fl-f4"/>
      </object_component>
      <object_component id="oc-18">
         <name>.text:decompress:none:__TI_decompress_none</name>
         <load_address>0x2000ecd4</load_address>
[...]
         <object_component_ref idref="oc-8d1"/>
      </symbol>
      <symbol id="sm-db1">
         <name>_sl_HandleAsync_DnsGetHostByService</name>
         <value>0x2000b931</value>
         <object_component_ref idref="oc-954"/>
      </symbol>
      <symbol id="sm-db2">
         <name>_sl_NetAppSendTokenValue</name>
         <value>0x2000d265</value>
         <object_component_ref idref="oc-960"/>
      </symbol>
      <symbol id="sm-db3">
         <name>sl_NetAppMDNSRegisterUnregisterService</name>
         <value>0x2000b6a1</value>
         <object_component_ref idref="oc-5dc"/>
      </symbol>
      <symbol id="sm-dd5">
         <name>sl_NetCfgSet</name>
         <value>0x2000c21d</value>
         <object_component_ref idref="oc-37b"/>
      </symbol>
      <symbol id="sm-e1d">
         <name>_SlNonOsSemSet</name>
         <value>0x2000eb1d</value>
         <object_component_ref idref="oc-6d9"/>
      </symbol>
      <symbol id="sm-e1e">
         <name>_SlNonOsSpawn</name>
         <value>0x2000d339</value>
         <object_component_ref idref="oc-701"/>
      </symbol>
      <symbol id="sm-e1f">
         <name>_SlNonOsSemGet</name>
         <value>0x2000bd01</value>
         <object_component_ref idref="oc-4ff"/>
      </symbol>
      <symbol id="sm-e20">
         <name>_SlNonOsMainLoopTask</name>
         <value>0x2000d0a9</value>
         <object_component_ref idref="oc-351"/>
      </symbol>
      <symbol id="sm-e21">
         <name>g__SlNonOsCB</name>
         <value>0x200172c0</value>
         <object_component_ref idref="oc-591"/>
      </symbol>
      <symbol id="sm-f22">
         <name>sl_Recv</name>
         <value>0x2000c045</value>
         <object_component_ref idref="oc-1cf"/>
      </symbol>
      <symbol id="sm-f23">
         <name>sl_Send</name>
         <value>0x2000a979</value>
         <object_component_ref idref="oc-1bd"/>
      </symbol>
      <symbol id="sm-f24">
         <name>_sl_HandleAsync_Connect</name>
         <value>0x2000cd45</value>
         <object_component_ref idref="oc-976"/>
      </symbol>
      <symbol id="sm-f25">
         <name>sl_Htonl</name>
         <value>0x2000dddd</value>
         <object_component_ref idref="oc-3b0"/>
      </symbol>
      <symbol id="sm-f26">
         <name>sl_Htons</name>
         <value>0x2000e0d1</value>
         <object_component_ref idref="oc-3aa"/>
      </symbol>
      <symbol id="sm-f27">
         <name>sl_Connect</name>
         <value>0x20009d71</value>
         <object_component_ref idref="oc-3c2"/>
      </symbol>
      <symbol id="sm-f28">
         <name>sl_Socket</name>
         <value>0x2000ca1d</value>
         <object_component_ref idref="oc-3b6"/>
      </symbol>
      <symbol id="sm-f29">
         <name>_sl_HandleAsync_Select</name>
         <value>0x2000d8ad</value>
         <object_component_ref idref="oc-97c"/>
      </symbol>
      <symbol id="sm-f2a">
         <name>sl_Close</name>
         <value>0x2000d52d</value>
         <object_component_ref idref="oc-1c3"/>
      </symbol>
      <symbol id="sm-f2b">
         <name>_sl_HandleAsync_Accept</name>
         <value>0x2000d39d</value>
         <object_component_ref idref="oc-970"/>
      </symbol>
      <symbol id="sm-f2c">
         <name>sl_SetSockOpt</name>
         <value>0x2000c2b5</value>
         <object_component_ref idref="oc-3bc"/>
      </symbol>
      <symbol id="sm-fe6">
         <name>sl_WlanDisconnect</name>
         <value>0x2000e229</value>
         <object_component_ref idref="oc-375"/>
      </symbol>
      <symbol id="sm-fe7">
         <name>sl_WlanPolicySet</name>
         <value>0x2000c75d</value>
         <object_component_ref idref="oc-369"/>
      </symbol>
      <symbol id="sm-fe8">
         <name>sl_WlanProfileDel</name>
         <value>0x2000d58d</value>
         <object_component_ref idref="oc-36f"/>
      </symbol>
      <symbol id="sm-fe9">
         <name>sl_WlanRxFilterSet</name>
         <value>0x2000ccc1</value>
         <object_component_ref idref="oc-390"/>
      </symbol>
      <symbol id="sm-fea">
         <name>sl_WlanConnect</name>
         <value>0x20008815</value>
         <object_component_ref idref="oc-39a"/>
      </symbol>
      <symbol id="sm-feb">
         <name>sl_WlanSet</name>
         <value>0x2000c34d</value>
         <object_component_ref idref="oc-381"/>
      </symbol>
      <symbol id="sm-fec">
         <name>sl_WlanSetMode</name>
         <value>0x2000d5ed</value>
         <object_component_ref idref="oc-357"/>
      </symbol>
      <symbol id="sm-110c">
         <name>g_ucDinDout</name>
         <value>0x200171e8</value>
      </symbol>
      <symbol id="sm-110d">
         <name>g_cDummy</name>
         <value>0x2001727a</value>
      </symbol>
      <symbol id="sm-110e">
         <name>NwpMaskInterrupt</name>
         <value>0x2000ece5</value>
         <object_component_ref idref="oc-75e"/>
      </symbol>
      <symbol id="sm-110f">
         <name>NwpPrePowerOffTimout0</name>
         <value>0x2000e801</value>
         <object_component_ref idref="oc-5a0"/>
      </symbol>
      <symbol id="sm-1110">
         <name>NwpRegisterInterruptHandler</name>
         <value>0x2000dfa1</value>
         <object_component_ref idref="oc-56c"/>
      </symbol>
      <symbol id="sm-1111">
         <name>g_pHostIntHdl</name>
         <value>0x20017344</value>
         <object_component_ref idref="oc-74f"/>
      </symbol>
      <symbol id="sm-1112">
         <name>simplelink_timerA2_start</name>
         <value>0x2000e095</value>
         <object_component_ref idref="oc-8b1"/>
      </symbol>
      <symbol id="sm-1113">
         <name>NwpUnMaskInterrupt</name>
         <value>0x2000ecf1</value>
         <object_component_ref idref="oc-778"/>
      </symbol>
      <symbol id="sm-1114">
         <name>NwpPowerOff</name>
         <value>0x2000e149</value>
         <object_component_ref idref="oc-566"/>
      </symbol>
      <symbol id="sm-1115">
         <name>TimerGetCurrentTimestamp</name>
         <value>0x2000e821</value>
         <object_component_ref idref="oc-81b"/>
      </symbol>
      <symbol id="sm-1116">
         <name>spi_Read</name>
         <value>0x2000b205</value>
         <object_component_ref idref="oc-847"/>
      </symbol>
      <symbol id="sm-1117">
         <name>DmaSpiSwIntHandler</name>
         <value>0x2000e6c9</value>
         <object_component_ref idref="oc-755"/>
      </symbol>
      <symbol id="sm-1118">
         <name>NwpPowerOn</name>
         <value>0x2000e455</value>
         <object_component_ref idref="oc-572"/>
      </symbol>
      <symbol id="sm-1119">
         <name>spi_Close</name>
         <value>0x2000cfb9</value>
         <object_component_ref idref="oc-5a6"/>
      </symbol>
      <symbol id="sm-111a">
         <name>spi_Write</name>
         <value>0x2000c3e5</value>
         <object_component_ref idref="oc-6e3"/>
      </symbol>
      <symbol id="sm-111b">
         <name>spi_Open</name>
         <value>0x2000a335</value>
         <object_component_ref idref="oc-55a"/>
      </symbol>
      <symbol id="sm-111c">
         <name>g_ucDMAEnabled</name>
         <value>0x20017348</value>
         <object_component_ref idref="oc-74f"/>
      </symbol>
      <symbol id="sm-111d">
         <name>g_SpiFd</name>
         <value>0x20017340</value>
         <object_component_ref idref="oc-74f"/>
      </symbol>
      <symbol id="sm-1131">
         <name>GPIODirModeSet</name>
         <value>0x2000e261</value>
         <object_component_ref idref="oc-1db"/>
      </symbol>
      <symbol id="sm-1132">
         <name>GPIOPinWrite</name>
         <value>0x2000e7bf</value>
         <object_component_ref idref="oc-12a"/>
      </symbol>
      <symbol id="sm-11ab">
         <name>I2CMasterDataPut</name>
         <value>0x2000eb7d</value>
         <object_component_ref idref="oc-eb"/>
      </symbol>
      <symbol id="sm-11ac">
         <name>I2CMasterInitExpClk</name>
         <value>0x2000cc3d</value>
         <object_component_ref idref="oc-d9"/>
      </symbol>
      <symbol id="sm-11ad">
         <name>I2CMasterSlaveAddrSet</name>
         <value>0x2000e759</value>
         <object_component_ref idref="oc-e5"/>
      </symbol>
      <symbol id="sm-11ae">
         <name>I2CMasterDataGet</name>
         <value>0x2000ecb9</value>
         <object_component_ref idref="oc-f1"/>
      </symbol>
      <symbol id="sm-11af">
         <name>I2CMasterIntEnableEx</name>
         <value>0x2000ea73</value>
         <object_component_ref idref="oc-d3"/>
      </symbol>
      <symbol id="sm-11b0">
         <name>I2CMasterErr</name>
         <value>0x2000e427</value>
         <object_component_ref idref="oc-bb"/>
      </symbol>
      <symbol id="sm-11b1">
         <name>I2CMasterTimeoutSet</name>
         <value>0x2000ec65</value>
         <object_component_ref idref="oc-a9"/>
      </symbol>
      <symbol id="sm-11b2">
         <name>I2CMasterControl</name>
         <value>0x2000ec53</value>
         <object_component_ref idref="oc-af"/>
      </symbol>
      <symbol id="sm-11b3">
         <name>I2CMasterEnable</name>
         <value>0x2000eb93</value>
         <object_component_ref idref="oc-cd"/>
      </symbol>
      <symbol id="sm-11b4">
         <name>I2CMasterIntStatusEx</name>
         <value>0x2000e881</value>
         <object_component_ref idref="oc-b5"/>
      </symbol>
      <symbol id="sm-11b5">
         <name>I2CMasterIntClear</name>
         <value>0x2000eba9</value>
         <object_component_ref idref="oc-a3"/>
      </symbol>
      <symbol id="sm-1237">
         <name>IntPendClear</name>
         <value>0x2000d6a9</value>
         <object_component_ref idref="oc-771"/>
      </symbol>
      <symbol id="sm-1238">
         <name>IntPrioritySet</name>
         <value>0x2000d7b1</value>
         <object_component_ref idref="oc-743"/>
      </symbol>
      <symbol id="sm-1239">
         <name>IntEnable</name>
         <value>0x2000be59</value>
         <object_component_ref idref="oc-10f"/>
      </symbol>
      <symbol id="sm-123a">
         <name>IntDisable</name>
         <value>0x2000bdb1</value>
         <object_component_ref idref="oc-765"/>
      </symbol>
      <symbol id="sm-123b">
         <name>IntRegister</name>
         <value>0x2000e7e1</value>
         <object_component_ref idref="oc-73d"/>
      </symbol>
      <symbol id="sm-123c">
         <name>IntUnregister</name>
         <value>0x2000e6ed</value>
         <object_component_ref idref="oc-76b"/>
      </symbol>
      <symbol id="sm-123d">
         <name>IntMasterEnable</name>
         <value>0x2000ed09</value>
         <object_component_ref idref="oc-109"/>
      </symbol>
      <symbol id="sm-1284">
         <name>PinTypeI2C</name>
         <value>0x2000e8f9</value>
         <object_component_ref idref="oc-130"/>
      </symbol>
      <symbol id="sm-1285">
         <name>PinTypeUART</name>
         <value>0x2000e9d7</value>
         <object_component_ref idref="oc-13c"/>
      </symbol>
      <symbol id="sm-1286">
         <name>PinTypeGPIO</name>
         <value>0x2000e369</value>
         <object_component_ref idref="oc-33b"/>
      </symbol>
      <symbol id="sm-1287">
         <name>PinConfigSet</name>
         <value>0x2000caa9</value>
         <object_component_ref idref="oc-2a5"/>
      </symbol>
      <symbol id="sm-1288">
         <name>PinTypeSPI</name>
         <value>0x2000e9bd</value>
         <object_component_ref idref="oc-3e7"/>
      </symbol>
      <symbol id="sm-1289">
         <name>PinModeSet</name>
         <value>0x2000de21</value>
         <object_component_ref idref="oc-29f"/>
      </symbol>
      <symbol id="sm-131c">
         <name>PRCMPeripheralReset</name>
         <value>0x2000d701</value>
         <object_component_ref idref="oc-c7"/>
      </symbol>
      <symbol id="sm-131d">
         <name>PRCMPeripheralClkEnable</name>
         <value>0x2000e059</value>
         <object_component_ref idref="oc-c1"/>
      </symbol>
      <symbol id="sm-131e">
         <name>PRCMPeripheralClockGet</name>
         <value>0x2000c515</value>
         <object_component_ref idref="oc-148"/>
      </symbol>
      <symbol id="sm-131f">
         <name>PRCMCC3200MCUInit</name>
         <value>0x20009efd</value>
         <object_component_ref idref="oc-115"/>
      </symbol>
      <symbol id="sm-1320">
         <name>PRCMHIBRegWrite</name>
         <value>0x2000ebd5</value>
         <object_component_ref idref="oc-279"/>
      </symbol>
      <symbol id="sm-1321">
         <name>PRCMSysResetCauseGet</name>
         <value>0x2000e481</value>
         <object_component_ref idref="oc-26d"/>
      </symbol>
      <symbol id="sm-1322">
         <name>PRCMPeripheralStatusGet</name>
         <value>0x2000e2cd</value>
         <object_component_ref idref="oc-71f"/>
      </symbol>
      <symbol id="sm-1323">
         <name>PRCMPeripheralClkDisable</name>
         <value>0x2000e5b1</value>
         <object_component_ref idref="oc-df"/>
      </symbol>
      <symbol id="sm-1324">
         <name>PRCMHIBRegRead</name>
         <value>0x2000ebbf</value>
         <object_component_ref idref="oc-273"/>
      </symbol>
      <symbol id="sm-13f3">
         <name>SPIFIFODisable</name>
         <value>0x2000ea25</value>
         <object_component_ref idref="oc-7a1"/>
      </symbol>
      <symbol id="sm-13f4">
         <name>SPICSEnable</name>
         <value>0x2000eaa3</value>
         <object_component_ref idref="oc-294"/>
      </symbol>
      <symbol id="sm-13f5">
         <name>SPIDisable</name>
         <value>0x2000eabb</value>
         <object_component_ref idref="oc-719"/>
      </symbol>
      <symbol id="sm-13f6">
         <name>SPIFIFOEnable</name>
         <value>0x2000ea3f</value>
         <object_component_ref idref="oc-72b"/>
      </symbol>
      <symbol id="sm-13f7">
         <name>SPIWordCountSet</name>
         <value>0x2000e79d</value>
         <object_component_ref idref="oc-82c"/>
      </symbol>
      <symbol id="sm-13f8">
         <name>SPIDataGetNonBlocking</name>
         <value>0x2000e531</value>
         <object_component_ref idref="oc-28e"/>
      </symbol>
      <symbol id="sm-13f9">
         <name>SPIEnable</name>
         <value>0x2000ead3</value>
         <object_component_ref idref="oc-1ed"/>
      </symbol>
      <symbol id="sm-13fa">
         <name>SPIDmaEnable</name>
         <value>0x2000ea0b</value>
         <object_component_ref idref="oc-731"/>
      </symbol>
      <symbol id="sm-13fb">
         <name>SPIConfigSetExpClk</name>
         <value>0x2000bfa5</value>
         <object_component_ref idref="oc-1e7"/>
      </symbol>
      <symbol id="sm-13fc">
         <name>SPIIntUnregister</name>
         <value>0x2000ea59</value>
         <object_component_ref idref="oc-79b"/>
      </symbol>
      <symbol id="sm-13fd">
         <name>SPIFIFOLevelSet</name>
         <value>0x2000e301</value>
         <object_component_ref idref="oc-737"/>
      </symbol>
      <symbol id="sm-13fe">
         <name>SPIDmaDisable</name>
         <value>0x2000e9f1</value>
         <object_component_ref idref="oc-7a7"/>
      </symbol>
      <symbol id="sm-13ff">
         <name>SPIReset</name>
         <value>0x2000e77b</value>
         <object_component_ref idref="oc-1e1"/>
      </symbol>
      <symbol id="sm-1400">
         <name>SPIDataPutNonBlocking</name>
         <value>0x2000e5d9</value>
         <object_component_ref idref="oc-288"/>
      </symbol>
      <symbol id="sm-1401">
         <name>SPIIntEnable</name>
         <value>0x2000d9a5</value>
         <object_component_ref idref="oc-749"/>
      </symbol>
      <symbol id="sm-1402">
         <name>SPIIntClear</name>
         <value>0x2000db6d</value>
         <object_component_ref idref="oc-885"/>
      </symbol>
      <symbol id="sm-1403">
         <name>SPICSDisable</name>
         <value>0x2000ea8b</value>
         <object_component_ref idref="oc-713"/>
      </symbol>
      <symbol id="sm-1423">
         <name>SysTickIntDisable</name>
         <value>0x2000ec99</value>
         <object_component_ref idref="oc-fd"/>
      </symbol>
      <symbol id="sm-1424">
         <name>SysTickEnable</name>
         <value>0x2000ec89</value>
         <object_component_ref idref="oc-103"/>
      </symbol>
      <symbol id="sm-1425">
         <name>SysTickPeriodSet</name>
         <value>0x2000eaed</value>
         <object_component_ref idref="oc-f7"/>
      </symbol>
      <symbol id="sm-1458">
         <name>TimerLoadSet</name>
         <value>0x2000e55b</value>
         <object_component_ref idref="oc-90f"/>
      </symbol>
      <symbol id="sm-1459">
         <name>TimerEnable</name>
         <value>0x2000e89f</value>
         <object_component_ref idref="oc-915"/>
      </symbol>
      <symbol id="sm-145a">
         <name>TimerValueGet</name>
         <value>0x2000e915</value>
         <object_component_ref idref="oc-8b7"/>
      </symbol>
      <symbol id="sm-145b">
         <name>TimerPrescaleSet</name>
         <value>0x2000e585</value>
         <object_component_ref idref="oc-909"/>
      </symbol>
      <symbol id="sm-145c">
         <name>TimerConfigure</name>
         <value>0x2000dc89</value>
         <object_component_ref idref="oc-903"/>
      </symbol>
      <symbol id="sm-1498">
         <name>UARTConfigSetExpClk</name>
         <value>0x2000d031</value>
         <object_component_ref idref="oc-14e"/>
      </symbol>
      <symbol id="sm-1499">
         <name>UARTDisable</name>
         <value>0x2000e399</value>
         <object_component_ref idref="oc-142"/>
      </symbol>
      <symbol id="sm-149a">
         <name>UARTCharsAvail</name>
         <value>0x2000eb05</value>
         <object_component_ref idref="oc-1a1"/>
      </symbol>
      <symbol id="sm-149b">
         <name>UARTCharGetNonBlocking</name>
         <value>0x2000e931</value>
         <object_component_ref idref="oc-18f"/>
      </symbol>
      <symbol id="sm-149c">
         <name>UARTCharPut</name>
         <value>0x2000e8bd</value>
         <object_component_ref idref="oc-2ac"/>
      </symbol>
      <symbol id="sm-149d">
         <name>UARTEnable</name>
         <value>0x2000e711</value>
         <object_component_ref idref="oc-154"/>
      </symbol>
      <symbol id="sm-14f4">
         <name>uDMAChannelControlSet</name>
         <value>0x2000e10d</value>
         <object_component_ref idref="oc-91d"/>
      </symbol>
      <symbol id="sm-14f5">
         <name>uDMAChannelAttributeEnable</name>
         <value>0x2000d4c9</value>
         <object_component_ref idref="oc-923"/>
      </symbol>
      <symbol id="sm-14f6">
         <name>uDMAChannelTransferSet</name>
         <value>0x2000b2f5</value>
         <object_component_ref idref="oc-929"/>
      </symbol>
      <symbol id="sm-14f7">
         <name>uDMAChannelAssign</name>
         <value>0x2000db21</value>
         <object_component_ref idref="oc-860"/>
      </symbol>
      <symbol id="sm-14f8">
         <name>uDMAChannelAttributeDisable</name>
         <value>0x2000d465</value>
         <object_component_ref idref="oc-866"/>
      </symbol>
      <symbol id="sm-14f9">
         <name>uDMAChannelEnable</name>
         <value>0x2000e9a1</value>
         <object_component_ref idref="oc-92f"/>
      </symbol>
      <symbol id="sm-14fd">
         <name>UtilsDelay</name>
         <value>0x2000ed25</value>
         <object_component_ref idref="oc-1f3"/>
      </symbol>
      <symbol id="sm-1507">
         <name>CPUcpsie</name>
         <value>0x2000ec17</value>
         <object_component_ref idref="oc-25d"/>
      </symbol>
      <symbol id="sm-1509">
         <name>__TI_static_base__</name>
         <value>0x2000f8b0</value>
      </symbol>
      <symbol id="sm-150c">
         <name>__mpu_init</name>
         <value>0x0</value>
      </symbol>
      <symbol id="sm-150d">
         <name>_system_post_cinit</name>
         <value>0x0</value>
      </symbol>
   </symbol_table>
   <title>Link successful</title>
</link_info>
