******************************************************************************
                  TI ARM Linker PC v20.2.7                     
******************************************************************************
>> Linked Thu Mar  5 23:44:24 2026

OUTPUT FILE NAME:   <Final_project_anti_theft.out>
ENTRY POINT SYMBOL: "_c_int00_noargs"  address: 2000f951


MEMORY CONFIGURATION

         name            origin    length      used     unused   attr    fill
----------------------  --------  ---------  --------  --------  ----  --------
  SRAM_CODE             20004000   00012fff  0000cfec  00006013  RW X
  SRAM_DATA             20017000   00019000  0000089a  00018766  RW X


SEGMENT ALLOCATION MAP

run origin  load origin   length   init length attrs members
----------  ----------- ---------- ----------- ----- -------
20004000    20004000    0000cbf0   0000cbf0    r-x
  20004000    20004000    0000bff4   0000bff4    r-x .text
  2000fff8    2000fff8    00000b78   00000b78    r-- .const
  20010b70    20010b70    00000080   00000080    r-- .cinit
20010c00    20010c00    00000400   00000000    rw-
  20010c00    20010c00    00000400   00000000    rw- .vtable
20017000    20017000    00000384   00000000    rw-
  20017000    20017000    0000027e   00000000    rw- .bss
  20017280    20017280    00000104   00000000    rw- .data
2002fae8    2002fae8    00000518   00000000    rw-
  2002fae8    2002fae8    00000518   00000000    rw- .stack


SECTION ALLOCATION MAP

 output                                  attributes/
section   page    origin      length       input sections
--------  ----  ----------  ----------   ----------------
.init_array 
*          0    20004000    00000000     UNINITIALIZED

.text      0    20004000    0000bff4     
                  20004000    00001e84     main.obj (.text)
                  20005e84    00000ec4     network_utils.obj (.text)
                  20006d48    00000a80     Adafruit_GFX.obj (.text)
                  200077c8    00000a4e     rtsv7M4_T_le_eabi.lib : _printfi.c.obj (.text:__TI_printfi)
                  20008216    00000002     driverlib.a : interrupt.obj (.text:IntDefaultHandler)
                  20008218    00000654     Adafruit_OLED.obj (.text)
                  2000886c    00000590     simplelink.a : driver.obj (.text:_SlDrvMsgRead)
                  20008dfc    00000454     rtsv7M4_T_le_eabi.lib : strtod.c.obj (.text:strtod)
                  20009250    00000398     gpio_if.obj (.text)
                  200095e8    00000298     i2c_if.obj (.text)
                  20009880    00000280     simplelink.a : wlan.obj (.text:sl_WlanConnect)
                  20009b00    00000268     rtsv7M4_T_le_eabi.lib : _printfi.c.obj (.text:_pconv_a)
                  20009d68    00000248     simplelink.a : driver.obj (.text:_SlDrvRxHdrRead)
                  20009fb0    00000218     uart_if.obj (.text)
                  2000a1c8    000001e4     simplelink.a : driver.obj (.text:_SlDrvDataReadOp)
                  2000a3ac    000001d0                  : driver.obj (.text:_SlDrvReleasePoolObj)
                  2000a57c    000001cc     rtsv7M4_T_le_eabi.lib : _printfi.c.obj (.text:_pconv_g)
                  2000a748    000001b6                           : fd_add_t2.asm.obj (.text)
                  2000a8fe    00000002                           : div0.asm.obj (.text)
                  2000a900    000001b4     simplelink.a : driver.obj (.text:_SlDrvDriverCBInit)
                  2000aab4    0000019c                  : driver.obj (.text:_SlDrvMsgWrite)
                  2000ac50    00000190                  : driver.obj (.text:_SlDrvWaitForPoolObj)
                  2000ade0    0000018c                  : socket.obj (.text:sl_Connect)
                  2000af6c    00000178     driverlib.a : prcm.obj (.text:PRCMCC3200MCUInit)
                  2000b0e4    00000170     simplelink.a : driver.obj (.text:_SlFindAndSetActiveObj)
                  2000b254    00000150                  : driver.obj (.text:_SlDrvDataWriteOp)
                  2000b3a4    00000148                  : cc_pal.obj (.text:spi_Open)
                  2000b4ec    00000144                  : driver.obj (.text:_SlDrvMsgReadCmdCtx)
                  2000b630    00000144                  : netapp.obj (.text:sl_NetAppDnsGetHostByName)
                  2000b774    0000013c     rtsv7M4_T_le_eabi.lib : _printfi.c.obj (.text:_pconv_e)
                  2000b8b0    00000136                           : fd_div_t2.asm.obj (.text)
                  2000b9e6    00000002     --HOLE-- [fill = 0]
                  2000b9e8    00000134     simplelink.a : socket.obj (.text:sl_Send)
                  2000bb1c    00000130                  : driver.obj (.text:_SlDrvDriverCBDeinit)
                  2000bc4c    00000120     rtsv7M4_T_le_eabi.lib : _printfi.c.obj (.text:fcvt)
                  2000bd6c    00000104     simplelink.a : netapp.obj (.text:_SlDrvNetAppEventHandler)
                  2000be70    000000fc     rtsv7M4_T_le_eabi.lib : fd_mul_t2.asm.obj (.text)
                  2000bf6c    000000fa                           : fs_add_t2.asm.obj (.text)
                  2000c066    00000002     --HOLE-- [fill = 0]
                  2000c068    000000f0     simplelink.a : device.obj (.text:sl_Stop)
                  2000c158    000000f0                  : cc_pal.obj (.text:spi_Read)
                  2000c248    000000f0     driverlib.a : udma.obj (.text:uDMAChannelTransferSet)
                  2000c338    000000ec     simplelink.a : device.obj (.text:sl_Start)
                  2000c424    000000e8                  : driver.obj (.text:_SlAsyncEventGenericHandler)
                  2000c50c    000000e8                  : driver.obj (.text:_SlDrvMsgReadSpawnCtx)
                  2000c5f4    000000e4                  : netapp.obj (.text:sl_NetAppMDNSRegisterUnregisterService)
                  2000c6d8    000000dc                  : driver.obj (.text:_SlDrvClassifyRxMsg)
                  2000c7b4    000000d0     rtsv7M4_T_le_eabi.lib : s_scalbn.c.obj (.text:scalbn)
                  2000c884    000000cc     simplelink.a : netapp.obj (.text:_sl_HandleAsync_DnsGetHostByService)
                  2000c950    000000cc                  : device.obj (.text:sl_DevGet)
                  2000ca1c    000000c4                  : driver.obj (.text:_SlRemoveFromList)
                  2000cae0    000000c0                  : driver.obj (.text:_SlDrvCmdOp)
                  2000cba0    000000b1     rtsv7M4_T_le_eabi.lib : _printfi.c.obj (.text:_ltostr)
                  2000cc51    00000003     --HOLE-- [fill = 0]
                  2000cc54    000000b0     simplelink.a : nonos.obj (.text:_SlNonOsSemGet)
                  2000cd04    000000a8     driverlib.a : interrupt.obj (.text:IntDisable)
                  2000cdac    000000a8                 : interrupt.obj (.text:IntEnable)
                  2000ce54    000000a4     simplelink.a : driver.obj (.text:_SlDriverHandleError)
                  2000cef8    000000a0     driverlib.a : spi.obj (.text:SPIConfigSetExpClk)
                  2000cf98    000000a0     simplelink.a : socket.obj (.text:sl_Recv)
                  2000d038    0000009c     rtsv7M4_T_le_eabi.lib : memcpy_t2.asm.obj (.text)
                  2000d0d4    0000009a     simplelink.a : device.obj (.text:_SlDrvDeviceEventHandler)
                  2000d16e    00000002     --HOLE-- [fill = 0]
                  2000d170    00000098                  : device.obj (.text:sl_DevSet)
                  2000d208    00000098                  : netcfg.obj (.text:sl_NetCfgSet)
                  2000d2a0    00000098                  : socket.obj (.text:sl_SetSockOpt)
                  2000d338    00000098                  : wlan.obj (.text:sl_WlanSet)
                  2000d3d0    00000098                  : cc_pal.obj (.text:spi_Write)
                  2000d468    00000096     rtsv7M4_T_le_eabi.lib : ull_div_t2.asm.obj (.text)
                  2000d4fe    00000002     --HOLE-- [fill = 0]
                  2000d500    00000094     driverlib.a : prcm.obj (.text:PRCMPeripheralClockGet)
                  2000d594    00000094     pinmux.obj (.text)
                  2000d628    00000092     rtsv7M4_T_le_eabi.lib : fs_div_t2.asm.obj (.text)
                  2000d6ba    00000002     --HOLE-- [fill = 0]
                  2000d6bc    00000090     simplelink.a : netapp.obj (.text:_sl_HandleAsync_DnsGetHostByName)
                  2000d74c    00000090                  : netapp.obj (.text:_sl_HandleAsync_PingResponse)
                  2000d7dc    00000090                  : wlan.obj (.text:sl_WlanPolicySet)
                  2000d86c    0000008c                  : cc_pal.obj (.text:SetupDMAReceive)
                  2000d8f8    0000008c                  : cc_pal.obj (.text:SetupDMASend)
                  2000d984    0000008c                  : driver.obj (.text:_SlDrvIsTimeoutExpired)
                  2000da10    0000008c                  : device.obj (.text:_sl_HandleAsync_InitComplete)
                  2000da9c    0000008c                  : socket.obj (.text:sl_Socket)
                  2000db28    00000088     driverlib.a : pin.obj (.text:PinConfigSet)
                  2000dbb0    00000086     rtsv7M4_T_le_eabi.lib : fd_cmp_t2.asm.obj (.text:__aeabi_cdcmple)
                  2000dc36    00000086                           : fd_cmp_t2.asm.obj (.text:__aeabi_cdrcmple)
                  2000dcbc    00000084     driverlib.a : i2c.obj (.text:I2CMasterInitExpClk)
                  2000dd40    00000084     simplelink.a : wlan.obj (.text:sl_WlanRxFilterSet)
                  2000ddc4    00000082     driverlib.a : gpio.obj (.text:GPIOIntTypeSet)
                  2000de46    00000002     --HOLE-- [fill = 0]
                  2000de48    00000080     simplelink.a : socket.obj (.text:_sl_HandleAsync_Connect)
                  2000dec8    00000080                  : cc_pal.obj (.text:spi_Read_CPU)
                  2000df48    00000080                  : cc_pal.obj (.text:spi_Write_CPU)
                  2000dfc8    0000007a     rtsv7M4_T_le_eabi.lib : fs_mul_t2.asm.obj (.text)
                  2000e042    0000007a                           : memset_t2.asm.obj (.text)
                  2000e0bc    00000078     simplelink.a : cc_pal.obj (.text:spi_Close)
                  2000e134    00000076     driverlib.a : uart.obj (.text:UARTConfigSetExpClk)
                  2000e1aa    00000002     --HOLE-- [fill = 0]
                  2000e1ac    00000074     simplelink.a : nonos.obj (.text:_SlNonOsMainLoopTask)
                  2000e220    0000006e     rtsv7M4_T_le_eabi.lib : _printfi.c.obj (.text:_mcpy)
                  2000e28e    0000006e                           : fd_tos_t2.asm.obj (.text)
                  2000e2fc    0000006c     simplelink.a : driver.obj (.text:_SlDrvCmdSend)
                  2000e368    0000006c                  : netapp.obj (.text:_sl_NetAppSendTokenValue)
                  2000e3d4    00000068     rtsv7M4_T_le_eabi.lib : copy_decompress_lzss.c.obj (.text:decompress:lzss:__TI_decompress_lzss)
                  2000e43c    00000064     simplelink.a : nonos.obj (.text:_SlNonOsSpawn)
                  2000e4a0    00000064                  : socket.obj (.text:_sl_HandleAsync_Accept)
                  2000e504    00000064                  : netapp.obj (.text:sl_NetAppMDNSUnRegisterService)
                  2000e568    00000064     driverlib.a : udma.obj (.text:uDMAChannelAttributeDisable)
                  2000e5cc    00000064                 : udma.obj (.text:uDMAChannelAttributeEnable)
                  2000e630    00000060     simplelink.a : socket.obj (.text:sl_Close)
                  2000e690    00000060                  : wlan.obj (.text:sl_WlanProfileDel)
                  2000e6f0    00000060                  : wlan.obj (.text:sl_WlanSetMode)
                  2000e750    0000005c     rtsv7M4_T_le_eabi.lib : s_frexp.c.obj (.text:frexp)
                  2000e7ac    00000058     driverlib.a : interrupt.obj (.text:IntPendClear)
                  2000e804    00000058                 : prcm.obj (.text:PRCMPeripheralReset)
                  2000e85c    00000056     rtsv7M4_T_le_eabi.lib : _printfi.c.obj (.text:_pconv_f)
                  2000e8b2    00000002     --HOLE-- [fill = 0]
                  2000e8b4    00000054     driverlib.a : interrupt.obj (.text:IntPrioritySet)
                  2000e908    00000054     simplelink.a : driver.obj (.text:_SlDrvRxIrqHandler)
                  2000e95c    00000054     rtsv7M4_T_le_eabi.lib : _ltoa.c.obj (.text:__TI_ltoa)
                  2000e9b0    00000054     simplelink.a : socket.obj (.text:_sl_HandleAsync_Select)
                  2000ea04    00000052     rtsv7M4_T_le_eabi.lib : _printfi.c.obj (.text:_ecpy)
                  2000ea56    00000002     --HOLE-- [fill = 0]
                  2000ea58    00000050     simplelink.a : device.obj (.text:_sl_HandleAsync_Stop)
                  2000eaa8    0000004c     driverlib.a : spi.obj (.text:SPIIntEnable)
                  2000eaf4    0000004c                 : spi.obj (.text:SPIIntNumberGet)
                  2000eb40    0000004c     simplelink.a : driver.obj (.text:_SlDrvProtectAsyncRespSetting)
                  2000eb8c    0000004c                  : socket.obj (.text:_sl_BuildAddress)
                  2000ebd8    0000004c     rtsv7M4_T_le_eabi.lib : atoi.c.obj (.text:atoi)
                  2000ec24    0000004c                           : snprintf.c.obj (.text:snprintf)
                  2000ec70    0000004c     driverlib.a : udma.obj (.text:uDMAChannelAssign)
                  2000ecbc    00000048                 : gpio.obj (.text:GPIOGetIntNumber)
                  2000ed04    00000048                 : spi.obj (.text:SPIIntClear)
                  2000ed4c    00000048     simplelink.a : driver.obj (.text:_SlDrvBasicCmd)
                  2000ed94    00000048     rtsv7M4_T_le_eabi.lib : fd_toi_t2.asm.obj (.text)
                  2000eddc    00000044     driverlib.a : spi.obj (.text:SPIDmaMaskGet)
                  2000ee20    00000044                 : timer.obj (.text:TimerConfigure)
                  2000ee64    00000044     simplelink.a : driver.obj (.text:_SlDrvHandleHttpServerEvents)
                  2000eea8    00000044                  : driver.obj (.text:_SlDrvSyncObjWaitTimeout)
                  2000eeec    00000044     rtsv7M4_T_le_eabi.lib : autoinit.c.obj (.text:__TI_auto_init_nobinit_nopinit:__TI_auto_init_nobinit_nopinit)
                  2000ef30    00000044     simplelink.a : cc_pal.obj (.text:cc_SetupTransfer)
                  2000ef74    00000042                  : socket.obj (.text:sl_Htonl)
                  2000efb6    00000002     --HOLE-- [fill = 0]
                  2000efb8    00000040     driverlib.a : pin.obj (.text:PinModeSet)
                  2000eff8    00000040     simplelink.a : driver.obj (.text:_SlDrvHandleNetAppEvents)
                  2000f038    00000040                  : driver.obj (.text:_SlDrvHandleWlanEvents)
                  2000f078    00000040                  : socket.obj (.text:_sl_TruncatePayloadByProtocol)
                  2000f0b8    00000040     rtsv7M4_T_le_eabi.lib : vsnprintf.c.obj (.text:vsnprintf)
                  2000f0f8    0000003e     simplelink.a : cc_pal.obj (.text:NwpRegisterInterruptHandler)
                  2000f136    0000003e     rtsv7M4_T_le_eabi.lib : _printfi.c.obj (.text:_fcpy)
                  2000f174    0000003c     simplelink.a : netapp.obj (.text:CopyPingResultsToReport)
                  2000f1b0    0000003c     driverlib.a : prcm.obj (.text:PRCMPeripheralClkEnable)
                  2000f1ec    0000003c     simplelink.a : cc_pal.obj (.text:simplelink_timerA2_start)
                  2000f228    0000003c                  : socket.obj (.text:sl_Htons)
                  2000f264    0000003c     driverlib.a : udma.obj (.text:uDMAChannelControlSet)
                  2000f2a0    00000038                 : adc.obj (.text:ADCChannelDisable)
                  2000f2d8    00000038                 : adc.obj (.text:ADCChannelEnable)
                  2000f310    00000038     simplelink.a : cc_pal.obj (.text:NwpPowerOff)
                  2000f348    00000038     rtsv7M4_T_le_eabi.lib : fs_tod_t2.asm.obj (.text)
                  2000f380    00000038                           : fs_toi_t2.asm.obj (.text)
                  2000f3b8    00000038                           : i_tofs_t2.asm.obj (.text)
                  2000f3f0    00000038     simplelink.a : wlan.obj (.text:sl_WlanDisconnect)
                  2000f428    00000036     driverlib.a : gpio.obj (.text:GPIODirModeSet)
                  2000f45e    00000036     rtsv7M4_T_le_eabi.lib : strncpy.c.obj (.text:strncpy)
                  2000f494    00000034     driverlib.a : prcm.obj (.text:PRCMPeripheralStatusGet)
                  2000f4c8    00000034                 : spi.obj (.text:SPIFIFOLevelSet)
                  2000f4fc    00000034     rtsv7M4_T_le_eabi.lib : strstr.c.obj (.text:strstr)
                  2000f530    00000030     driverlib.a : pin.obj (.text:PinTypeGPIO)
                  2000f560    00000030                 : uart.obj (.text:UARTDisable)
                  2000f590    00000030     rtsv7M4_T_le_eabi.lib : snprintf.c.obj (.text:_outs)
                  2000f5c0    00000030                           : vsnprintf.c.obj (.text:_outs)
                  2000f5f0    0000002e                           : i_tofd_t2.asm.obj (.text)
                  2000f61e    0000002c     driverlib.a : i2c.obj (.text:I2CMasterErr)
                  2000f64a    00000002     --HOLE-- [fill = 0]
                  2000f64c    0000002c     simplelink.a : cc_pal.obj (.text:NwpPowerOn)
                  2000f678    0000002c     driverlib.a : prcm.obj (.text:PRCMSysResetCauseGet)
                  2000f6a4    0000002c     simplelink.a : driver.obj (.text:_SlDrvObjGlobalLockWaitForever)
                  2000f6d0    0000002c                  : driver.obj (.text:_SlDrvProtectionObjLockWaitForever)
                  2000f6fc    0000002c     rtsv7M4_T_le_eabi.lib : strncmp.c.obj (.text:strncmp)
                  2000f728    0000002a     driverlib.a : spi.obj (.text:SPIDataGetNonBlocking)
                  2000f752    0000002a                 : timer.obj (.text:TimerLoadSet)
                  2000f77c    0000002a                 : timer.obj (.text:TimerPrescaleSet)
                  2000f7a6    00000002     --HOLE-- [fill = 0]
                  2000f7a8    00000028                 : prcm.obj (.text:PRCMPeripheralClkDisable)
                  2000f7d0    00000028                 : spi.obj (.text:SPIDataPutNonBlocking)
                  2000f7f8    00000028     simplelink.a : driver.obj (.text:_SlDrvGlobalObjUnLock)
                  2000f820    00000028                  : driver.obj (.text:_SlDrvProtectionObjUnLock)
                  2000f848    00000028                  : driver.obj (.text:_SlDrvSyncObjWaitForever)
                  2000f870    00000028     rtsv7M4_T_le_eabi.lib : memmov.c.obj (.text:memmove)
                  2000f898    00000026     simplelink.a : driver.obj (.text:_SlDrvObjLockWaitForever)
                  2000f8be    00000026     provisioning_stub.obj (.text)
                  2000f8e4    00000024     simplelink.a : cc_pal.obj (.text:DmaSpiSwIntHandler)
                  2000f908    00000024     driverlib.a : interrupt.obj (.text:IntUnregister)
                  2000f92c    00000024                 : uart.obj (.text:UARTEnable)
                  2000f950    00000024     rtsv7M4_T_le_eabi.lib : boot_cortex_m.c.obj (.text:_c_int00_noargs:_c_int00_noargs)
                  2000f974    00000022     driverlib.a : i2c.obj (.text:I2CMasterSlaveAddrSet)
                  2000f996    00000022                 : spi.obj (.text:SPIReset)
                  2000f9b8    00000022                 : spi.obj (.text:SPIWordCountSet)
                  2000f9da    00000020                 : gpio.obj (.text:GPIOPinWrite)
                  2000f9fa    00000002     --HOLE-- [fill = 0]
                  2000f9fc    00000020                 : interrupt.obj (.text:IntRegister)
                  2000fa1c    00000020     simplelink.a : cc_pal.obj (.text:NwpPrePowerOffTimout0)
                  2000fa3c    00000020                  : cc_pal.obj (.text:TimerGetCurrentTimestamp)
                  2000fa5c    00000020                  : driver.obj (.text:_SlDrvObjUnLock)
                  2000fa7c    00000020                  : driver.obj (.text:_SlDrvSyncObjSignal)
                  2000fa9c    0000001e     driverlib.a : gpio.obj (.text:GPIOIntRegister)
                  2000faba    0000001e                 : i2c.obj (.text:I2CMasterIntStatusEx)
                  2000fad8    0000001e                 : timer.obj (.text:TimerEnable)
                  2000faf6    0000001e                 : uart.obj (.text:UARTCharPut)
                  2000fb14    0000001e     simplelink.a : cc_pal.obj (.text:cc_UDMAChannelSelect)
                  2000fb32    0000001c     driverlib.a : adc.obj (.text:ADCFIFOLvlGet)
                  2000fb4e    0000001c                 : pin.obj (.text:PinTypeI2C)
                  2000fb6a    00000002     --HOLE-- [fill = 0]
                  2000fb6c    0000001c                 : systick.obj (.text:SysTickIntRegister)
                  2000fb88    0000001c                 : timer.obj (.text:TimerValueGet)
                  2000fba4    0000001c                 : uart.obj (.text:UARTCharGetNonBlocking)
                  2000fbc0    0000001c     simplelink.a : driver.obj (.text:_SlDrvStartMeasureTimeout)
                  2000fbdc    0000001c     rtsv7M4_T_le_eabi.lib : memccpy.c.obj (.text:memccpy)
                  2000fbf8    0000001c     driverlib.a : udma.obj (.text:uDMAChannelEnable)
                  2000fc14    0000001a                 : gpio.obj (.text:GPIOIntEnable)
                  2000fc2e    0000001a                 : pin.obj (.text:PinTypeSPI)
                  2000fc48    0000001a                 : pin.obj (.text:PinTypeUART)
                  2000fc62    0000001a                 : spi.obj (.text:SPIDmaDisable)
                  2000fc7c    0000001a                 : spi.obj (.text:SPIDmaEnable)
                  2000fc96    0000001a                 : spi.obj (.text:SPIFIFODisable)
                  2000fcb0    0000001a                 : spi.obj (.text:SPIFIFOEnable)
                  2000fcca    0000001a                 : spi.obj (.text:SPIIntUnregister)
                  2000fce4    00000018                 : adc.obj (.text:ADCFIFORead)
                  2000fcfc    00000018                 : gpio.obj (.text:GPIOPinRead)
                  2000fd14    00000018                 : spi.obj (.text:SPICSDisable)
                  2000fd2c    00000018                 : spi.obj (.text:SPICSEnable)
                  2000fd44    00000018                 : spi.obj (.text:SPIDisable)
                  2000fd5c    00000018                 : spi.obj (.text:SPIEnable)
                  2000fd74    00000018                 : systick.obj (.text:SysTickPeriodSet)
                  2000fd8c    00000018                 : uart.obj (.text:UARTCharsAvail)
                  2000fda4    00000018     simplelink.a : nonos.obj (.text:_SlNonOsSemSet)
                  2000fdbc    00000018     rtsv7M4_T_le_eabi.lib : snprintf.c.obj (.text:_outc)
                  2000fdd4    00000018                           : vsnprintf.c.obj (.text:_outc)
                  2000fdec    00000018     simplelink.a : device.obj (.text:_sl_GetStartResponseConvert)
                  2000fe04    00000018     rtsv7M4_T_le_eabi.lib : strcmp.c.obj (.text:strcmp)
                  2000fe1c    00000016     driverlib.a : i2c.obj (.text:I2CMasterDataPut)
                  2000fe32    00000016                 : i2c.obj (.text:I2CMasterEnable)
                  2000fe48    00000016                 : i2c.obj (.text:I2CMasterIntClear)
                  2000fe5e    00000016                 : prcm.obj (.text:PRCMHIBRegRead)
                  2000fe74    00000016                 : prcm.obj (.text:PRCMHIBRegWrite)
                  2000fe8a    00000016     simplelink.a : driver.obj (.text:_SlDrvMemZero)
                  2000fea0    00000016     rtsv7M4_T_le_eabi.lib : strchr.c.obj (.text:strchr)
                  2000feb6    00000014     driverlib.a : cpu.obj (.text:CPUcpsie)
                  2000feca    00000014                 : gpio.obj (.text:GPIOIntClear)
                  2000fede    00000002     --HOLE-- [fill = 0]
                  2000fee0    00000014                 : interrupt.obj (.text:IntVTableBaseSet)
                  2000fef4    00000014     rtsv7M4_T_le_eabi.lib : strlen.c.obj (.text:strlen)
                  2000ff08    00000012     driverlib.a : i2c.obj (.text:I2CMasterControl)
                  2000ff1a    00000012                 : i2c.obj (.text:I2CMasterTimeoutSet)
                  2000ff2c    00000012     rtsv7M4_T_le_eabi.lib : wcslen.c.obj (.text:wcslen)
                  2000ff3e    00000002     --HOLE-- [fill = 0]
                  2000ff40    00000010     driverlib.a : systick.obj (.text:SysTickEnable)
                  2000ff50    00000010                 : systick.obj (.text:SysTickIntEnable)
                  2000ff60    00000010     simplelink.a : driver.obj (.text:_SlDrvDispatchHttpServerEvents)
                  2000ff70    0000000e     driverlib.a : i2c.obj (.text:I2CMasterDataGet)
                  2000ff7e    0000000e     simplelink.a : driver.obj (.text:_SlDrvResetCmdExt)
                  2000ff8c    0000000e     rtsv7M4_T_le_eabi.lib : copy_decompress_none.c.obj (.text:decompress:none:__TI_decompress_none)
                  2000ff9a    00000002     --HOLE-- [fill = 0]
                  2000ff9c    0000000c     simplelink.a : cc_pal.obj (.text:NwpMaskInterrupt)
                  2000ffa8    0000000c                  : cc_pal.obj (.text:NwpUnMaskInterrupt)
                  2000ffb4    0000000c     rtsv7M4_T_le_eabi.lib : s_copysign.c.obj (.text:copysign)
                  2000ffc0    0000000c                           : copy_zero_init.c.obj (.text:decompress:ZI:__TI_zero_init)
                  2000ffcc    0000000a     driverlib.a : interrupt.obj (.text:IntMasterEnable)
                  2000ffd6    00000002     --HOLE-- [fill = 0]
                  2000ffd8    00000008     rtsv7M4_T_le_eabi.lib : errno.c.obj (.text:__aeabi_errno_addr)
                  2000ffe0    00000006     driverlib.a : utils.obj (.text:UtilsDelay)
                  2000ffe6    00000006     rtsv7M4_T_le_eabi.lib : atof.c.obj (.text:atof)
                  2000ffec    00000004                           : pre_init.c.obj (.text:_system_pre_init)
                  2000fff0    00000004                           : exit.c.obj (.text:abort:abort)

.const     0    2000fff8    00000b78     
                  2000fff8    000004fb     Adafruit_GFX.obj (.const:.string:font)
                  200104f3    00000101     rtsv7M4_T_le_eabi.lib : ctype.c.obj (.const:.string:_ctypes_)
                  200105f4    00000100     driverlib.a : pin.obj (.const:g_ulPinToPadMap)
                  200106f4    000000d4                 : interrupt.obj (.const:g_pulRegs)
                  200107c8    000000c8     rtsv7M4_T_le_eabi.lib : strtod.c.obj (.const:$O1$$)
                  20010890    000000a8     driverlib.a : prcm.obj (.const:PRCM_PeriphRegsList)
                  20010938    0000003c     simplelink.a : driver.obj (.const:OpcodeTranslateTable)
                  20010974    00000038                  : driver.obj (.const:_SlActionLookupTable)
                  200109ac    0000002c     network_utils.obj (.const:$P$T1$2)
                  200109d8    00000024     driverlib.a : spi.obj (.const:g_ppulSPIIntMap)
                  200109fc    00000022     network_utils.obj (.const:.string:$P$T0$1)
                  20010a1e    00000002     --HOLE-- [fill = 0]
                  20010a20    00000020     simplelink.a : driver.obj (.const:RxMsgClassLUT)
                  20010a40    00000018     driverlib.a : interrupt.obj (.const:g_pulDisRegs)
                  20010a58    00000018                 : interrupt.obj (.const:g_pulEnRegs)
                  20010a70    00000018                 : interrupt.obj (.const:g_pulUnpendRegs)
                  20010a88    00000018                 : spi.obj (.const:g_ulSPIDmaMaskMap)
                  20010aa0    00000014     simplelink.a : driver.obj (.const:$P$T0$1)
                  20010ab4    00000014                  : nonos.obj (.const:$P$T0$1)
                  20010ac8    00000014     network_utils.obj (.const:$P$T2$3)
                  20010adc    00000010     simplelink.a : socket.obj (.const:.string:_SlPayloadByProtocolLUT)
                  20010aec    0000000c     network_utils.obj (.const:$P$T4$5)
                  20010af8    0000000c     network_utils.obj (.const:.string:$P$T3$4)
                  20010b04    00000008     simplelink.a : device.obj (.const:StartResponseLUT)
                  20010b0c    00000008                  : driver.obj (.const:g_H2NCnysPattern)
                  20010b14    00000008                  : driver.obj (.const:g_H2NSyncPattern)
                  20010b1c    00000004                  : wlan.obj (.const:$P$T0$1)
                  20010b20    00000004                  : socket.obj (.const:$P$T2$3)
                  20010b24    00000004                  : device.obj (.const:_SlDeviceGetCmdCtrl)
                  20010b28    00000004                  : device.obj (.const:_SlDeviceSetCmdCtrl)
                  20010b2c    00000004                  : netapp.obj (.const:_SlGetHostByNameCtrl)
                  20010b30    00000004                  : netapp.obj (.const:_SlNetAppSendTokenValueCmdCtrl)
                  20010b34    00000004                  : netcfg.obj (.const:_SlNetCfgSetCmdCtrl)
                  20010b38    00000004                  : wlan.obj (.const:_SlPolicySetCmdCtrl)
                  20010b3c    00000004                  : wlan.obj (.const:_SlProfileDelCmdCtrl)
                  20010b40    00000004                  : socket.obj (.const:_SlRecvCmdCtrl)
                  20010b44    00000004                  : netapp.obj (.const:_SlRegisterServiceCtrl)
                  20010b48    00000004                  : wlan.obj (.const:_SlRxFilterSetCmdCtrl)
                  20010b4c    00000004                  : socket.obj (.const:_SlSendCmdCtrl)
                  20010b50    00000004                  : socket.obj (.const:_SlSetSockOptCmdCtrl)
                  20010b54    00000004                  : socket.obj (.const:_SlSockCloseCmdCtrl)
                  20010b58    00000004                  : socket.obj (.const:_SlSockSocketCmdCtrl)
                  20010b5c    00000004                  : device.obj (.const:_SlStopCmdCtrl)
                  20010b60    00000004                  : wlan.obj (.const:_SlWlanCfgSetCmdCtrl)
                  20010b64    00000004                  : wlan.obj (.const:_SlWlanSetModeCmdCtrl)
                  20010b68    00000004                  : driver.obj (.const:httpServer_callbacks)
                  20010b6c    00000004                  : driver.obj (.const:netApp_callbacks)

.cinit     0    20010b70    00000080     
                  20010b70    00000047     (.cinit..data.load) [load image, compression = lzss]
                  20010bb7    00000001     --HOLE-- [fill = 0]
                  20010bb8    0000000c     (__TI_handler_table)
                  20010bc4    00000004     --HOLE-- [fill = 0]
                  20010bc8    00000008     (.cinit..bss.load) [load image, compression = zero_init]
                  20010bd0    00000008     (.cinit..vtable.load) [load image, compression = zero_init]
                  20010bd8    00000018     (__TI_cinit_table)

.vtable    0    20010c00    00000400     UNINITIALIZED
                  20010c00    00000400     main.obj (.vtable)

.bss       0    20017000    0000027e     UNINITIALIZED
                  20017000    00000168     simplelink.a : driver.obj (.bss:g_StatMem)
                  20017168    00000080     main.obj (.bss:buf$1)
                  200171e8    00000050     (.common:g_ucDinDout)
                  20017238    00000024     (.common:g_ucConnectionSSID)
                  2001725c    00000008     (.common:g_app_config)
                  20017264    00000008     (.common:g_ucConnectionBSSID)
                  2001726c    00000004     uart_if.obj (.bss)
                  20017270    00000004     (.common:g_Host)
                  20017274    00000004     (.common:g_port)
                  20017278    00000001     (.common:RxIrqCnt)
                  20017279    00000001     (.common:g_bDeviceRestartIsRequired)
                  2001727a    00000001     (.common:g_cDummy)
                  2001727b    00000001     (.common:g_ucLED1Pin)
                  2001727c    00000001     (.common:g_ucLED2Pin)
                  2001727d    00000001     (.common:g_ucLED3Pin)

.data      0    20017280    00000104     UNINITIALIZED
                  20017280    00000050     main.obj (.data)
                  200172d0    0000003c     simplelink.a : nonos.obj (.data:g__SlNonOsCB)
                  2001730c    00000015     Adafruit_GFX.obj (.data)
                  20017321    00000003     --HOLE--
                  20017324    00000014     gpio_if.obj (.data:ulReg)
                  20017338    0000000d     simplelink.a : driver.obj (.data)
                  20017345    00000003     --HOLE--
                  20017348    0000000c     main.obj (.data:g_fix)
                  20017354    0000000c     gpio_if.obj (.data)
                  20017360    0000000c     network_utils.obj (.data)
                  2001736c    00000009     simplelink.a : cc_pal.obj (.data)
                  20017375    00000003     --HOLE--
                  20017378    00000004     Adafruit_OLED.obj (.data)
                  2001737c    00000004     rtsv7M4_T_le_eabi.lib : errno.c.obj (.data)
                  20017380    00000004     simplelink.a : driver.obj (.data:wlan_callbacks)

.stack     0    2002fae8    00000518     UNINITIALIZED
                  2002fae8    00000004     rtsv7M4_T_le_eabi.lib : boot_cortex_m.c.obj (.stack)
                  2002faec    00000514     --HOLE--

__llvm_prf_cnts 
*          0    20017000    00000000     UNINITIALIZED

MODULE SUMMARY

       Module                       code    ro data   rw data
       ------                       ----    -------   -------
    .\
       main.obj                     7812    0         1244   
       Adafruit_GFX.obj             2688    1275      21     
       Adafruit_OLED.obj            1620    0         4      
       gpio_if.obj                  920     0         35     
       i2c_if.obj                   664     0         0      
       uart_if.obj                  536     0         4      
       pinmux.obj                   148     0         0      
       provisioning_stub.obj        38      0         0      
    +--+----------------------------+-------+---------+---------+
       Total:                       14426   1275      1308   
                                                             
    .\utils\
       network_utils.obj            3780    122       72     
    +--+----------------------------+-------+---------+---------+
       Total:                       3780    122       72     
                                                             
    C:/ti/CC3200SDK_1.5.0/cc3200-sdk/driverlib/ccs/Release/driverlib.a
       prcm.obj                     852     168       0      
       spi.obj                      880     60        0      
       interrupt.obj                608     284       0      
       udma.obj                     604     0         0      
       pin.obj                      328     256       0      
       gpio.obj                     388     0         0      
       i2c.obj                      356     0         0      
       uart.obj                     284     0         0      
       timer.obj                    210     0         0      
       adc.obj                      164     0         0      
       systick.obj                  84      0         0      
       cpu.obj                      20      0         0      
       utils.obj                    6       0         0      
    +--+----------------------------+-------+---------+---------+
       Total:                       4784    768       0      
                                                             
    C:/ti/CC3200SDK_1.5.0/cc3200-sdk/simplelink/ccs/NON_OS/simplelink.a
       driver.obj                   7906    192       379    
       cc_pal.obj                   1820    0         90     
       socket.obj                   1830    40        0      
       netapp.obj                   1572    12        0      
       wlan.obj                     1316    24        0      
       device.obj                   1230    20        0      
       nonos.obj                    416     20        60     
       netcfg.obj                   152     4         0      
    +--+----------------------------+-------+---------+---------+
       Total:                       16242   312       529    
                                                             
    C:\ti\ccs1250\ccs\tools\compiler\ti-cgt-arm_20.2.7.LTS\lib\rtsv7M4_T_le_eabi.lib
       _printfi.c.obj               4835    0         0      
       strtod.c.obj                 1108    200       0      
       fd_add_t2.asm.obj            438     0         0      
       fd_div_t2.asm.obj            310     0         0      
       fd_cmp_t2.asm.obj            268     0         0      
       ctype.c.obj                  0       257       0      
       fd_mul_t2.asm.obj            252     0         0      
       fs_add_t2.asm.obj            250     0         0      
       s_scalbn.c.obj               208     0         0      
       memcpy_t2.asm.obj            156     0         0      
       ull_div_t2.asm.obj           150     0         0      
       snprintf.c.obj               148     0         0      
       fs_div_t2.asm.obj            146     0         0      
       vsnprintf.c.obj              136     0         0      
       fs_mul_t2.asm.obj            122     0         0      
       memset_t2.asm.obj            122     0         0      
       fd_tos_t2.asm.obj            110     0         0      
       copy_decompress_lzss.c.obj   104     0         0      
       s_frexp.c.obj                92      0         0      
       _ltoa.c.obj                  84      0         0      
       atoi.c.obj                   76      0         0      
       fd_toi_t2.asm.obj            72      0         0      
       autoinit.c.obj               68      0         0      
       fs_tod_t2.asm.obj            56      0         0      
       fs_toi_t2.asm.obj            56      0         0      
       i_tofs_t2.asm.obj            56      0         0      
       strncpy.c.obj                54      0         0      
       strstr.c.obj                 52      0         0      
       i_tofd_t2.asm.obj            46      0         0      
       strncmp.c.obj                44      0         0      
       memmov.c.obj                 40      0         0      
       boot_cortex_m.c.obj          36      0         0      
       memccpy.c.obj                28      0         0      
       strcmp.c.obj                 24      0         0      
       strchr.c.obj                 22      0         0      
       strlen.c.obj                 20      0         0      
       wcslen.c.obj                 18      0         0      
       copy_decompress_none.c.obj   14      0         0      
       copy_zero_init.c.obj         12      0         0      
       errno.c.obj                  8       0         4      
       s_copysign.c.obj             12      0         0      
       atof.c.obj                   6       0         0      
       exit.c.obj                   4       0         0      
       pre_init.c.obj               4       0         0      
       div0.asm.obj                 2       0         0      
    +--+----------------------------+-------+---------+---------+
       Total:                       9869    457       4      
                                                             
       Stack:                       0       0         1304   
       Linker Generated:            0       123       0      
    +--+----------------------------+-------+---------+---------+
       Grand Total:                 49101   3057      3217   


LINKER GENERATED COPY TABLES

__TI_cinit_table @ 20010bd8 records: 3, size/record: 8, table size: 24
	.data: load addr=20010b70, load size=00000047 bytes, run addr=20017280, run size=00000104 bytes, compression=lzss
	.bss: load addr=20010bc8, load size=00000008 bytes, run addr=20017000, run size=0000027e bytes, compression=zero_init
	.vtable: load addr=20010bd0, load size=00000008 bytes, run addr=20010c00, run size=00000400 bytes, compression=zero_init


LINKER GENERATED HANDLER TABLE

__TI_handler_table @ 20010bb8 records: 3, size/record: 4, table size: 12
	index: 0, handler: __TI_zero_init
	index: 1, handler: __TI_decompress_lzss
	index: 2, handler: __TI_decompress_none


GLOBAL SYMBOLS: SORTED ALPHABETICALLY BY Name 

address   name                                  
-------   ----                                  
2000f2a1  ADCChannelDisable                     
2000f2d9  ADCChannelEnable                      
2000fb33  ADCFIFOLvlGet                         
2000fce5  ADCFIFORead                           
200083b7  Adafruit_Init                         
2000fff1  C$$EXIT                               
2000feb7  CPUcpsie                              
20009ff1  ClearTerm                             
20008385  Color565                              
2000f8e5  DmaSpiSwIntHandler                    
20009ffb  Error                                 
2000f429  GPIODirModeSet                        
2000fecb  GPIOIntClear                          
2000fc15  GPIOIntEnable                         
2000fa9d  GPIOIntRegister                       
2000ddc5  GPIOIntTypeSet                        
2000fcfd  GPIOPinRead                           
2000f9db  GPIOPinWrite                          
20009511  GPIO_IF_ConfigureNIntEnable           
2000959d  GPIO_IF_Get                           
200094cb  GPIO_IF_GetPortNPin                   
2000928d  GPIO_IF_LedConfigure                  
2000937f  GPIO_IF_LedOff                        
200092cb  GPIO_IF_LedOn                         
20009433  GPIO_IF_LedStatus                     
2000949d  GPIO_IF_LedToggle                     
20009559  GPIO_IF_Set                           
2000a033  GetCmd                                
2000ff09  I2CMasterControl                      
2000ff71  I2CMasterDataGet                      
2000fe1d  I2CMasterDataPut                      
2000fe33  I2CMasterEnable                       
2000f61f  I2CMasterErr                          
2000dcbd  I2CMasterInitExpClk                   
2000fe49  I2CMasterIntClear                     
2000fabb  I2CMasterIntStatusEx                  
2000f975  I2CMasterSlaveAddrSet                 
2000ff1b  I2CMasterTimeoutSet                   
2000986b  I2C_IF_Close                          
20009817  I2C_IF_Open                           
20009715  I2C_IF_Read                           
200097d1  I2C_IF_ReadFrom                       
20009665  I2C_IF_Write                          
20009fb1  InitTerm                              
2000cd05  IntDisable                            
2000cdad  IntEnable                             
2000ffcd  IntMasterEnable                       
2000e7ad  IntPendClear                          
2000e8b5  IntPrioritySet                        
2000f9fd  IntRegister                           
2000f909  IntUnregister                         
2000fee1  IntVTableBaseSet                      
20009fcf  Message                               
2000ff9d  NwpMaskInterrupt                      
2000f311  NwpPowerOff                           
2000f64d  NwpPowerOn                            
2000fa1d  NwpPrePowerOffTimout0                 
2000f0f9  NwpRegisterInterruptHandler           
2000ffa9  NwpUnMaskInterrupt                    
20010938  OpcodeTranslateTable                  
200076f3  Outstr                                
2000af6d  PRCMCC3200MCUInit                     
2000fe5f  PRCMHIBRegRead                        
2000fe75  PRCMHIBRegWrite                       
2000f7a9  PRCMPeripheralClkDisable              
2000f1b1  PRCMPeripheralClkEnable               
2000d501  PRCMPeripheralClockGet                
2000e805  PRCMPeripheralReset                   
2000f495  PRCMPeripheralStatusGet               
2000f679  PRCMSysResetCauseGet                  
2000db29  PinConfigSet                          
2000efb9  PinModeSet                            
2000d595  PinMuxConfig                          
2000f531  PinTypeGPIO                           
2000fb4f  PinTypeI2C                            
2000fc2f  PinTypeSPI                            
2000fc49  PinTypeUART                           
2000a171  Report                                
20017278  RxIrqCnt                              
2000fd15  SPICSDisable                          
2000fd2d  SPICSEnable                           
2000cef9  SPIConfigSetExpClk                    
2000f729  SPIDataGetNonBlocking                 
2000f7d1  SPIDataPutNonBlocking                 
2000fd45  SPIDisable                            
2000fc63  SPIDmaDisable                         
2000fc7d  SPIDmaEnable                          
2000fd5d  SPIEnable                             
2000fc97  SPIFIFODisable                        
2000fcb1  SPIFIFOEnable                         
2000f4c9  SPIFIFOLevelSet                       
2000ed05  SPIIntClear                           
2000eaa9  SPIIntEnable                          
2000fccb  SPIIntUnregister                      
2000f997  SPIReset                              
2000f9b9  SPIWordCountSet                       
20006059  SimpleLinkGeneralEventHandler         
20006035  SimpleLinkHttpServerCallback          
20005f93  SimpleLinkNetAppEventHandler          
20006079  SimpleLinkSockEventHandler            
20005e85  SimpleLinkWlanEventHandler            
2000ff41  SysTickEnable                         
2000ff51  SysTickIntEnable                      
2000fb6d  SysTickIntRegister                    
2000fd75  SysTickPeriodSet                      
2000ee21  TimerConfigure                        
2000fad9  TimerEnable                           
2000fa3d  TimerGetCurrentTimestamp              
2000f753  TimerLoadSet                          
2000f77d  TimerPrescaleSet                      
2000fb89  TimerValueGet                         
2000a0d9  TrimSpace                             
2000fba5  UARTCharGetNonBlocking                
2000faf7  UARTCharPut                           
2000fd8d  UARTCharsAvail                        
2000e135  UARTConfigSetExpClk                   
2000f561  UARTDisable                           
2000f92d  UARTEnable                            
2000ffe1  UtilsDelay                            
20010974  _SlActionLookupTable                  
2000ce55  _SlDriverHandleError                  
2000ed4d  _SlDrvBasicCmd                        
2000cae1  _SlDrvCmdOp                           
2000e2fd  _SlDrvCmdSend                         
2000a1c9  _SlDrvDataReadOp                      
2000b255  _SlDrvDataWriteOp                     
2000d0d5  _SlDrvDeviceEventHandler              
2000ff61  _SlDrvDispatchHttpServerEvents        
2000bb1d  _SlDrvDriverCBDeinit                  
2000a901  _SlDrvDriverCBInit                    
2000f7f9  _SlDrvGlobalObjUnLock                 
2000ee65  _SlDrvHandleHttpServerEvents          
2000eff9  _SlDrvHandleNetAppEvents              
2000f039  _SlDrvHandleWlanEvents                
2000d985  _SlDrvIsTimeoutExpired                
2000fe8b  _SlDrvMemZero                         
2000c50d  _SlDrvMsgReadSpawnCtx                 
2000bd6d  _SlDrvNetAppEventHandler              
2000f899  _SlDrvObjLockWaitForever              
2000fa5d  _SlDrvObjUnLock                       
2000eb41  _SlDrvProtectAsyncRespSetting         
2000f6d1  _SlDrvProtectionObjLockWaitForever    
2000f821  _SlDrvProtectionObjUnLock             
2000a3ad  _SlDrvReleasePoolObj                  
2000ff7f  _SlDrvResetCmdExt                     
2000e909  _SlDrvRxIrqHandler                    
2000fbc1  _SlDrvStartMeasureTimeout             
2000fa7d  _SlDrvSyncObjSignal                   
2000f849  _SlDrvSyncObjWaitForever              
2000eea9  _SlDrvSyncObjWaitTimeout              
2000ac51  _SlDrvWaitForPoolObj                  
20010b30  _SlNetAppSendTokenValueCmdCtrl        
2000e1ad  _SlNonOsMainLoopTask                  
2000cc55  _SlNonOsSemGet                        
2000fda5  _SlNonOsSemSet                        
2000e43d  _SlNonOsSpawn                         
20030000  __STACK_END                           
00000518  __STACK_SIZE                          
20010bd8  __TI_CINIT_Base                       
20010bf0  __TI_CINIT_Limit                      
20010bb8  __TI_Handler_Table_Base               
20010bc4  __TI_Handler_Table_Limit              
2000eeed  __TI_auto_init_nobinit_nopinit        
2000e3d5  __TI_decompress_lzss                  
2000ff8d  __TI_decompress_none                  
2000e95d  __TI_ltoa                             
ffffffff  __TI_pprof_out_hndl                   
200077c9  __TI_printfi                          
ffffffff  __TI_prof_data_size                   
ffffffff  __TI_prof_data_start                  
20010b70  __TI_static_base__                    
2000ffc1  __TI_zero_init                        
2000dbb1  __aeabi_cdcmpeq                       
2000dbb1  __aeabi_cdcmple                       
2000dc37  __aeabi_cdrcmple                      
2000e28f  __aeabi_d2f                           
2000ed95  __aeabi_d2iz                          
2000a753  __aeabi_dadd                          
2000b8b1  __aeabi_ddiv                          
2000be71  __aeabi_dmul                          
2000a749  __aeabi_dsub                          
2000ffd9  __aeabi_errno_addr                    
2000f349  __aeabi_f2d                           
2000f381  __aeabi_f2iz                          
2000bf71  __aeabi_fadd                          
2000d629  __aeabi_fdiv                          
2000dfc9  __aeabi_fmul                          
2000bf6d  __aeabi_fsub                          
2000f5f1  __aeabi_i2d                           
2000f3b9  __aeabi_i2f                           
2000a8ff  __aeabi_idiv0                         
2000a8ff  __aeabi_ldiv0                         
2000e043  __aeabi_memclr                        
2000e043  __aeabi_memclr4                       
2000e043  __aeabi_memclr8                       
2000d039  __aeabi_memcpy                        
2000d039  __aeabi_memcpy4                       
2000d039  __aeabi_memcpy8                       
2000e045  __aeabi_memset                        
2000e045  __aeabi_memset4                       
2000e045  __aeabi_memset8                       
2000d469  __aeabi_uldivmod                      
ffffffff  __binit__                             
ffffffff  __c_args__                            
UNDEFED   __mpu_init                            
2002fae8  __stack                               
20017000  __start___llvm_prf_cnts               
20017000  __stop___llvm_prf_cnts                
2000f951  _c_int00_noargs                       
200104f3  _ctypes_                              
2000e4a1  _sl_HandleAsync_Accept                
2000de49  _sl_HandleAsync_Connect               
2000d6bd  _sl_HandleAsync_DnsGetHostByName      
2000c885  _sl_HandleAsync_DnsGetHostByService   
2000da11  _sl_HandleAsync_InitComplete          
2000d74d  _sl_HandleAsync_PingResponse          
2000e9b1  _sl_HandleAsync_Select                
2000ea59  _sl_HandleAsync_Stop                  
2000e369  _sl_NetAppSendTokenValue              
UNDEFED   _system_post_cinit                    
2000ffed  _system_pre_init                      
2000fff1  abort                                 
2000ffe7  atof                                  
2000ebd9  atoi                                  
ffffffff  binit                                 
20006a21  connectToAccessPoint                  
2000ffb5  copysign                              
2000ffb5  copysignl                             
2001730c  cursor_x                              
20017310  cursor_y                              
200075a7  drawChar                              
20006d49  drawCircle                            
20006e7d  drawCircleHelper                      
20008621  drawFastHLine                         
200086d3  drawFastVLine                         
200070c3  drawLine                              
20008539  drawPixel                             
200071af  drawRect                              
200071fd  drawRoundRect                         
20007365  drawTriangle                          
2001737c  errno                                 
20006f9b  fillCircle                            
20006fd5  fillCircleHelper                      
20008785  fillRect                              
200072eb  fillRoundRect                         
200085a5  fillScreen                            
200073a7  fillTriangle                          
2000e751  frexp                                 
2000e751  frexpl                                
20017270  g_Host                                
20017338  g_SlDeviceStatus                      
2001736c  g_SpiFd                               
200172d0  g__SlNonOsCB                          
2001725c  g_app_config                          
20017279  g_bDeviceRestartIsRequired            
2001727a  g_cDummy                              
2001733c  g_pCB                                 
20017370  g_pHostIntHdl                         
20010c00  g_pfnVectors                          
20017274  g_port                                
20017264  g_ucConnectionBSSID                   
20017238  g_ucConnectionSSID                    
20017374  g_ucDMAEnabled                        
200171e8  g_ucDinDout                           
2001727b  g_ucLED1Pin                           
2001727c  g_ucLED2Pin                           
2001727d  g_ucLED3Pin                           
20017354  g_uiLED1Port                          
20017358  g_uiLED2Port                          
2001735c  g_uiLED3Port                          
20017368  g_ulGatewayIP                         
20017364  g_ulPingPacketsRecv                   
20017360  g_ulStatus                            
200084b9  goTo                                  
200077a7  height                                
2000c7b5  ldexp                                 
2000c7b5  ldexpl                                
20005a69  main                                  
2000fbdd  memccpy                               
2000d039  memcpy                                
2000f871  memmove                               
2000e04b  memset                                
20017340  pPingCallBackFunc                     
2000c7b5  scalbn                                
2000c7b5  scalbnl                               
2000773f  setCursor                             
20007777  setTextColor                          
20007757  setTextSize                           
2000778f  setTextWrap                           
2000f1ed  simplelink_timerA2_start              
2000e631  sl_Close                              
2000ade1  sl_Connect                            
2000c951  sl_DevGet                             
2000d171  sl_DevSet                             
2000ef75  sl_Htonl                              
2000f229  sl_Htons                              
2000b631  sl_NetAppDnsGetHostByName             
2000c5f5  sl_NetAppMDNSRegisterUnregisterService
2000e505  sl_NetAppMDNSUnRegisterService        
2000d209  sl_NetCfgSet                          
2000f8d7  sl_Provisioning_HttpServerEventHdl    
2000f8cb  sl_Provisioning_NetAppEventHdl        
2000f8bf  sl_Provisioning_WlanEventHdl          
2000cf99  sl_Recv                               
2000b9e9  sl_Send                               
2000d2a1  sl_SetSockOpt                         
2000da9d  sl_Socket                             
2000c339  sl_Start                              
2000c069  sl_Stop                               
20009881  sl_WlanConnect                        
2000f3f1  sl_WlanDisconnect                     
2000d7dd  sl_WlanPolicySet                      
2000e691  sl_WlanProfileDel                     
2000dd41  sl_WlanRxFilterSet                    
2000d339  sl_WlanSet                            
2000e6f1  sl_WlanSetMode                        
2000ec25  snprintf                              
2000e0bd  spi_Close                             
2000b3a5  spi_Open                              
2000c159  spi_Read                              
2000d3d1  spi_Write                             
2000fea1  strchr                                
2000fe05  strcmp                                
2000fef5  strlen                                
2000f6fd  strncmp                               
2000f45f  strncpy                               
2000f4fd  strstr                                
20008dfd  strtod                                
20008dfd  strtold                               
2001731c  textbgcolor                           
20017318  textcolor                             
20017314  textsize                              
20006841  tls_connect                           
2000ec71  uDMAChannelAssign                     
2000e569  uDMAChannelAttributeDisable           
2000e5cd  uDMAChannelAttributeEnable            
2000f265  uDMAChannelControlSet                 
2000fbf9  uDMAChannelEnable                     
2000c249  uDMAChannelTransferSet                
2000f0b9  vsnprintf                             
2000ff2d  wcslen                                
200077a3  width                                 
20017320  wrap                                  
20008331  writeCommand                          
2000835b  writeData                             


GLOBAL SYMBOLS: SORTED BY Symbol Address 

address   name                                  
-------   ----                                  
00000518  __STACK_SIZE                          
20005a69  main                                  
20005e85  SimpleLinkWlanEventHandler            
20005f93  SimpleLinkNetAppEventHandler          
20006035  SimpleLinkHttpServerCallback          
20006059  SimpleLinkGeneralEventHandler         
20006079  SimpleLinkSockEventHandler            
20006841  tls_connect                           
20006a21  connectToAccessPoint                  
20006d49  drawCircle                            
20006e7d  drawCircleHelper                      
20006f9b  fillCircle                            
20006fd5  fillCircleHelper                      
200070c3  drawLine                              
200071af  drawRect                              
200071fd  drawRoundRect                         
200072eb  fillRoundRect                         
20007365  drawTriangle                          
200073a7  fillTriangle                          
200075a7  drawChar                              
200076f3  Outstr                                
2000773f  setCursor                             
20007757  setTextSize                           
20007777  setTextColor                          
2000778f  setTextWrap                           
200077a3  width                                 
200077a7  height                                
200077c9  __TI_printfi                          
20008331  writeCommand                          
2000835b  writeData                             
20008385  Color565                              
200083b7  Adafruit_Init                         
200084b9  goTo                                  
20008539  drawPixel                             
200085a5  fillScreen                            
20008621  drawFastHLine                         
200086d3  drawFastVLine                         
20008785  fillRect                              
20008dfd  strtod                                
20008dfd  strtold                               
2000928d  GPIO_IF_LedConfigure                  
200092cb  GPIO_IF_LedOn                         
2000937f  GPIO_IF_LedOff                        
20009433  GPIO_IF_LedStatus                     
2000949d  GPIO_IF_LedToggle                     
200094cb  GPIO_IF_GetPortNPin                   
20009511  GPIO_IF_ConfigureNIntEnable           
20009559  GPIO_IF_Set                           
2000959d  GPIO_IF_Get                           
20009665  I2C_IF_Write                          
20009715  I2C_IF_Read                           
200097d1  I2C_IF_ReadFrom                       
20009817  I2C_IF_Open                           
2000986b  I2C_IF_Close                          
20009881  sl_WlanConnect                        
20009fb1  InitTerm                              
20009fcf  Message                               
20009ff1  ClearTerm                             
20009ffb  Error                                 
2000a033  GetCmd                                
2000a0d9  TrimSpace                             
2000a171  Report                                
2000a1c9  _SlDrvDataReadOp                      
2000a3ad  _SlDrvReleasePoolObj                  
2000a749  __aeabi_dsub                          
2000a753  __aeabi_dadd                          
2000a8ff  __aeabi_idiv0                         
2000a8ff  __aeabi_ldiv0                         
2000a901  _SlDrvDriverCBInit                    
2000ac51  _SlDrvWaitForPoolObj                  
2000ade1  sl_Connect                            
2000af6d  PRCMCC3200MCUInit                     
2000b255  _SlDrvDataWriteOp                     
2000b3a5  spi_Open                              
2000b631  sl_NetAppDnsGetHostByName             
2000b8b1  __aeabi_ddiv                          
2000b9e9  sl_Send                               
2000bb1d  _SlDrvDriverCBDeinit                  
2000bd6d  _SlDrvNetAppEventHandler              
2000be71  __aeabi_dmul                          
2000bf6d  __aeabi_fsub                          
2000bf71  __aeabi_fadd                          
2000c069  sl_Stop                               
2000c159  spi_Read                              
2000c249  uDMAChannelTransferSet                
2000c339  sl_Start                              
2000c50d  _SlDrvMsgReadSpawnCtx                 
2000c5f5  sl_NetAppMDNSRegisterUnregisterService
2000c7b5  ldexp                                 
2000c7b5  ldexpl                                
2000c7b5  scalbn                                
2000c7b5  scalbnl                               
2000c885  _sl_HandleAsync_DnsGetHostByService   
2000c951  sl_DevGet                             
2000cae1  _SlDrvCmdOp                           
2000cc55  _SlNonOsSemGet                        
2000cd05  IntDisable                            
2000cdad  IntEnable                             
2000ce55  _SlDriverHandleError                  
2000cef9  SPIConfigSetExpClk                    
2000cf99  sl_Recv                               
2000d039  __aeabi_memcpy                        
2000d039  __aeabi_memcpy4                       
2000d039  __aeabi_memcpy8                       
2000d039  memcpy                                
2000d0d5  _SlDrvDeviceEventHandler              
2000d171  sl_DevSet                             
2000d209  sl_NetCfgSet                          
2000d2a1  sl_SetSockOpt                         
2000d339  sl_WlanSet                            
2000d3d1  spi_Write                             
2000d469  __aeabi_uldivmod                      
2000d501  PRCMPeripheralClockGet                
2000d595  PinMuxConfig                          
2000d629  __aeabi_fdiv                          
2000d6bd  _sl_HandleAsync_DnsGetHostByName      
2000d74d  _sl_HandleAsync_PingResponse          
2000d7dd  sl_WlanPolicySet                      
2000d985  _SlDrvIsTimeoutExpired                
2000da11  _sl_HandleAsync_InitComplete          
2000da9d  sl_Socket                             
2000db29  PinConfigSet                          
2000dbb1  __aeabi_cdcmpeq                       
2000dbb1  __aeabi_cdcmple                       
2000dc37  __aeabi_cdrcmple                      
2000dcbd  I2CMasterInitExpClk                   
2000dd41  sl_WlanRxFilterSet                    
2000ddc5  GPIOIntTypeSet                        
2000de49  _sl_HandleAsync_Connect               
2000dfc9  __aeabi_fmul                          
2000e043  __aeabi_memclr                        
2000e043  __aeabi_memclr4                       
2000e043  __aeabi_memclr8                       
2000e045  __aeabi_memset                        
2000e045  __aeabi_memset4                       
2000e045  __aeabi_memset8                       
2000e04b  memset                                
2000e0bd  spi_Close                             
2000e135  UARTConfigSetExpClk                   
2000e1ad  _SlNonOsMainLoopTask                  
2000e28f  __aeabi_d2f                           
2000e2fd  _SlDrvCmdSend                         
2000e369  _sl_NetAppSendTokenValue              
2000e3d5  __TI_decompress_lzss                  
2000e43d  _SlNonOsSpawn                         
2000e4a1  _sl_HandleAsync_Accept                
2000e505  sl_NetAppMDNSUnRegisterService        
2000e569  uDMAChannelAttributeDisable           
2000e5cd  uDMAChannelAttributeEnable            
2000e631  sl_Close                              
2000e691  sl_WlanProfileDel                     
2000e6f1  sl_WlanSetMode                        
2000e751  frexp                                 
2000e751  frexpl                                
2000e7ad  IntPendClear                          
2000e805  PRCMPeripheralReset                   
2000e8b5  IntPrioritySet                        
2000e909  _SlDrvRxIrqHandler                    
2000e95d  __TI_ltoa                             
2000e9b1  _sl_HandleAsync_Select                
2000ea59  _sl_HandleAsync_Stop                  
2000eaa9  SPIIntEnable                          
2000eb41  _SlDrvProtectAsyncRespSetting         
2000ebd9  atoi                                  
2000ec25  snprintf                              
2000ec71  uDMAChannelAssign                     
2000ed05  SPIIntClear                           
2000ed4d  _SlDrvBasicCmd                        
2000ed95  __aeabi_d2iz                          
2000ee21  TimerConfigure                        
2000ee65  _SlDrvHandleHttpServerEvents          
2000eea9  _SlDrvSyncObjWaitTimeout              
2000eeed  __TI_auto_init_nobinit_nopinit        
2000ef75  sl_Htonl                              
2000efb9  PinModeSet                            
2000eff9  _SlDrvHandleNetAppEvents              
2000f039  _SlDrvHandleWlanEvents                
2000f0b9  vsnprintf                             
2000f0f9  NwpRegisterInterruptHandler           
2000f1b1  PRCMPeripheralClkEnable               
2000f1ed  simplelink_timerA2_start              
2000f229  sl_Htons                              
2000f265  uDMAChannelControlSet                 
2000f2a1  ADCChannelDisable                     
2000f2d9  ADCChannelEnable                      
2000f311  NwpPowerOff                           
2000f349  __aeabi_f2d                           
2000f381  __aeabi_f2iz                          
2000f3b9  __aeabi_i2f                           
2000f3f1  sl_WlanDisconnect                     
2000f429  GPIODirModeSet                        
2000f45f  strncpy                               
2000f495  PRCMPeripheralStatusGet               
2000f4c9  SPIFIFOLevelSet                       
2000f4fd  strstr                                
2000f531  PinTypeGPIO                           
2000f561  UARTDisable                           
2000f5f1  __aeabi_i2d                           
2000f61f  I2CMasterErr                          
2000f64d  NwpPowerOn                            
2000f679  PRCMSysResetCauseGet                  
2000f6d1  _SlDrvProtectionObjLockWaitForever    
2000f6fd  strncmp                               
2000f729  SPIDataGetNonBlocking                 
2000f753  TimerLoadSet                          
2000f77d  TimerPrescaleSet                      
2000f7a9  PRCMPeripheralClkDisable              
2000f7d1  SPIDataPutNonBlocking                 
2000f7f9  _SlDrvGlobalObjUnLock                 
2000f821  _SlDrvProtectionObjUnLock             
2000f849  _SlDrvSyncObjWaitForever              
2000f871  memmove                               
2000f899  _SlDrvObjLockWaitForever              
2000f8bf  sl_Provisioning_WlanEventHdl          
2000f8cb  sl_Provisioning_NetAppEventHdl        
2000f8d7  sl_Provisioning_HttpServerEventHdl    
2000f8e5  DmaSpiSwIntHandler                    
2000f909  IntUnregister                         
2000f92d  UARTEnable                            
2000f951  _c_int00_noargs                       
2000f975  I2CMasterSlaveAddrSet                 
2000f997  SPIReset                              
2000f9b9  SPIWordCountSet                       
2000f9db  GPIOPinWrite                          
2000f9fd  IntRegister                           
2000fa1d  NwpPrePowerOffTimout0                 
2000fa3d  TimerGetCurrentTimestamp              
2000fa5d  _SlDrvObjUnLock                       
2000fa7d  _SlDrvSyncObjSignal                   
2000fa9d  GPIOIntRegister                       
2000fabb  I2CMasterIntStatusEx                  
2000fad9  TimerEnable                           
2000faf7  UARTCharPut                           
2000fb33  ADCFIFOLvlGet                         
2000fb4f  PinTypeI2C                            
2000fb6d  SysTickIntRegister                    
2000fb89  TimerValueGet                         
2000fba5  UARTCharGetNonBlocking                
2000fbc1  _SlDrvStartMeasureTimeout             
2000fbdd  memccpy                               
2000fbf9  uDMAChannelEnable                     
2000fc15  GPIOIntEnable                         
2000fc2f  PinTypeSPI                            
2000fc49  PinTypeUART                           
2000fc63  SPIDmaDisable                         
2000fc7d  SPIDmaEnable                          
2000fc97  SPIFIFODisable                        
2000fcb1  SPIFIFOEnable                         
2000fccb  SPIIntUnregister                      
2000fce5  ADCFIFORead                           
2000fcfd  GPIOPinRead                           
2000fd15  SPICSDisable                          
2000fd2d  SPICSEnable                           
2000fd45  SPIDisable                            
2000fd5d  SPIEnable                             
2000fd75  SysTickPeriodSet                      
2000fd8d  UARTCharsAvail                        
2000fda5  _SlNonOsSemSet                        
2000fe05  strcmp                                
2000fe1d  I2CMasterDataPut                      
2000fe33  I2CMasterEnable                       
2000fe49  I2CMasterIntClear                     
2000fe5f  PRCMHIBRegRead                        
2000fe75  PRCMHIBRegWrite                       
2000fe8b  _SlDrvMemZero                         
2000fea1  strchr                                
2000feb7  CPUcpsie                              
2000fecb  GPIOIntClear                          
2000fee1  IntVTableBaseSet                      
2000fef5  strlen                                
2000ff09  I2CMasterControl                      
2000ff1b  I2CMasterTimeoutSet                   
2000ff2d  wcslen                                
2000ff41  SysTickEnable                         
2000ff51  SysTickIntEnable                      
2000ff61  _SlDrvDispatchHttpServerEvents        
2000ff71  I2CMasterDataGet                      
2000ff7f  _SlDrvResetCmdExt                     
2000ff8d  __TI_decompress_none                  
2000ff9d  NwpMaskInterrupt                      
2000ffa9  NwpUnMaskInterrupt                    
2000ffb5  copysign                              
2000ffb5  copysignl                             
2000ffc1  __TI_zero_init                        
2000ffcd  IntMasterEnable                       
2000ffd9  __aeabi_errno_addr                    
2000ffe1  UtilsDelay                            
2000ffe7  atof                                  
2000ffed  _system_pre_init                      
2000fff1  C$$EXIT                               
2000fff1  abort                                 
200104f3  _ctypes_                              
20010938  OpcodeTranslateTable                  
20010974  _SlActionLookupTable                  
20010b30  _SlNetAppSendTokenValueCmdCtrl        
20010b70  __TI_static_base__                    
20010bb8  __TI_Handler_Table_Base               
20010bc4  __TI_Handler_Table_Limit              
20010bd8  __TI_CINIT_Base                       
20010bf0  __TI_CINIT_Limit                      
20010c00  g_pfnVectors                          
20017000  __start___llvm_prf_cnts               
20017000  __stop___llvm_prf_cnts                
200171e8  g_ucDinDout                           
20017238  g_ucConnectionSSID                    
2001725c  g_app_config                          
20017264  g_ucConnectionBSSID                   
20017270  g_Host                                
20017274  g_port                                
20017278  RxIrqCnt                              
20017279  g_bDeviceRestartIsRequired            
2001727a  g_cDummy                              
2001727b  g_ucLED1Pin                           
2001727c  g_ucLED2Pin                           
2001727d  g_ucLED3Pin                           
200172d0  g__SlNonOsCB                          
2001730c  cursor_x                              
20017310  cursor_y                              
20017314  textsize                              
20017318  textcolor                             
2001731c  textbgcolor                           
20017320  wrap                                  
20017338  g_SlDeviceStatus                      
2001733c  g_pCB                                 
20017340  pPingCallBackFunc                     
20017354  g_uiLED1Port                          
20017358  g_uiLED2Port                          
2001735c  g_uiLED3Port                          
20017360  g_ulStatus                            
20017364  g_ulPingPacketsRecv                   
20017368  g_ulGatewayIP                         
2001736c  g_SpiFd                               
20017370  g_pHostIntHdl                         
20017374  g_ucDMAEnabled                        
2001737c  errno                                 
2002fae8  __stack                               
20030000  __STACK_END                           
ffffffff  __TI_pprof_out_hndl                   
ffffffff  __TI_prof_data_size                   
ffffffff  __TI_prof_data_start                  
ffffffff  __binit__                             
ffffffff  __c_args__                            
ffffffff  binit                                 
UNDEFED   __mpu_init                            
UNDEFED   _system_post_cinit                    

[345 symbols]
