******************************************************************************
                  TI ARM Linker PC v20.2.7                     
******************************************************************************
>> Linked Sat Feb 28 00:16:48 2026

OUTPUT FILE NAME:   <Final_project_senior.out>
ENTRY POINT SYMBOL: "_c_int00_noargs"  address: 2000e5f9


MEMORY CONFIGURATION

         name            origin    length      used     unused   attr    fill
----------------------  --------  ---------  --------  --------  ----  --------
  SRAM_CODE             20004000   00012fff  0000b85a  000077a5  RW X
  SRAM_DATA             20017000   00019000  0000084e  000187b2  RW X


SEGMENT ALLOCATION MAP

run origin  load origin   length   init length attrs members
----------  ----------- ---------- ----------- ----- -------
20004000    20004000    0000b860   0000b860    r-x
  20004000    20004000    0000ad2e   0000ad2e    r-x .text
  2000ed30    2000ed30    00000ac4   00000ac4    r-- .const
  2000f7f8    2000f7f8    00000068   00000068    r-- .cinit
20017000    20017000    00000338   00000000    rw-
  20017000    20017000    0000025a   00000000    rw- .bss
  2001725c    2001725c    000000cc   00000000    rw- .data
  20017328    20017328    00000010   00000000    rw- .sysmem
2002fae8    2002fae8    00000518   00000000    rw-
  2002fae8    2002fae8    00000518   00000000    rw- .stack


SECTION ALLOCATION MAP

 output                                  attributes/
section   page    origin      length       input sections
--------  ----  ----------  ----------   ----------------
.init_array 
*          0    20004000    00000000     UNINITIALIZED

.text      0    20004000    0000ad2e     
                  20004000    000010c0     main.obj (.text)
                  200050c0    00000ec4     network_utils.obj (.text)
                  20005f84    00000a80     Adafruit_GFX.obj (.text)
                  20006a04    00000a4e     rtsv7M4_T_le_eabi.lib : _printfi.c.obj (.text:__TI_printfi)
                  20007452    00000002     driverlib.a : interrupt.obj (.text:IntDefaultHandler)
                  20007454    00000590     simplelink.a : driver.obj (.text:_SlDrvMsgRead)
                  200079e4    000004a6     Adafruit_OLED.obj (.text)
                  20007e8a    00000002     rtsv7M4_T_le_eabi.lib : _lock.c.obj (.text:_nop)
                  20007e8c    00000398     gpio_if.obj (.text)
                  20008224    000002a0     i2c_if.obj (.text)
                  200084c4    00000280     simplelink.a : wlan.obj (.text:sl_WlanConnect)
                  20008744    0000027c     uart_if.obj (.text)
                  200089c0    00000268     rtsv7M4_T_le_eabi.lib : _printfi.c.obj (.text:_pconv_a)
                  20008c28    00000248     simplelink.a : driver.obj (.text:_SlDrvRxHdrRead)
                  20008e70    000001e4                  : driver.obj (.text:_SlDrvDataReadOp)
                  20009054    000001d0                  : driver.obj (.text:_SlDrvReleasePoolObj)
                  20009224    000001cc     rtsv7M4_T_le_eabi.lib : _printfi.c.obj (.text:_pconv_g)
                  200093f0    000001b6                           : fd_add_t2.asm.obj (.text)
                  200095a6    00000002                           : div0.asm.obj (.text)
                  200095a8    000001b4     simplelink.a : driver.obj (.text:_SlDrvDriverCBInit)
                  2000975c    0000019c                  : driver.obj (.text:_SlDrvMsgWrite)
                  200098f8    00000190                  : driver.obj (.text:_SlDrvWaitForPoolObj)
                  20009a88    0000018c                  : socket.obj (.text:sl_Connect)
                  20009c14    0000017c     pinmux.obj (.text)
                  20009d90    00000178     driverlib.a : prcm.obj (.text:PRCMCC3200MCUInit)
                  20009f08    00000170     simplelink.a : driver.obj (.text:_SlFindAndSetActiveObj)
                  2000a078    00000150                  : driver.obj (.text:_SlDrvDataWriteOp)
                  2000a1c8    00000148                  : cc_pal.obj (.text:spi_Open)
                  2000a310    00000144                  : driver.obj (.text:_SlDrvMsgReadCmdCtx)
                  2000a454    00000144                  : netapp.obj (.text:sl_NetAppDnsGetHostByName)
                  2000a598    0000013c     rtsv7M4_T_le_eabi.lib : _printfi.c.obj (.text:_pconv_e)
                  2000a6d4    00000136                           : fd_div_t2.asm.obj (.text)
                  2000a80a    00000002     --HOLE-- [fill = 0]
                  2000a80c    00000134     simplelink.a : socket.obj (.text:sl_Send)
                  2000a940    00000130                  : driver.obj (.text:_SlDrvDriverCBDeinit)
                  2000aa70    00000120     rtsv7M4_T_le_eabi.lib : _printfi.c.obj (.text:fcvt)
                  2000ab90    00000104     simplelink.a : netapp.obj (.text:_SlDrvNetAppEventHandler)
                  2000ac94    00000100     rtsv7M4_T_le_eabi.lib : memory.c.obj (.text:aligned_alloc)
                  2000ad94    000000fc                           : fd_mul_t2.asm.obj (.text)
                  2000ae90    000000f0     simplelink.a : device.obj (.text:sl_Stop)
                  2000af80    000000f0                  : cc_pal.obj (.text:spi_Read)
                  2000b070    000000f0     driverlib.a : udma.obj (.text:uDMAChannelTransferSet)
                  2000b160    000000ec     simplelink.a : device.obj (.text:sl_Start)
                  2000b24c    000000e8                  : driver.obj (.text:_SlAsyncEventGenericHandler)
                  2000b334    000000e8                  : driver.obj (.text:_SlDrvMsgReadSpawnCtx)
                  2000b41c    000000e4     rtsv7M4_T_le_eabi.lib : memory.c.obj (.text:free)
                  2000b500    000000e4                           : memory.c.obj (.text:realloc)
                  2000b5e4    000000e4     simplelink.a : netapp.obj (.text:sl_NetAppMDNSRegisterUnregisterService)
                  2000b6c8    000000dc                  : driver.obj (.text:_SlDrvClassifyRxMsg)
                  2000b7a4    000000d0     rtsv7M4_T_le_eabi.lib : s_scalbn.c.obj (.text:scalbn)
                  2000b874    000000cc     simplelink.a : netapp.obj (.text:_sl_HandleAsync_DnsGetHostByService)
                  2000b940    000000cc                  : device.obj (.text:sl_DevGet)
                  2000ba0c    000000c4                  : driver.obj (.text:_SlRemoveFromList)
                  2000bad0    000000c0                  : driver.obj (.text:_SlDrvCmdOp)
                  2000bb90    000000b1     rtsv7M4_T_le_eabi.lib : _printfi.c.obj (.text:_ltostr)
                  2000bc41    00000003     --HOLE-- [fill = 0]
                  2000bc44    000000b0     simplelink.a : nonos.obj (.text:_SlNonOsSemGet)
                  2000bcf4    000000a8     driverlib.a : interrupt.obj (.text:IntDisable)
                  2000bd9c    000000a8                 : interrupt.obj (.text:IntEnable)
                  2000be44    000000a4     simplelink.a : driver.obj (.text:_SlDriverHandleError)
                  2000bee8    000000a0     driverlib.a : spi.obj (.text:SPIConfigSetExpClk)
                  2000bf88    000000a0     simplelink.a : socket.obj (.text:sl_Recv)
                  2000c028    0000009c     rtsv7M4_T_le_eabi.lib : memcpy_t2.asm.obj (.text)
                  2000c0c4    0000009a     simplelink.a : device.obj (.text:_SlDrvDeviceEventHandler)
                  2000c15e    00000002     --HOLE-- [fill = 0]
                  2000c160    00000098                  : device.obj (.text:sl_DevSet)
                  2000c1f8    00000098                  : netcfg.obj (.text:sl_NetCfgSet)
                  2000c290    00000098                  : socket.obj (.text:sl_SetSockOpt)
                  2000c328    00000098                  : wlan.obj (.text:sl_WlanSet)
                  2000c3c0    00000098                  : cc_pal.obj (.text:spi_Write)
                  2000c458    00000096     rtsv7M4_T_le_eabi.lib : ull_div_t2.asm.obj (.text)
                  2000c4ee    00000002     --HOLE-- [fill = 0]
                  2000c4f0    00000094     driverlib.a : prcm.obj (.text:PRCMPeripheralClockGet)
                  2000c584    00000090     simplelink.a : netapp.obj (.text:_sl_HandleAsync_DnsGetHostByName)
                  2000c614    00000090                  : netapp.obj (.text:_sl_HandleAsync_PingResponse)
                  2000c6a4    00000090                  : wlan.obj (.text:sl_WlanPolicySet)
                  2000c734    0000008c                  : cc_pal.obj (.text:SetupDMAReceive)
                  2000c7c0    0000008c                  : cc_pal.obj (.text:SetupDMASend)
                  2000c84c    0000008c                  : driver.obj (.text:_SlDrvIsTimeoutExpired)
                  2000c8d8    0000008c                  : device.obj (.text:_sl_HandleAsync_InitComplete)
                  2000c964    0000008c                  : socket.obj (.text:sl_Socket)
                  2000c9f0    00000088     driverlib.a : pin.obj (.text:PinConfigSet)
                  2000ca78    00000086     rtsv7M4_T_le_eabi.lib : fd_cmp_t2.asm.obj (.text:__aeabi_cdcmple)
                  2000cafe    00000086                           : fd_cmp_t2.asm.obj (.text:__aeabi_cdrcmple)
                  2000cb84    00000084     driverlib.a : i2c.obj (.text:I2CMasterInitExpClk)
                  2000cc08    00000084     simplelink.a : wlan.obj (.text:sl_WlanRxFilterSet)
                  2000cc8c    00000082     driverlib.a : gpio.obj (.text:GPIOIntTypeSet)
                  2000cd0e    00000002     --HOLE-- [fill = 0]
                  2000cd10    00000080     simplelink.a : socket.obj (.text:_sl_HandleAsync_Connect)
                  2000cd90    00000080                  : cc_pal.obj (.text:spi_Read_CPU)
                  2000ce10    00000080                  : cc_pal.obj (.text:spi_Write_CPU)
                  2000ce90    0000007a     rtsv7M4_T_le_eabi.lib : memset_t2.asm.obj (.text)
                  2000cf0a    00000002     --HOLE-- [fill = 0]
                  2000cf0c    00000078     simplelink.a : cc_pal.obj (.text:spi_Close)
                  2000cf84    00000076     driverlib.a : uart.obj (.text:UARTConfigSetExpClk)
                  2000cffa    00000002     --HOLE-- [fill = 0]
                  2000cffc    00000074     simplelink.a : nonos.obj (.text:_SlNonOsMainLoopTask)
                  2000d070    00000070     rtsv7M4_T_le_eabi.lib : memory.c.obj (.text:split)
                  2000d0e0    0000006e                           : _printfi.c.obj (.text:_mcpy)
                  2000d14e    00000002     --HOLE-- [fill = 0]
                  2000d150    0000006c     simplelink.a : driver.obj (.text:_SlDrvCmdSend)
                  2000d1bc    0000006c                  : netapp.obj (.text:_sl_NetAppSendTokenValue)
                  2000d228    00000068     rtsv7M4_T_le_eabi.lib : copy_decompress_lzss.c.obj (.text:decompress:lzss:__TI_decompress_lzss)
                  2000d290    00000064     simplelink.a : nonos.obj (.text:_SlNonOsSpawn)
                  2000d2f4    00000064                  : socket.obj (.text:_sl_HandleAsync_Accept)
                  2000d358    00000064                  : netapp.obj (.text:sl_NetAppMDNSUnRegisterService)
                  2000d3bc    00000064     driverlib.a : udma.obj (.text:uDMAChannelAttributeDisable)
                  2000d420    00000064                 : udma.obj (.text:uDMAChannelAttributeEnable)
                  2000d484    00000060     simplelink.a : socket.obj (.text:sl_Close)
                  2000d4e4    00000060                  : wlan.obj (.text:sl_WlanProfileDel)
                  2000d544    00000060                  : wlan.obj (.text:sl_WlanSetMode)
                  2000d5a4    0000005c     rtsv7M4_T_le_eabi.lib : s_frexp.c.obj (.text:frexp)
                  2000d600    00000058     driverlib.a : interrupt.obj (.text:IntPendClear)
                  2000d658    00000058                 : prcm.obj (.text:PRCMPeripheralReset)
                  2000d6b0    00000056     rtsv7M4_T_le_eabi.lib : _printfi.c.obj (.text:_pconv_f)
                  2000d706    00000002     --HOLE-- [fill = 0]
                  2000d708    00000054     driverlib.a : interrupt.obj (.text:IntPrioritySet)
                  2000d75c    00000054     simplelink.a : driver.obj (.text:_SlDrvRxIrqHandler)
                  2000d7b0    00000054     rtsv7M4_T_le_eabi.lib : _ltoa.c.obj (.text:__TI_ltoa)
                  2000d804    00000054     simplelink.a : socket.obj (.text:_sl_HandleAsync_Select)
                  2000d858    00000052     rtsv7M4_T_le_eabi.lib : _printfi.c.obj (.text:_ecpy)
                  2000d8aa    00000002     --HOLE-- [fill = 0]
                  2000d8ac    00000050     simplelink.a : device.obj (.text:_sl_HandleAsync_Stop)
                  2000d8fc    0000004c     driverlib.a : spi.obj (.text:SPIIntEnable)
                  2000d948    0000004c                 : spi.obj (.text:SPIIntNumberGet)
                  2000d994    0000004c     simplelink.a : driver.obj (.text:_SlDrvProtectAsyncRespSetting)
                  2000d9e0    0000004c                  : socket.obj (.text:_sl_BuildAddress)
                  2000da2c    0000004c     rtsv7M4_T_le_eabi.lib : atoi.c.obj (.text:atoi)
                  2000da78    0000004c                           : snprintf.c.obj (.text:snprintf)
                  2000dac4    0000004c     driverlib.a : udma.obj (.text:uDMAChannelAssign)
                  2000db10    00000048                 : gpio.obj (.text:GPIOGetIntNumber)
                  2000db58    00000048                 : spi.obj (.text:SPIIntClear)
                  2000dba0    00000048     simplelink.a : driver.obj (.text:_SlDrvBasicCmd)
                  2000dbe8    00000048     rtsv7M4_T_le_eabi.lib : fd_toi_t2.asm.obj (.text)
                  2000dc30    00000044     driverlib.a : spi.obj (.text:SPIDmaMaskGet)
                  2000dc74    00000044                 : timer.obj (.text:TimerConfigure)
                  2000dcb8    00000044     simplelink.a : driver.obj (.text:_SlDrvHandleHttpServerEvents)
                  2000dcfc    00000044                  : driver.obj (.text:_SlDrvSyncObjWaitTimeout)
                  2000dd40    00000044     rtsv7M4_T_le_eabi.lib : autoinit.c.obj (.text:__TI_auto_init_nobinit_nopinit:__TI_auto_init_nobinit_nopinit)
                  2000dd84    00000044     simplelink.a : cc_pal.obj (.text:cc_SetupTransfer)
                  2000ddc8    00000042                  : socket.obj (.text:sl_Htonl)
                  2000de0a    00000002     --HOLE-- [fill = 0]
                  2000de0c    00000040     driverlib.a : pin.obj (.text:PinModeSet)
                  2000de4c    00000040     simplelink.a : driver.obj (.text:_SlDrvHandleNetAppEvents)
                  2000de8c    00000040                  : driver.obj (.text:_SlDrvHandleWlanEvents)
                  2000decc    00000040                  : socket.obj (.text:_sl_TruncatePayloadByProtocol)
                  2000df0c    00000040     rtsv7M4_T_le_eabi.lib : vsnprintf.c.obj (.text:vsnprintf)
                  2000df4c    0000003e     simplelink.a : cc_pal.obj (.text:NwpRegisterInterruptHandler)
                  2000df8a    0000003e     rtsv7M4_T_le_eabi.lib : _printfi.c.obj (.text:_fcpy)
                  2000dfc8    0000003c     simplelink.a : netapp.obj (.text:CopyPingResultsToReport)
                  2000e004    0000003c     driverlib.a : prcm.obj (.text:PRCMPeripheralClkEnable)
                  2000e040    0000003c     simplelink.a : cc_pal.obj (.text:simplelink_timerA2_start)
                  2000e07c    0000003c                  : socket.obj (.text:sl_Htons)
                  2000e0b8    0000003c     driverlib.a : udma.obj (.text:uDMAChannelControlSet)
                  2000e0f4    00000038     simplelink.a : cc_pal.obj (.text:NwpPowerOff)
                  2000e12c    00000038                  : wlan.obj (.text:sl_WlanDisconnect)
                  2000e164    00000036     driverlib.a : gpio.obj (.text:GPIODirModeSet)
                  2000e19a    00000002     --HOLE-- [fill = 0]
                  2000e19c    00000034                 : prcm.obj (.text:PRCMPeripheralStatusGet)
                  2000e1d0    00000034                 : spi.obj (.text:SPIFIFOLevelSet)
                  2000e204    00000030                 : pin.obj (.text:PinTypeGPIO)
                  2000e234    00000030                 : uart.obj (.text:UARTDisable)
                  2000e264    00000030     rtsv7M4_T_le_eabi.lib : snprintf.c.obj (.text:_outs)
                  2000e294    00000030                           : vsnprintf.c.obj (.text:_outs)
                  2000e2c4    0000002e                           : i_tofd_t2.asm.obj (.text)
                  2000e2f2    0000002c     driverlib.a : i2c.obj (.text:I2CMasterErr)
                  2000e31e    00000002     --HOLE-- [fill = 0]
                  2000e320    0000002c     simplelink.a : cc_pal.obj (.text:NwpPowerOn)
                  2000e34c    0000002c     driverlib.a : prcm.obj (.text:PRCMSysResetCauseGet)
                  2000e378    0000002c     simplelink.a : driver.obj (.text:_SlDrvObjGlobalLockWaitForever)
                  2000e3a4    0000002c                  : driver.obj (.text:_SlDrvProtectionObjLockWaitForever)
                  2000e3d0    0000002c     rtsv7M4_T_le_eabi.lib : strncmp.c.obj (.text:strncmp)
                  2000e3fc    0000002a     driverlib.a : timer.obj (.text:TimerLoadSet)
                  2000e426    0000002a                 : timer.obj (.text:TimerPrescaleSet)
                  2000e450    00000028                 : prcm.obj (.text:PRCMPeripheralClkDisable)
                  2000e478    00000028     simplelink.a : driver.obj (.text:_SlDrvGlobalObjUnLock)
                  2000e4a0    00000028                  : driver.obj (.text:_SlDrvProtectionObjUnLock)
                  2000e4c8    00000028                  : driver.obj (.text:_SlDrvSyncObjWaitForever)
                  2000e4f0    00000028     rtsv7M4_T_le_eabi.lib : memory.c.obj (.text:free_list_insert)
                  2000e518    00000028                           : memmov.c.obj (.text:memmove)
                  2000e540    00000026     simplelink.a : driver.obj (.text:_SlDrvObjLockWaitForever)
                  2000e566    00000026     provisioning_stub.obj (.text)
                  2000e58c    00000024     simplelink.a : cc_pal.obj (.text:DmaSpiSwIntHandler)
                  2000e5b0    00000024     driverlib.a : interrupt.obj (.text:IntUnregister)
                  2000e5d4    00000024                 : uart.obj (.text:UARTEnable)
                  2000e5f8    00000024     rtsv7M4_T_le_eabi.lib : boot_cortex_m.c.obj (.text:_c_int00_noargs:_c_int00_noargs)
                  2000e61c    00000022     driverlib.a : gpio.obj (.text:GPIOIntStatus)
                  2000e63e    00000022                 : i2c.obj (.text:I2CMasterSlaveAddrSet)
                  2000e660    00000022                 : spi.obj (.text:SPIReset)
                  2000e682    00000022                 : spi.obj (.text:SPIWordCountSet)
                  2000e6a4    00000020                 : gpio.obj (.text:GPIOPinWrite)
                  2000e6c4    00000020                 : interrupt.obj (.text:IntRegister)
                  2000e6e4    00000020     simplelink.a : cc_pal.obj (.text:NwpPrePowerOffTimout0)
                  2000e704    00000020     driverlib.a : spi.obj (.text:SPIDataGet)
                  2000e724    00000020     simplelink.a : cc_pal.obj (.text:TimerGetCurrentTimestamp)
                  2000e744    00000020                  : driver.obj (.text:_SlDrvObjUnLock)
                  2000e764    00000020                  : driver.obj (.text:_SlDrvSyncObjSignal)
                  2000e784    0000001e     driverlib.a : gpio.obj (.text:GPIOIntRegister)
                  2000e7a2    0000001e                 : i2c.obj (.text:I2CMasterIntStatusEx)
                  2000e7c0    0000001e                 : spi.obj (.text:SPIDataPut)
                  2000e7de    0000001e                 : timer.obj (.text:TimerEnable)
                  2000e7fc    0000001e                 : uart.obj (.text:UARTCharPut)
                  2000e81a    0000001e     simplelink.a : cc_pal.obj (.text:cc_UDMAChannelSelect)
                  2000e838    0000001c     driverlib.a : pin.obj (.text:PinTypeI2C)
                  2000e854    0000001c                 : systick.obj (.text:SysTickIntRegister)
                  2000e870    0000001c                 : timer.obj (.text:TimerValueGet)
                  2000e88c    0000001c                 : uart.obj (.text:UARTCharGetNonBlocking)
                  2000e8a8    0000001c     simplelink.a : driver.obj (.text:_SlDrvStartMeasureTimeout)
                  2000e8c4    0000001c     rtsv7M4_T_le_eabi.lib : copy_zero_init.c.obj (.text:decompress:ZI:__TI_zero_init_nomemset:__TI_zero_init_nomemset)
                  2000e8e0    0000001c                           : memory.c.obj (.text:free_list_remove)
                  2000e8fc    0000001c                           : memccpy.c.obj (.text:memccpy)
                  2000e918    0000001c     driverlib.a : udma.obj (.text:uDMAChannelEnable)
                  2000e934    0000001a                 : gpio.obj (.text:GPIOIntDisable)
                  2000e94e    0000001a                 : gpio.obj (.text:GPIOIntEnable)
                  2000e968    0000001a                 : pin.obj (.text:PinTypeSPI)
                  2000e982    0000001a                 : pin.obj (.text:PinTypeUART)
                  2000e99c    0000001a                 : spi.obj (.text:SPIDmaDisable)
                  2000e9b6    0000001a                 : spi.obj (.text:SPIDmaEnable)
                  2000e9d0    0000001a                 : spi.obj (.text:SPIFIFODisable)
                  2000e9ea    0000001a                 : spi.obj (.text:SPIFIFOEnable)
                  2000ea04    0000001a                 : spi.obj (.text:SPIIntUnregister)
                  2000ea1e    00000018                 : gpio.obj (.text:GPIOPinRead)
                  2000ea36    00000018                 : i2c.obj (.text:I2CMasterIntEnableEx)
                  2000ea4e    00000018                 : spi.obj (.text:SPICSDisable)
                  2000ea66    00000018                 : spi.obj (.text:SPICSEnable)
                  2000ea7e    00000018                 : spi.obj (.text:SPIDisable)
                  2000ea96    00000018                 : spi.obj (.text:SPIEnable)
                  2000eaae    00000002     --HOLE-- [fill = 0]
                  2000eab0    00000018                 : systick.obj (.text:SysTickPeriodSet)
                  2000eac8    00000018                 : uart.obj (.text:UARTCharsAvail)
                  2000eae0    00000018     simplelink.a : nonos.obj (.text:_SlNonOsSemSet)
                  2000eaf8    00000018     rtsv7M4_T_le_eabi.lib : snprintf.c.obj (.text:_outc)
                  2000eb10    00000018                           : vsnprintf.c.obj (.text:_outc)
                  2000eb28    00000018     simplelink.a : device.obj (.text:_sl_GetStartResponseConvert)
                  2000eb40    00000016     driverlib.a : i2c.obj (.text:I2CMasterDataPut)
                  2000eb56    00000016                 : i2c.obj (.text:I2CMasterEnable)
                  2000eb6c    00000016                 : i2c.obj (.text:I2CMasterIntClear)
                  2000eb82    00000016                 : prcm.obj (.text:PRCMHIBRegRead)
                  2000eb98    00000016                 : prcm.obj (.text:PRCMHIBRegWrite)
                  2000ebae    00000016                 : uart.obj (.text:UARTCharGet)
                  2000ebc4    00000016                 : uart.obj (.text:UARTFIFODisable)
                  2000ebda    00000016     simplelink.a : driver.obj (.text:_SlDrvMemZero)
                  2000ebf0    00000016     rtsv7M4_T_le_eabi.lib : strchr.c.obj (.text:strchr)
                  2000ec06    00000014     driverlib.a : cpu.obj (.text:CPUcpsie)
                  2000ec1a    00000014                 : gpio.obj (.text:GPIOIntClear)
                  2000ec2e    00000014     rtsv7M4_T_le_eabi.lib : strlen.c.obj (.text:strlen)
                  2000ec42    00000012     driverlib.a : i2c.obj (.text:I2CMasterControl)
                  2000ec54    00000012                 : i2c.obj (.text:I2CMasterTimeoutSet)
                  2000ec66    00000012     rtsv7M4_T_le_eabi.lib : wcslen.c.obj (.text:wcslen)
                  2000ec78    00000010     driverlib.a : systick.obj (.text:SysTickEnable)
                  2000ec88    00000010                 : systick.obj (.text:SysTickIntEnable)
                  2000ec98    00000010     simplelink.a : driver.obj (.text:_SlDrvDispatchHttpServerEvents)
                  2000eca8    0000000e     driverlib.a : i2c.obj (.text:I2CMasterDataGet)
                  2000ecb6    0000000e     simplelink.a : driver.obj (.text:_SlDrvResetCmdExt)
                  2000ecc4    0000000e     rtsv7M4_T_le_eabi.lib : copy_decompress_none.c.obj (.text:decompress:none:__TI_decompress_none)
                  2000ecd2    00000002     --HOLE-- [fill = 0]
                  2000ecd4    0000000c     simplelink.a : cc_pal.obj (.text:NwpMaskInterrupt)
                  2000ece0    0000000c                  : cc_pal.obj (.text:NwpUnMaskInterrupt)
                  2000ecec    0000000c     driverlib.a : systick.obj (.text:SysTickValueGet)
                  2000ecf8    0000000c     rtsv7M4_T_le_eabi.lib : s_copysign.c.obj (.text:copysign)
                  2000ed04    0000000a     driverlib.a : interrupt.obj (.text:IntMasterEnable)
                  2000ed0e    00000002     --HOLE-- [fill = 0]
                  2000ed10    00000008     rtsv7M4_T_le_eabi.lib : errno.c.obj (.text:__aeabi_errno_addr)
                  2000ed18    00000008                           : memory.c.obj (.text:malloc)
                  2000ed20    00000006     driverlib.a : utils.obj (.text:UtilsDelay)
                  2000ed26    00000004     rtsv7M4_T_le_eabi.lib : pre_init.c.obj (.text:_system_pre_init)
                  2000ed2a    00000004                           : exit.c.obj (.text:abort:abort)

.const     0    2000ed30    00000ac4     
                  2000ed30    000004fb     Adafruit_GFX.obj (.const:.string:font)
                  2000f22b    00000101     rtsv7M4_T_le_eabi.lib : ctype.c.obj (.const:.string:_ctypes_)
                  2000f32c    00000100     driverlib.a : pin.obj (.const:g_ulPinToPadMap)
                  2000f42c    000000d4                 : interrupt.obj (.const:g_pulRegs)
                  2000f500    000000a8                 : prcm.obj (.const:PRCM_PeriphRegsList)
                  2000f5a8    0000003c     simplelink.a : driver.obj (.const:OpcodeTranslateTable)
                  2000f5e4    00000038                  : driver.obj (.const:_SlActionLookupTable)
                  2000f61c    0000002c     network_utils.obj (.const:$P$T1$2)
                  2000f648    00000024     driverlib.a : spi.obj (.const:g_ppulSPIIntMap)
                  2000f66c    00000022     network_utils.obj (.const:.string:$P$T0$1)
                  2000f68e    00000002     --HOLE-- [fill = 0]
                  2000f690    00000020     simplelink.a : driver.obj (.const:RxMsgClassLUT)
                  2000f6b0    00000018     driverlib.a : interrupt.obj (.const:g_pulDisRegs)
                  2000f6c8    00000018                 : interrupt.obj (.const:g_pulEnRegs)
                  2000f6e0    00000018                 : interrupt.obj (.const:g_pulUnpendRegs)
                  2000f6f8    00000018                 : spi.obj (.const:g_ulSPIDmaMaskMap)
                  2000f710    00000014     simplelink.a : driver.obj (.const:$P$T0$1)
                  2000f724    00000014                  : nonos.obj (.const:$P$T0$1)
                  2000f738    00000014     network_utils.obj (.const:$P$T2$3)
                  2000f74c    00000010     simplelink.a : socket.obj (.const:.string:_SlPayloadByProtocolLUT)
                  2000f75c    0000000c     network_utils.obj (.const:$P$T4$5)
                  2000f768    0000000c     network_utils.obj (.const:.string:$P$T3$4)
                  2000f774    00000009     main.obj (.const:.string:$P$T0$1)
                  2000f77d    00000008     simplelink.a : device.obj (.const:StartResponseLUT)
                  2000f785    00000003     --HOLE-- [fill = 0]
                  2000f788    00000008                  : driver.obj (.const:g_H2NCnysPattern)
                  2000f790    00000008                  : driver.obj (.const:g_H2NSyncPattern)
                  2000f798    00000008     main.obj (.const:g_ir_input)
                  2000f7a0    00000004     simplelink.a : wlan.obj (.const:$P$T0$1)
                  2000f7a4    00000004                  : socket.obj (.const:$P$T2$3)
                  2000f7a8    00000004                  : device.obj (.const:_SlDeviceGetCmdCtrl)
                  2000f7ac    00000004                  : device.obj (.const:_SlDeviceSetCmdCtrl)
                  2000f7b0    00000004                  : netapp.obj (.const:_SlGetHostByNameCtrl)
                  2000f7b4    00000004                  : netapp.obj (.const:_SlNetAppSendTokenValueCmdCtrl)
                  2000f7b8    00000004                  : netcfg.obj (.const:_SlNetCfgSetCmdCtrl)
                  2000f7bc    00000004                  : wlan.obj (.const:_SlPolicySetCmdCtrl)
                  2000f7c0    00000004                  : wlan.obj (.const:_SlProfileDelCmdCtrl)
                  2000f7c4    00000004                  : socket.obj (.const:_SlRecvCmdCtrl)
                  2000f7c8    00000004                  : netapp.obj (.const:_SlRegisterServiceCtrl)
                  2000f7cc    00000004                  : wlan.obj (.const:_SlRxFilterSetCmdCtrl)
                  2000f7d0    00000004                  : socket.obj (.const:_SlSendCmdCtrl)
                  2000f7d4    00000004                  : socket.obj (.const:_SlSetSockOptCmdCtrl)
                  2000f7d8    00000004                  : socket.obj (.const:_SlSockCloseCmdCtrl)
                  2000f7dc    00000004                  : socket.obj (.const:_SlSockSocketCmdCtrl)
                  2000f7e0    00000004                  : device.obj (.const:_SlStopCmdCtrl)
                  2000f7e4    00000004                  : wlan.obj (.const:_SlWlanCfgSetCmdCtrl)
                  2000f7e8    00000004                  : wlan.obj (.const:_SlWlanSetModeCmdCtrl)
                  2000f7ec    00000004                  : driver.obj (.const:httpServer_callbacks)
                  2000f7f0    00000004                  : driver.obj (.const:netApp_callbacks)

.cinit     0    2000f7f8    00000068     
                  2000f7f8    00000043     (.cinit..data.load) [load image, compression = lzss]
                  2000f83b    00000001     --HOLE-- [fill = 0]
                  2000f83c    0000000c     (__TI_handler_table)
                  2000f848    00000008     (.cinit..bss.load) [load image, compression = zero_init]
                  2000f850    00000010     (__TI_cinit_table)

.bss       0    20017000    0000025a     UNINITIALIZED
                  20017000    00000168     simplelink.a : driver.obj (.bss:g_StatMem)
                  20017168    00000050     (.common:g_ucDinDout)
                  200171b8    00000030     main.obj (.bss:g_ir_bits)
                  200171e8    0000002c     (.common:g_time)
                  20017214    00000024     (.common:g_ucConnectionSSID)
                  20017238    00000008     (.common:g_app_config)
                  20017240    00000008     (.common:g_ucConnectionBSSID)
                  20017248    00000004     uart_if.obj (.bss)
                  2001724c    00000004     (.common:g_Host)
                  20017250    00000004     (.common:g_port)
                  20017254    00000001     (.common:RxIrqCnt)
                  20017255    00000001     (.common:g_bDeviceRestartIsRequired)
                  20017256    00000001     (.common:g_cDummy)
                  20017257    00000001     (.common:g_ucLED1Pin)
                  20017258    00000001     (.common:g_ucLED2Pin)
                  20017259    00000001     (.common:g_ucLED3Pin)

.data      0    2001725c    000000cc     UNINITIALIZED
                  2001725c    0000003c     simplelink.a : nonos.obj (.data:g__SlNonOsCB)
                  20017298    00000015     Adafruit_GFX.obj (.data)
                  200172ad    00000003     --HOLE--
                  200172b0    00000015     main.obj (.data)
                  200172c5    00000003     --HOLE--
                  200172c8    00000014     gpio_if.obj (.data:ulReg)
                  200172dc    0000000d     simplelink.a : driver.obj (.data)
                  200172e9    00000003     --HOLE--
                  200172ec    0000000c     gpio_if.obj (.data)
                  200172f8    0000000c     network_utils.obj (.data)
                  20017304    00000009     simplelink.a : cc_pal.obj (.data)
                  2001730d    00000003     --HOLE--
                  20017310    00000008     rtsv7M4_T_le_eabi.lib : _lock.c.obj (.data:$O1$$)
                  20017318    00000008                           : memory.c.obj (.data:$O1$$)
                  20017320    00000004                           : errno.c.obj (.data)
                  20017324    00000004     simplelink.a : driver.obj (.data:wlan_callbacks)

.sysmem    0    20017328    00000010     UNINITIALIZED
                  20017328    00000010     rtsv7M4_T_le_eabi.lib : memory.c.obj (.sysmem)

.stack     0    2002fae8    00000518     UNINITIALIZED
                  2002fae8    00000004     rtsv7M4_T_le_eabi.lib : boot_cortex_m.c.obj (.stack)
                  2002faec    00000514     --HOLE--

__llvm_prf_cnts 
*          0    20017000    00000000     UNINITIALIZED

MODULE SUMMARY

       Module                       code    ro data   rw data
       ------                       ----    -------   -------
    .\
       main.obj                     4288    17        69     
       Adafruit_GFX.obj             2688    1275      21     
       Adafruit_OLED.obj            1190    0         0      
       gpio_if.obj                  920     0         35     
       i2c_if.obj                   672     0         0      
       uart_if.obj                  636     0         4      
       pinmux.obj                   380     0         0      
       provisioning_stub.obj        38      0         0      
    +--+----------------------------+-------+---------+---------+
       Total:                       10812   1292      129    
                                                             
    .\utils\
       network_utils.obj            3780    122       116    
    +--+----------------------------+-------+---------+---------+
       Total:                       3780    122       116    
                                                             
    C:/ti/CC3200SDK_1.5.0/cc3200-sdk/driverlib/ccs/Release/driverlib.a
       prcm.obj                     852     168       0      
       spi.obj                      860     60        0      
       interrupt.obj                588     284       0      
       udma.obj                     604     0         0      
       pin.obj                      328     256       0      
       gpio.obj                     448     0         0      
       i2c.obj                      380     0         0      
       uart.obj                     328     0         0      
       timer.obj                    210     0         0      
       systick.obj                  96      0         0      
       cpu.obj                      20      0         0      
       utils.obj                    6       0         0      
    +--+----------------------------+-------+---------+---------+
       Total:                       4720    768       0      
                                                             
    C:/ti/CC3200SDK_1.5.0/cc3200-sdk/simplelink/ccs/NON_OS/simplelink.a
       driver.obj                   7906    192       379    
       cc_pal.obj                   1820    0         90     
       socket.obj                   1830    40        0      
       netapp.obj                   1572    12        0      
       wlan.obj                     1316    24        0      
       device.obj                   1230    20        0      
       nonos.obj                    416     20        60     
       netcfg.obj                   152     4         0      
    +--+----------------------------+-------+---------+---------+
       Total:                       16242   312       529    
                                                             
    C:\ti\ccs1250\ccs\tools\compiler\ti-cgt-arm_20.2.7.LTS\lib\rtsv7M4_T_le_eabi.lib
       _printfi.c.obj               4835    0         0      
       memory.c.obj                 900     0         8      
       fd_add_t2.asm.obj            438     0         0      
       fd_div_t2.asm.obj            310     0         0      
       fd_cmp_t2.asm.obj            268     0         0      
       ctype.c.obj                  0       257       0      
       fd_mul_t2.asm.obj            252     0         0      
       s_scalbn.c.obj               208     0         0      
       memcpy_t2.asm.obj            156     0         0      
       ull_div_t2.asm.obj           150     0         0      
       snprintf.c.obj               148     0         0      
       vsnprintf.c.obj              136     0         0      
       memset_t2.asm.obj            122     0         0      
       copy_decompress_lzss.c.obj   104     0         0      
       s_frexp.c.obj                92      0         0      
       _ltoa.c.obj                  84      0         0      
       atoi.c.obj                   76      0         0      
       fd_toi_t2.asm.obj            72      0         0      
       autoinit.c.obj               68      0         0      
       i_tofd_t2.asm.obj            46      0         0      
       strncmp.c.obj                44      0         0      
       memmov.c.obj                 40      0         0      
       boot_cortex_m.c.obj          36      0         0      
       copy_zero_init.c.obj         28      0         0      
       memccpy.c.obj                28      0         0      
       strchr.c.obj                 22      0         0      
       strlen.c.obj                 20      0         0      
       wcslen.c.obj                 18      0         0      
       copy_decompress_none.c.obj   14      0         0      
       errno.c.obj                  8       0         4      
       s_copysign.c.obj             12      0         0      
       _lock.c.obj                  2       0         8      
       exit.c.obj                   4       0         0      
       pre_init.c.obj               4       0         0      
       div0.asm.obj                 2       0         0      
    +--+----------------------------+-------+---------+---------+
       Total:                       8747    257       20     
                                                             
       Heap:                        0       0         16     
       Stack:                       0       0         1304   
       Linker Generated:            0       103       0      
    +--+----------------------------+-------+---------+---------+
       Grand Total:                 44301   2854      2114   


LINKER GENERATED COPY TABLES

__TI_cinit_table @ 2000f850 records: 2, size/record: 8, table size: 16
	.data: load addr=2000f7f8, load size=00000043 bytes, run addr=2001725c, run size=000000cc bytes, compression=lzss
	.bss: load addr=2000f848, load size=00000008 bytes, run addr=20017000, run size=0000025a bytes, compression=zero_init


LINKER GENERATED HANDLER TABLE

__TI_handler_table @ 2000f83c records: 3, size/record: 4, table size: 12
	index: 0, handler: __TI_decompress_lzss
	index: 1, handler: __TI_decompress_none
	index: 2, handler: __TI_zero_init


GLOBAL SYMBOLS: SORTED ALPHABETICALLY BY Name 

address   name                                  
-------   ----                                  
20007a5f  Adafruit_Init                         
2000ed2b  C$$EXIT                               
2000ec07  CPUcpsie                              
20008785  ClearTerm                             
20007bd5  Color565                              
2000e58d  DmaSpiSwIntHandler                    
2000878f  Error                                 
2000e165  GPIODirModeSet                        
2000ec1b  GPIOIntClear                          
2000e935  GPIOIntDisable                        
2000e94f  GPIOIntEnable                         
2000e785  GPIOIntRegister                       
2000e61d  GPIOIntStatus                         
2000cc8d  GPIOIntTypeSet                        
2000ea1f  GPIOPinRead                           
2000e6a5  GPIOPinWrite                          
2000814d  GPIO_IF_ConfigureNIntEnable           
200081d9  GPIO_IF_Get                           
20008107  GPIO_IF_GetPortNPin                   
20007ec9  GPIO_IF_LedConfigure                  
20007fbb  GPIO_IF_LedOff                        
20007f07  GPIO_IF_LedOn                         
2000806f  GPIO_IF_LedStatus                     
200080d9  GPIO_IF_LedToggle                     
20008195  GPIO_IF_Set                           
200087c7  GetCmd                                
2000ec43  I2CMasterControl                      
2000eca9  I2CMasterDataGet                      
2000eb41  I2CMasterDataPut                      
2000eb57  I2CMasterEnable                       
2000e2f3  I2CMasterErr                          
2000cb85  I2CMasterInitExpClk                   
2000eb6d  I2CMasterIntClear                     
2000ea37  I2CMasterIntEnableEx                  
2000e7a3  I2CMasterIntStatusEx                  
2000e63f  I2CMasterSlaveAddrSet                 
2000ec55  I2CMasterTimeoutSet                   
200084af  I2C_IF_Close                          
20008453  I2C_IF_Open                           
20008351  I2C_IF_Read                           
2000840d  I2C_IF_ReadFrom                       
200082a1  I2C_IF_Write                          
20008745  InitTerm                              
2000bcf5  IntDisable                            
2000bd9d  IntEnable                             
2000ed05  IntMasterEnable                       
2000d601  IntPendClear                          
2000d709  IntPrioritySet                        
2000e6c5  IntRegister                           
2000e5b1  IntUnregister                         
20008763  Message                               
2000ecd5  NwpMaskInterrupt                      
2000e0f5  NwpPowerOff                           
2000e321  NwpPowerOn                            
2000e6e5  NwpPrePowerOffTimout0                 
2000df4d  NwpRegisterInterruptHandler           
2000ece1  NwpUnMaskInterrupt                    
2000f5a8  OpcodeTranslateTable                  
2000692f  Outstr                                
20009d91  PRCMCC3200MCUInit                     
2000eb83  PRCMHIBRegRead                        
2000eb99  PRCMHIBRegWrite                       
2000e451  PRCMPeripheralClkDisable              
2000e005  PRCMPeripheralClkEnable               
2000c4f1  PRCMPeripheralClockGet                
2000d659  PRCMPeripheralReset                   
2000e19d  PRCMPeripheralStatusGet               
2000e34d  PRCMSysResetCauseGet                  
2000c9f1  PinConfigSet                          
2000de0d  PinModeSet                            
20009c15  PinMuxConfig                          
2000e205  PinTypeGPIO                           
2000e839  PinTypeI2C                            
2000e969  PinTypeSPI                            
2000e983  PinTypeUART                           
20008905  Report                                
20017254  RxIrqCnt                              
2000ea4f  SPICSDisable                          
2000ea67  SPICSEnable                           
2000bee9  SPIConfigSetExpClk                    
2000e705  SPIDataGet                            
2000e7c1  SPIDataPut                            
2000ea7f  SPIDisable                            
2000e99d  SPIDmaDisable                         
2000e9b7  SPIDmaEnable                          
2000ea97  SPIEnable                             
2000e9d1  SPIFIFODisable                        
2000e9eb  SPIFIFOEnable                         
2000e1d1  SPIFIFOLevelSet                       
2000db59  SPIIntClear                           
2000d8fd  SPIIntEnable                          
2000ea05  SPIIntUnregister                      
2000e661  SPIReset                              
2000e683  SPIWordCountSet                       
20005295  SimpleLinkGeneralEventHandler         
20005271  SimpleLinkHttpServerCallback          
200051cf  SimpleLinkNetAppEventHandler          
200052b5  SimpleLinkSockEventHandler            
200050c1  SimpleLinkWlanEventHandler            
2000ec79  SysTickEnable                         
2000ec89  SysTickIntEnable                      
2000e855  SysTickIntRegister                    
2000eab1  SysTickPeriodSet                      
2000eced  SysTickValueGet                       
2000dc75  TimerConfigure                        
2000e7df  TimerEnable                           
2000e725  TimerGetCurrentTimestamp              
2000e3fd  TimerLoadSet                          
2000e427  TimerPrescaleSet                      
2000e871  TimerValueGet                         
2000886d  TrimSpace                             
2000ebaf  UARTCharGet                           
2000e88d  UARTCharGetNonBlocking                
2000e7fd  UARTCharPut                           
2000eac9  UARTCharsAvail                        
2000cf85  UARTConfigSetExpClk                   
2000e235  UARTDisable                           
2000e5d5  UARTEnable                            
2000ebc5  UARTFIFODisable                       
2000ed21  UtilsDelay                            
2000f5e4  _SlActionLookupTable                  
2000be45  _SlDriverHandleError                  
2000dba1  _SlDrvBasicCmd                        
2000bad1  _SlDrvCmdOp                           
2000d151  _SlDrvCmdSend                         
20008e71  _SlDrvDataReadOp                      
2000a079  _SlDrvDataWriteOp                     
2000c0c5  _SlDrvDeviceEventHandler              
2000ec99  _SlDrvDispatchHttpServerEvents        
2000a941  _SlDrvDriverCBDeinit                  
200095a9  _SlDrvDriverCBInit                    
2000e479  _SlDrvGlobalObjUnLock                 
2000dcb9  _SlDrvHandleHttpServerEvents          
2000de4d  _SlDrvHandleNetAppEvents              
2000de8d  _SlDrvHandleWlanEvents                
2000c84d  _SlDrvIsTimeoutExpired                
2000ebdb  _SlDrvMemZero                         
2000b335  _SlDrvMsgReadSpawnCtx                 
2000ab91  _SlDrvNetAppEventHandler              
2000e541  _SlDrvObjLockWaitForever              
2000e745  _SlDrvObjUnLock                       
2000d995  _SlDrvProtectAsyncRespSetting         
2000e3a5  _SlDrvProtectionObjLockWaitForever    
2000e4a1  _SlDrvProtectionObjUnLock             
20009055  _SlDrvReleasePoolObj                  
2000ecb7  _SlDrvResetCmdExt                     
2000d75d  _SlDrvRxIrqHandler                    
2000e8a9  _SlDrvStartMeasureTimeout             
2000e765  _SlDrvSyncObjSignal                   
2000e4c9  _SlDrvSyncObjWaitForever              
2000dcfd  _SlDrvSyncObjWaitTimeout              
200098f9  _SlDrvWaitForPoolObj                  
2000f7b4  _SlNetAppSendTokenValueCmdCtrl        
2000cffd  _SlNonOsMainLoopTask                  
2000bc45  _SlNonOsSemGet                        
2000eae1  _SlNonOsSemSet                        
2000d291  _SlNonOsSpawn                         
20030000  __STACK_END                           
00000518  __STACK_SIZE                          
00000010  __SYSMEM_SIZE                         
2000f850  __TI_CINIT_Base                       
2000f860  __TI_CINIT_Limit                      
2000f83c  __TI_Handler_Table_Base               
2000f848  __TI_Handler_Table_Limit              
2000dd41  __TI_auto_init_nobinit_nopinit        
2000d229  __TI_decompress_lzss                  
2000ecc5  __TI_decompress_none                  
2000d7b1  __TI_ltoa                             
ffffffff  __TI_pprof_out_hndl                   
20006a05  __TI_printfi                          
ffffffff  __TI_prof_data_size                   
ffffffff  __TI_prof_data_start                  
2000f7f8  __TI_static_base__                    
2000e8c5  __TI_zero_init_nomemset               
2000ca79  __aeabi_cdcmpeq                       
2000ca79  __aeabi_cdcmple                       
2000caff  __aeabi_cdrcmple                      
2000dbe9  __aeabi_d2iz                          
200093fb  __aeabi_dadd                          
2000a6d5  __aeabi_ddiv                          
2000ad95  __aeabi_dmul                          
200093f1  __aeabi_dsub                          
2000ed11  __aeabi_errno_addr                    
2000e2c5  __aeabi_i2d                           
200095a7  __aeabi_idiv0                         
200095a7  __aeabi_ldiv0                         
2000ce91  __aeabi_memclr                        
2000ce91  __aeabi_memclr4                       
2000ce91  __aeabi_memclr8                       
2000c029  __aeabi_memcpy                        
2000c029  __aeabi_memcpy4                       
2000c029  __aeabi_memcpy8                       
2000ce93  __aeabi_memset                        
2000ce93  __aeabi_memset4                       
2000ce93  __aeabi_memset8                       
2000c459  __aeabi_uldivmod                      
ffffffff  __binit__                             
ffffffff  __c_args__                            
UNDEFED   __mpu_init                            
2002fae8  __stack                               
20017000  __start___llvm_prf_cnts               
20017000  __stop___llvm_prf_cnts                
2000e5f9  _c_int00_noargs                       
2000f22b  _ctypes_                              
20017310  _lock                                 
20007e8b  _nop                                  
2000d2f5  _sl_HandleAsync_Accept                
2000cd11  _sl_HandleAsync_Connect               
2000c585  _sl_HandleAsync_DnsGetHostByName      
2000b875  _sl_HandleAsync_DnsGetHostByService   
2000c8d9  _sl_HandleAsync_InitComplete          
2000c615  _sl_HandleAsync_PingResponse          
2000d805  _sl_HandleAsync_Select                
2000d8ad  _sl_HandleAsync_Stop                  
2000d1bd  _sl_NetAppSendTokenValue              
20017328  _sys_memory                           
UNDEFED   _system_post_cinit                    
2000ed27  _system_pre_init                      
20017314  _unlock                               
2000ed2b  abort                                 
2000ac95  aligned_alloc                         
2000da2d  atoi                                  
ffffffff  binit                                 
20005c5d  connectToAccessPoint                  
2000ecf9  copysign                              
2000ecf9  copysignl                             
20017298  cursor_x                              
2001729c  cursor_y                              
200067e3  drawChar                              
20005f85  drawCircle                            
200060b9  drawCircleHelper                      
20007d95  drawFastHLine                         
20007cf9  drawFastVLine                         
200062ff  drawLine                              
20007e31  drawPixel                             
200063eb  drawRect                              
20006439  drawRoundRect                         
200065a1  drawTriangle                          
20017320  errno                                 
200061d7  fillCircle                            
20006211  fillCircleHelper                      
20007c2d  fillRect                              
20006527  fillRoundRect                         
20007c17  fillScreen                            
200065e3  fillTriangle                          
2000b41d  free                                  
2000d5a5  frexp                                 
2000d5a5  frexpl                                
2001724c  g_Host                                
200172dc  g_SlDeviceStatus                      
20017304  g_SpiFd                               
2001725c  g__SlNonOsCB                          
20017238  g_app_config                          
20017255  g_bDeviceRestartIsRequired            
20017256  g_cDummy                              
200172e0  g_pCB                                 
20017308  g_pHostIntHdl                         
20017250  g_port                                
200171e8  g_time                                
20017240  g_ucConnectionBSSID                   
20017214  g_ucConnectionSSID                    
2001730c  g_ucDMAEnabled                        
20017168  g_ucDinDout                           
20017257  g_ucLED1Pin                           
20017258  g_ucLED2Pin                           
20017259  g_ucLED3Pin                           
200172ec  g_uiLED1Port                          
200172f0  g_uiLED2Port                          
200172f4  g_uiLED3Port                          
20017300  g_ulGatewayIP                         
200172fc  g_ulPingPacketsRecv                   
200172f8  g_ulStatus                            
20007b91  goTo                                  
200069e3  height                                
20007e6f  invert                                
2000b7a5  ldexp                                 
2000b7a5  ldexpl                                
20004e19  main                                  
2000ed19  malloc                                
2000ac95  memalign                              
2000e8fd  memccpy                               
2000c029  memcpy                                
2000e519  memmove                               
2000ce99  memset                                
200172e4  pPingCallBackFunc                     
2000b501  realloc                               
2000b7a5  scalbn                                
2000b7a5  scalbnl                               
2000697b  setCursor                             
200069b3  setTextColor                          
20006993  setTextSize                           
200069cb  setTextWrap                           
2000e041  simplelink_timerA2_start              
2000d485  sl_Close                              
20009a89  sl_Connect                            
2000b941  sl_DevGet                             
2000c161  sl_DevSet                             
2000ddc9  sl_Htonl                              
2000e07d  sl_Htons                              
2000a455  sl_NetAppDnsGetHostByName             
2000b5e5  sl_NetAppMDNSRegisterUnregisterService
2000d359  sl_NetAppMDNSUnRegisterService        
2000c1f9  sl_NetCfgSet                          
2000e57f  sl_Provisioning_HttpServerEventHdl    
2000e573  sl_Provisioning_NetAppEventHdl        
2000e567  sl_Provisioning_WlanEventHdl          
2000bf89  sl_Recv                               
2000a80d  sl_Send                               
2000c291  sl_SetSockOpt                         
2000c965  sl_Socket                             
2000b161  sl_Start                              
2000ae91  sl_Stop                               
200084c5  sl_WlanConnect                        
2000e12d  sl_WlanDisconnect                     
2000c6a5  sl_WlanPolicySet                      
2000d4e5  sl_WlanProfileDel                     
2000cc09  sl_WlanRxFilterSet                    
2000c329  sl_WlanSet                            
2000d545  sl_WlanSetMode                        
2000da79  snprintf                              
2000cf0d  spi_Close                             
2000a1c9  spi_Open                              
2000af81  spi_Read                              
2000c3c1  spi_Write                             
2000ebf1  strchr                                
2000ec2f  strlen                                
2000e3d1  strncmp                               
200172a8  textbgcolor                           
200172a4  textcolor                             
200172a0  textsize                              
20005a7d  tls_connect                           
2000dac5  uDMAChannelAssign                     
2000d3bd  uDMAChannelAttributeDisable           
2000d421  uDMAChannelAttributeEnable            
2000e0b9  uDMAChannelControlSet                 
2000e919  uDMAChannelEnable                     
2000b071  uDMAChannelTransferSet                
2000df0d  vsnprintf                             
2000ec67  wcslen                                
200069df  width                                 
200172ac  wrap                                  
20007a37  writeCommand                          
20007a4b  writeData                             


GLOBAL SYMBOLS: SORTED BY Symbol Address 

address   name                                  
-------   ----                                  
00000010  __SYSMEM_SIZE                         
00000518  __STACK_SIZE                          
20004e19  main                                  
200050c1  SimpleLinkWlanEventHandler            
200051cf  SimpleLinkNetAppEventHandler          
20005271  SimpleLinkHttpServerCallback          
20005295  SimpleLinkGeneralEventHandler         
200052b5  SimpleLinkSockEventHandler            
20005a7d  tls_connect                           
20005c5d  connectToAccessPoint                  
20005f85  drawCircle                            
200060b9  drawCircleHelper                      
200061d7  fillCircle                            
20006211  fillCircleHelper                      
200062ff  drawLine                              
200063eb  drawRect                              
20006439  drawRoundRect                         
20006527  fillRoundRect                         
200065a1  drawTriangle                          
200065e3  fillTriangle                          
200067e3  drawChar                              
2000692f  Outstr                                
2000697b  setCursor                             
20006993  setTextSize                           
200069b3  setTextColor                          
200069cb  setTextWrap                           
200069df  width                                 
200069e3  height                                
20006a05  __TI_printfi                          
20007a37  writeCommand                          
20007a4b  writeData                             
20007a5f  Adafruit_Init                         
20007b91  goTo                                  
20007bd5  Color565                              
20007c17  fillScreen                            
20007c2d  fillRect                              
20007cf9  drawFastVLine                         
20007d95  drawFastHLine                         
20007e31  drawPixel                             
20007e6f  invert                                
20007e8b  _nop                                  
20007ec9  GPIO_IF_LedConfigure                  
20007f07  GPIO_IF_LedOn                         
20007fbb  GPIO_IF_LedOff                        
2000806f  GPIO_IF_LedStatus                     
200080d9  GPIO_IF_LedToggle                     
20008107  GPIO_IF_GetPortNPin                   
2000814d  GPIO_IF_ConfigureNIntEnable           
20008195  GPIO_IF_Set                           
200081d9  GPIO_IF_Get                           
200082a1  I2C_IF_Write                          
20008351  I2C_IF_Read                           
2000840d  I2C_IF_ReadFrom                       
20008453  I2C_IF_Open                           
200084af  I2C_IF_Close                          
200084c5  sl_WlanConnect                        
20008745  InitTerm                              
20008763  Message                               
20008785  ClearTerm                             
2000878f  Error                                 
200087c7  GetCmd                                
2000886d  TrimSpace                             
20008905  Report                                
20008e71  _SlDrvDataReadOp                      
20009055  _SlDrvReleasePoolObj                  
200093f1  __aeabi_dsub                          
200093fb  __aeabi_dadd                          
200095a7  __aeabi_idiv0                         
200095a7  __aeabi_ldiv0                         
200095a9  _SlDrvDriverCBInit                    
200098f9  _SlDrvWaitForPoolObj                  
20009a89  sl_Connect                            
20009c15  PinMuxConfig                          
20009d91  PRCMCC3200MCUInit                     
2000a079  _SlDrvDataWriteOp                     
2000a1c9  spi_Open                              
2000a455  sl_NetAppDnsGetHostByName             
2000a6d5  __aeabi_ddiv                          
2000a80d  sl_Send                               
2000a941  _SlDrvDriverCBDeinit                  
2000ab91  _SlDrvNetAppEventHandler              
2000ac95  aligned_alloc                         
2000ac95  memalign                              
2000ad95  __aeabi_dmul                          
2000ae91  sl_Stop                               
2000af81  spi_Read                              
2000b071  uDMAChannelTransferSet                
2000b161  sl_Start                              
2000b335  _SlDrvMsgReadSpawnCtx                 
2000b41d  free                                  
2000b501  realloc                               
2000b5e5  sl_NetAppMDNSRegisterUnregisterService
2000b7a5  ldexp                                 
2000b7a5  ldexpl                                
2000b7a5  scalbn                                
2000b7a5  scalbnl                               
2000b875  _sl_HandleAsync_DnsGetHostByService   
2000b941  sl_DevGet                             
2000bad1  _SlDrvCmdOp                           
2000bc45  _SlNonOsSemGet                        
2000bcf5  IntDisable                            
2000bd9d  IntEnable                             
2000be45  _SlDriverHandleError                  
2000bee9  SPIConfigSetExpClk                    
2000bf89  sl_Recv                               
2000c029  __aeabi_memcpy                        
2000c029  __aeabi_memcpy4                       
2000c029  __aeabi_memcpy8                       
2000c029  memcpy                                
2000c0c5  _SlDrvDeviceEventHandler              
2000c161  sl_DevSet                             
2000c1f9  sl_NetCfgSet                          
2000c291  sl_SetSockOpt                         
2000c329  sl_WlanSet                            
2000c3c1  spi_Write                             
2000c459  __aeabi_uldivmod                      
2000c4f1  PRCMPeripheralClockGet                
2000c585  _sl_HandleAsync_DnsGetHostByName      
2000c615  _sl_HandleAsync_PingResponse          
2000c6a5  sl_WlanPolicySet                      
2000c84d  _SlDrvIsTimeoutExpired                
2000c8d9  _sl_HandleAsync_InitComplete          
2000c965  sl_Socket                             
2000c9f1  PinConfigSet                          
2000ca79  __aeabi_cdcmpeq                       
2000ca79  __aeabi_cdcmple                       
2000caff  __aeabi_cdrcmple                      
2000cb85  I2CMasterInitExpClk                   
2000cc09  sl_WlanRxFilterSet                    
2000cc8d  GPIOIntTypeSet                        
2000cd11  _sl_HandleAsync_Connect               
2000ce91  __aeabi_memclr                        
2000ce91  __aeabi_memclr4                       
2000ce91  __aeabi_memclr8                       
2000ce93  __aeabi_memset                        
2000ce93  __aeabi_memset4                       
2000ce93  __aeabi_memset8                       
2000ce99  memset                                
2000cf0d  spi_Close                             
2000cf85  UARTConfigSetExpClk                   
2000cffd  _SlNonOsMainLoopTask                  
2000d151  _SlDrvCmdSend                         
2000d1bd  _sl_NetAppSendTokenValue              
2000d229  __TI_decompress_lzss                  
2000d291  _SlNonOsSpawn                         
2000d2f5  _sl_HandleAsync_Accept                
2000d359  sl_NetAppMDNSUnRegisterService        
2000d3bd  uDMAChannelAttributeDisable           
2000d421  uDMAChannelAttributeEnable            
2000d485  sl_Close                              
2000d4e5  sl_WlanProfileDel                     
2000d545  sl_WlanSetMode                        
2000d5a5  frexp                                 
2000d5a5  frexpl                                
2000d601  IntPendClear                          
2000d659  PRCMPeripheralReset                   
2000d709  IntPrioritySet                        
2000d75d  _SlDrvRxIrqHandler                    
2000d7b1  __TI_ltoa                             
2000d805  _sl_HandleAsync_Select                
2000d8ad  _sl_HandleAsync_Stop                  
2000d8fd  SPIIntEnable                          
2000d995  _SlDrvProtectAsyncRespSetting         
2000da2d  atoi                                  
2000da79  snprintf                              
2000dac5  uDMAChannelAssign                     
2000db59  SPIIntClear                           
2000dba1  _SlDrvBasicCmd                        
2000dbe9  __aeabi_d2iz                          
2000dc75  TimerConfigure                        
2000dcb9  _SlDrvHandleHttpServerEvents          
2000dcfd  _SlDrvSyncObjWaitTimeout              
2000dd41  __TI_auto_init_nobinit_nopinit        
2000ddc9  sl_Htonl                              
2000de0d  PinModeSet                            
2000de4d  _SlDrvHandleNetAppEvents              
2000de8d  _SlDrvHandleWlanEvents                
2000df0d  vsnprintf                             
2000df4d  NwpRegisterInterruptHandler           
2000e005  PRCMPeripheralClkEnable               
2000e041  simplelink_timerA2_start              
2000e07d  sl_Htons                              
2000e0b9  uDMAChannelControlSet                 
2000e0f5  NwpPowerOff                           
2000e12d  sl_WlanDisconnect                     
2000e165  GPIODirModeSet                        
2000e19d  PRCMPeripheralStatusGet               
2000e1d1  SPIFIFOLevelSet                       
2000e205  PinTypeGPIO                           
2000e235  UARTDisable                           
2000e2c5  __aeabi_i2d                           
2000e2f3  I2CMasterErr                          
2000e321  NwpPowerOn                            
2000e34d  PRCMSysResetCauseGet                  
2000e3a5  _SlDrvProtectionObjLockWaitForever    
2000e3d1  strncmp                               
2000e3fd  TimerLoadSet                          
2000e427  TimerPrescaleSet                      
2000e451  PRCMPeripheralClkDisable              
2000e479  _SlDrvGlobalObjUnLock                 
2000e4a1  _SlDrvProtectionObjUnLock             
2000e4c9  _SlDrvSyncObjWaitForever              
2000e519  memmove                               
2000e541  _SlDrvObjLockWaitForever              
2000e567  sl_Provisioning_WlanEventHdl          
2000e573  sl_Provisioning_NetAppEventHdl        
2000e57f  sl_Provisioning_HttpServerEventHdl    
2000e58d  DmaSpiSwIntHandler                    
2000e5b1  IntUnregister                         
2000e5d5  UARTEnable                            
2000e5f9  _c_int00_noargs                       
2000e61d  GPIOIntStatus                         
2000e63f  I2CMasterSlaveAddrSet                 
2000e661  SPIReset                              
2000e683  SPIWordCountSet                       
2000e6a5  GPIOPinWrite                          
2000e6c5  IntRegister                           
2000e6e5  NwpPrePowerOffTimout0                 
2000e705  SPIDataGet                            
2000e725  TimerGetCurrentTimestamp              
2000e745  _SlDrvObjUnLock                       
2000e765  _SlDrvSyncObjSignal                   
2000e785  GPIOIntRegister                       
2000e7a3  I2CMasterIntStatusEx                  
2000e7c1  SPIDataPut                            
2000e7df  TimerEnable                           
2000e7fd  UARTCharPut                           
2000e839  PinTypeI2C                            
2000e855  SysTickIntRegister                    
2000e871  TimerValueGet                         
2000e88d  UARTCharGetNonBlocking                
2000e8a9  _SlDrvStartMeasureTimeout             
2000e8c5  __TI_zero_init_nomemset               
2000e8fd  memccpy                               
2000e919  uDMAChannelEnable                     
2000e935  GPIOIntDisable                        
2000e94f  GPIOIntEnable                         
2000e969  PinTypeSPI                            
2000e983  PinTypeUART                           
2000e99d  SPIDmaDisable                         
2000e9b7  SPIDmaEnable                          
2000e9d1  SPIFIFODisable                        
2000e9eb  SPIFIFOEnable                         
2000ea05  SPIIntUnregister                      
2000ea1f  GPIOPinRead                           
2000ea37  I2CMasterIntEnableEx                  
2000ea4f  SPICSDisable                          
2000ea67  SPICSEnable                           
2000ea7f  SPIDisable                            
2000ea97  SPIEnable                             
2000eab1  SysTickPeriodSet                      
2000eac9  UARTCharsAvail                        
2000eae1  _SlNonOsSemSet                        
2000eb41  I2CMasterDataPut                      
2000eb57  I2CMasterEnable                       
2000eb6d  I2CMasterIntClear                     
2000eb83  PRCMHIBRegRead                        
2000eb99  PRCMHIBRegWrite                       
2000ebaf  UARTCharGet                           
2000ebc5  UARTFIFODisable                       
2000ebdb  _SlDrvMemZero                         
2000ebf1  strchr                                
2000ec07  CPUcpsie                              
2000ec1b  GPIOIntClear                          
2000ec2f  strlen                                
2000ec43  I2CMasterControl                      
2000ec55  I2CMasterTimeoutSet                   
2000ec67  wcslen                                
2000ec79  SysTickEnable                         
2000ec89  SysTickIntEnable                      
2000ec99  _SlDrvDispatchHttpServerEvents        
2000eca9  I2CMasterDataGet                      
2000ecb7  _SlDrvResetCmdExt                     
2000ecc5  __TI_decompress_none                  
2000ecd5  NwpMaskInterrupt                      
2000ece1  NwpUnMaskInterrupt                    
2000eced  SysTickValueGet                       
2000ecf9  copysign                              
2000ecf9  copysignl                             
2000ed05  IntMasterEnable                       
2000ed11  __aeabi_errno_addr                    
2000ed19  malloc                                
2000ed21  UtilsDelay                            
2000ed27  _system_pre_init                      
2000ed2b  C$$EXIT                               
2000ed2b  abort                                 
2000f22b  _ctypes_                              
2000f5a8  OpcodeTranslateTable                  
2000f5e4  _SlActionLookupTable                  
2000f7b4  _SlNetAppSendTokenValueCmdCtrl        
2000f7f8  __TI_static_base__                    
2000f83c  __TI_Handler_Table_Base               
2000f848  __TI_Handler_Table_Limit              
2000f850  __TI_CINIT_Base                       
2000f860  __TI_CINIT_Limit                      
20017000  __start___llvm_prf_cnts               
20017000  __stop___llvm_prf_cnts                
20017168  g_ucDinDout                           
200171e8  g_time                                
20017214  g_ucConnectionSSID                    
20017238  g_app_config                          
20017240  g_ucConnectionBSSID                   
2001724c  g_Host                                
20017250  g_port                                
20017254  RxIrqCnt                              
20017255  g_bDeviceRestartIsRequired            
20017256  g_cDummy                              
20017257  g_ucLED1Pin                           
20017258  g_ucLED2Pin                           
20017259  g_ucLED3Pin                           
2001725c  g__SlNonOsCB                          
20017298  cursor_x                              
2001729c  cursor_y                              
200172a0  textsize                              
200172a4  textcolor                             
200172a8  textbgcolor                           
200172ac  wrap                                  
200172dc  g_SlDeviceStatus                      
200172e0  g_pCB                                 
200172e4  pPingCallBackFunc                     
200172ec  g_uiLED1Port                          
200172f0  g_uiLED2Port                          
200172f4  g_uiLED3Port                          
200172f8  g_ulStatus                            
200172fc  g_ulPingPacketsRecv                   
20017300  g_ulGatewayIP                         
20017304  g_SpiFd                               
20017308  g_pHostIntHdl                         
2001730c  g_ucDMAEnabled                        
20017310  _lock                                 
20017314  _unlock                               
20017320  errno                                 
20017328  _sys_memory                           
2002fae8  __stack                               
20030000  __STACK_END                           
ffffffff  __TI_pprof_out_hndl                   
ffffffff  __TI_prof_data_size                   
ffffffff  __TI_prof_data_start                  
ffffffff  __binit__                             
ffffffff  __c_args__                            
ffffffff  binit                                 
UNDEFED   __mpu_init                            
UNDEFED   _system_post_cinit                    

[343 symbols]
