******************************************************************************
                  TI ARM Linker PC v20.2.7                     
******************************************************************************
>> Linked Tue Mar 10 23:54:35 2026

OUTPUT FILE NAME:   <Final_project_anti_theft.out>
ENTRY POINT SYMBOL: "_c_int00_noargs"  address: 2000e519


MEMORY CONFIGURATION

         name            origin    length      used     unused   attr    fill
----------------------  --------  ---------  --------  --------  ----  --------
  SRAM_CODE             20004000   00012fff  0000b5c6  00007a39  RW X
  SRAM_DATA             20017000   00019000  0000084f  000187b1  RW X


SEGMENT ALLOCATION MAP

run origin  load origin   length   init length attrs members
----------  ----------- ---------- ----------- ----- -------
20004000    20004000    0000b5c8   0000b5c8    r-x
  20004000    20004000    0000aaaa   0000aaaa    r-x .text
  2000eaac    2000eaac    00000ac4   00000ac4    r-- .const
  2000f570    2000f570    00000058   00000058    r-- .cinit
20017000    20017000    00000338   00000000    rw-
  20017000    20017000    00000227   00000000    rw- .bss
  20017228    20017228    00000110   00000000    rw- .data
2002fae8    2002fae8    00000518   00000000    rw-
  2002fae8    2002fae8    00000518   00000000    rw- .stack


SECTION ALLOCATION MAP

 output                                  attributes/
section   page    origin      length       input sections
--------  ----  ----------  ----------   ----------------
.init_array 
*          0    20004000    00000000     UNINITIALIZED

.text      0    20004000    0000aaaa     
                  20004000    00001914     main.obj (.text)
                  20005914    00001060     network_utils.obj (.text)
                  20006974    00000a80     Adafruit_GFX.obj (.text)
                  200073f4    00000a4e     rtsv7M4_T_le_eabi.lib : _printfi.c.obj (.text:__TI_printfi)
                  20007e42    00000002     driverlib.a : interrupt.obj (.text:IntDefaultHandler)
                  20007e44    00000590     simplelink.a : driver.obj (.text:_SlDrvMsgRead)
                  200083d4    000004ea     Adafruit_OLED.obj (.text)
                  200088be    00000002     rtsv7M4_T_le_eabi.lib : div0.asm.obj (.text)
                  200088c0    00000280     simplelink.a : wlan.obj (.text:sl_WlanConnect)
                  20008b40    00000268     rtsv7M4_T_le_eabi.lib : _printfi.c.obj (.text:_pconv_a)
                  20008da8    00000248     simplelink.a : driver.obj (.text:_SlDrvRxHdrRead)
                  20008ff0    00000214     uart_if.obj (.text)
                  20009204    000001e4     simplelink.a : driver.obj (.text:_SlDrvDataReadOp)
                  200093e8    000001d0                  : driver.obj (.text:_SlDrvReleasePoolObj)
                  200095b8    000001cc     rtsv7M4_T_le_eabi.lib : _printfi.c.obj (.text:_pconv_g)
                  20009784    000001b6                           : fd_add_t2.asm.obj (.text)
                  2000993a    00000002     --HOLE-- [fill = 0]
                  2000993c    000001b4     simplelink.a : driver.obj (.text:_SlDrvDriverCBInit)
                  20009af0    0000019c                  : driver.obj (.text:_SlDrvMsgWrite)
                  20009c8c    00000190                  : driver.obj (.text:_SlDrvWaitForPoolObj)
                  20009e1c    0000018c                  : socket.obj (.text:sl_Connect)
                  20009fa8    00000178     driverlib.a : prcm.obj (.text:PRCMCC3200MCUInit)
                  2000a120    00000170     simplelink.a : driver.obj (.text:_SlFindAndSetActiveObj)
                  2000a290    00000150                  : driver.obj (.text:_SlDrvDataWriteOp)
                  2000a3e0    00000150     pinmux.obj (.text)
                  2000a530    00000148     simplelink.a : cc_pal.obj (.text:spi_Open)
                  2000a678    00000144                  : driver.obj (.text:_SlDrvMsgReadCmdCtx)
                  2000a7bc    00000144                  : netapp.obj (.text:sl_NetAppDnsGetHostByName)
                  2000a900    0000013c     rtsv7M4_T_le_eabi.lib : _printfi.c.obj (.text:_pconv_e)
                  2000aa3c    00000136                           : fd_div_t2.asm.obj (.text)
                  2000ab72    00000002     --HOLE-- [fill = 0]
                  2000ab74    00000134     simplelink.a : socket.obj (.text:sl_Send)
                  2000aca8    00000130                  : driver.obj (.text:_SlDrvDriverCBDeinit)
                  2000add8    00000120     rtsv7M4_T_le_eabi.lib : _printfi.c.obj (.text:fcvt)
                  2000aef8    00000104     simplelink.a : netapp.obj (.text:_SlDrvNetAppEventHandler)
                  2000affc    000000fc     rtsv7M4_T_le_eabi.lib : fd_mul_t2.asm.obj (.text)
                  2000b0f8    000000f0     simplelink.a : device.obj (.text:sl_Stop)
                  2000b1e8    000000f0                  : cc_pal.obj (.text:spi_Read)
                  2000b2d8    000000f0     driverlib.a : udma.obj (.text:uDMAChannelTransferSet)
                  2000b3c8    000000ec     simplelink.a : device.obj (.text:sl_Start)
                  2000b4b4    000000e8                  : driver.obj (.text:_SlAsyncEventGenericHandler)
                  2000b59c    000000e8                  : driver.obj (.text:_SlDrvMsgReadSpawnCtx)
                  2000b684    000000e4                  : netapp.obj (.text:sl_NetAppMDNSRegisterUnregisterService)
                  2000b768    000000dc                  : driver.obj (.text:_SlDrvClassifyRxMsg)
                  2000b844    000000d0     rtsv7M4_T_le_eabi.lib : s_scalbn.c.obj (.text:scalbn)
                  2000b914    000000cc     simplelink.a : netapp.obj (.text:_sl_HandleAsync_DnsGetHostByService)
                  2000b9e0    000000cc                  : device.obj (.text:sl_DevGet)
                  2000baac    000000c4                  : driver.obj (.text:_SlRemoveFromList)
                  2000bb70    000000c0                  : driver.obj (.text:_SlDrvCmdOp)
                  2000bc30    000000b1     rtsv7M4_T_le_eabi.lib : _printfi.c.obj (.text:_ltostr)
                  2000bce1    00000003     --HOLE-- [fill = 0]
                  2000bce4    000000b0     simplelink.a : nonos.obj (.text:_SlNonOsSemGet)
                  2000bd94    000000a8     driverlib.a : interrupt.obj (.text:IntDisable)
                  2000be3c    000000a8                 : interrupt.obj (.text:IntEnable)
                  2000bee4    000000a4     simplelink.a : driver.obj (.text:_SlDriverHandleError)
                  2000bf88    000000a0     driverlib.a : spi.obj (.text:SPIConfigSetExpClk)
                  2000c028    000000a0     simplelink.a : socket.obj (.text:sl_Recv)
                  2000c0c8    0000009c     rtsv7M4_T_le_eabi.lib : memcpy_t2.asm.obj (.text)
                  2000c164    0000009a     simplelink.a : device.obj (.text:_SlDrvDeviceEventHandler)
                  2000c1fe    00000002     --HOLE-- [fill = 0]
                  2000c200    00000098                  : device.obj (.text:sl_DevSet)
                  2000c298    00000098                  : netcfg.obj (.text:sl_NetCfgSet)
                  2000c330    00000098                  : socket.obj (.text:sl_SetSockOpt)
                  2000c3c8    00000098                  : wlan.obj (.text:sl_WlanSet)
                  2000c460    00000098                  : cc_pal.obj (.text:spi_Write)
                  2000c4f8    00000096     rtsv7M4_T_le_eabi.lib : ull_div_t2.asm.obj (.text)
                  2000c58e    00000002     --HOLE-- [fill = 0]
                  2000c590    00000094     driverlib.a : prcm.obj (.text:PRCMPeripheralClockGet)
                  2000c624    00000090     simplelink.a : netapp.obj (.text:_sl_HandleAsync_DnsGetHostByName)
                  2000c6b4    00000090                  : netapp.obj (.text:_sl_HandleAsync_PingResponse)
                  2000c744    00000090                  : wlan.obj (.text:sl_WlanPolicySet)
                  2000c7d4    0000008c                  : cc_pal.obj (.text:SetupDMAReceive)
                  2000c860    0000008c                  : cc_pal.obj (.text:SetupDMASend)
                  2000c8ec    0000008c                  : driver.obj (.text:_SlDrvIsTimeoutExpired)
                  2000c978    0000008c                  : device.obj (.text:_sl_HandleAsync_InitComplete)
                  2000ca04    0000008c                  : socket.obj (.text:sl_Socket)
                  2000ca90    00000088     driverlib.a : pin.obj (.text:PinConfigSet)
                  2000cb18    00000086     rtsv7M4_T_le_eabi.lib : fd_cmp_t2.asm.obj (.text:__aeabi_cdcmple)
                  2000cb9e    00000086                           : fd_cmp_t2.asm.obj (.text:__aeabi_cdrcmple)
                  2000cc24    00000084     simplelink.a : wlan.obj (.text:sl_WlanRxFilterSet)
                  2000cca8    00000082     driverlib.a : gpio.obj (.text:GPIOIntTypeSet)
                  2000cd2a    00000002     --HOLE-- [fill = 0]
                  2000cd2c    00000080     simplelink.a : socket.obj (.text:_sl_HandleAsync_Connect)
                  2000cdac    00000080                  : cc_pal.obj (.text:spi_Read_CPU)
                  2000ce2c    00000080                  : cc_pal.obj (.text:spi_Write_CPU)
                  2000ceac    0000007a     rtsv7M4_T_le_eabi.lib : memset_t2.asm.obj (.text)
                  2000cf26    00000002     --HOLE-- [fill = 0]
                  2000cf28    00000078     simplelink.a : cc_pal.obj (.text:spi_Close)
                  2000cfa0    00000076     driverlib.a : uart.obj (.text:UARTConfigSetExpClk)
                  2000d016    00000002     --HOLE-- [fill = 0]
                  2000d018    00000074     simplelink.a : nonos.obj (.text:_SlNonOsMainLoopTask)
                  2000d08c    0000006e     rtsv7M4_T_le_eabi.lib : _printfi.c.obj (.text:_mcpy)
                  2000d0fa    00000002     --HOLE-- [fill = 0]
                  2000d0fc    0000006c     simplelink.a : driver.obj (.text:_SlDrvCmdSend)
                  2000d168    0000006c                  : netapp.obj (.text:_sl_NetAppSendTokenValue)
                  2000d1d4    00000068     rtsv7M4_T_le_eabi.lib : copy_decompress_lzss.c.obj (.text:decompress:lzss:__TI_decompress_lzss)
                  2000d23c    00000064     simplelink.a : nonos.obj (.text:_SlNonOsSpawn)
                  2000d2a0    00000064                  : socket.obj (.text:_sl_HandleAsync_Accept)
                  2000d304    00000064                  : netapp.obj (.text:sl_NetAppMDNSUnRegisterService)
                  2000d368    00000064     driverlib.a : udma.obj (.text:uDMAChannelAttributeDisable)
                  2000d3cc    00000064                 : udma.obj (.text:uDMAChannelAttributeEnable)
                  2000d430    00000060     simplelink.a : socket.obj (.text:sl_Close)
                  2000d490    00000060                  : wlan.obj (.text:sl_WlanProfileDel)
                  2000d4f0    00000060                  : wlan.obj (.text:sl_WlanSetMode)
                  2000d550    0000005c     rtsv7M4_T_le_eabi.lib : s_frexp.c.obj (.text:frexp)
                  2000d5ac    00000058     driverlib.a : interrupt.obj (.text:IntPendClear)
                  2000d604    00000058                 : prcm.obj (.text:PRCMPeripheralReset)
                  2000d65c    00000056     rtsv7M4_T_le_eabi.lib : _printfi.c.obj (.text:_pconv_f)
                  2000d6b2    00000002     --HOLE-- [fill = 0]
                  2000d6b4    00000054     driverlib.a : interrupt.obj (.text:IntPrioritySet)
                  2000d708    00000054     simplelink.a : driver.obj (.text:_SlDrvRxIrqHandler)
                  2000d75c    00000054     rtsv7M4_T_le_eabi.lib : _ltoa.c.obj (.text:__TI_ltoa)
                  2000d7b0    00000054     simplelink.a : socket.obj (.text:_sl_HandleAsync_Select)
                  2000d804    00000052     rtsv7M4_T_le_eabi.lib : _printfi.c.obj (.text:_ecpy)
                  2000d856    00000002     --HOLE-- [fill = 0]
                  2000d858    00000050     simplelink.a : device.obj (.text:_sl_HandleAsync_Stop)
                  2000d8a8    0000004c     driverlib.a : spi.obj (.text:SPIIntEnable)
                  2000d8f4    0000004c                 : spi.obj (.text:SPIIntNumberGet)
                  2000d940    0000004c     simplelink.a : driver.obj (.text:_SlDrvProtectAsyncRespSetting)
                  2000d98c    0000004c                  : socket.obj (.text:_sl_BuildAddress)
                  2000d9d8    0000004c     rtsv7M4_T_le_eabi.lib : atoi.c.obj (.text:atoi)
                  2000da24    0000004c     driverlib.a : udma.obj (.text:uDMAChannelAssign)
                  2000da70    00000048                 : gpio.obj (.text:GPIOGetIntNumber)
                  2000dab8    00000048                 : spi.obj (.text:SPIIntClear)
                  2000db00    00000048     simplelink.a : driver.obj (.text:_SlDrvBasicCmd)
                  2000db48    00000048     rtsv7M4_T_le_eabi.lib : fd_toi_t2.asm.obj (.text)
                  2000db90    00000044     driverlib.a : spi.obj (.text:SPIDmaMaskGet)
                  2000dbd4    00000044                 : timer.obj (.text:TimerConfigure)
                  2000dc18    00000044     simplelink.a : driver.obj (.text:_SlDrvHandleHttpServerEvents)
                  2000dc5c    00000044                  : driver.obj (.text:_SlDrvSyncObjWaitTimeout)
                  2000dca0    00000044     rtsv7M4_T_le_eabi.lib : autoinit.c.obj (.text:__TI_auto_init_nobinit_nopinit:__TI_auto_init_nobinit_nopinit)
                  2000dce4    00000044     simplelink.a : cc_pal.obj (.text:cc_SetupTransfer)
                  2000dd28    00000042                  : socket.obj (.text:sl_Htonl)
                  2000dd6a    00000002     --HOLE-- [fill = 0]
                  2000dd6c    00000040     driverlib.a : pin.obj (.text:PinModeSet)
                  2000ddac    00000040     simplelink.a : driver.obj (.text:_SlDrvHandleNetAppEvents)
                  2000ddec    00000040                  : driver.obj (.text:_SlDrvHandleWlanEvents)
                  2000de2c    00000040                  : socket.obj (.text:_sl_TruncatePayloadByProtocol)
                  2000de6c    00000040     rtsv7M4_T_le_eabi.lib : sprintf.c.obj (.text:sprintf)
                  2000deac    00000040                           : vsnprintf.c.obj (.text:vsnprintf)
                  2000deec    0000003e     simplelink.a : cc_pal.obj (.text:NwpRegisterInterruptHandler)
                  2000df2a    0000003e     rtsv7M4_T_le_eabi.lib : _printfi.c.obj (.text:_fcpy)
                  2000df68    0000003c     simplelink.a : netapp.obj (.text:CopyPingResultsToReport)
                  2000dfa4    0000003c     driverlib.a : prcm.obj (.text:PRCMPeripheralClkEnable)
                  2000dfe0    0000003c     simplelink.a : cc_pal.obj (.text:simplelink_timerA2_start)
                  2000e01c    0000003c                  : socket.obj (.text:sl_Htons)
                  2000e058    0000003c     driverlib.a : udma.obj (.text:uDMAChannelControlSet)
                  2000e094    00000038     simplelink.a : cc_pal.obj (.text:NwpPowerOff)
                  2000e0cc    00000038                  : wlan.obj (.text:sl_WlanDisconnect)
                  2000e104    00000036     driverlib.a : gpio.obj (.text:GPIODirModeSet)
                  2000e13a    00000002     --HOLE-- [fill = 0]
                  2000e13c    00000034                 : prcm.obj (.text:PRCMPeripheralStatusGet)
                  2000e170    00000034                 : spi.obj (.text:SPIFIFOLevelSet)
                  2000e1a4    00000030                 : pin.obj (.text:PinTypeGPIO)
                  2000e1d4    00000030                 : uart.obj (.text:UARTDisable)
                  2000e204    00000030     rtsv7M4_T_le_eabi.lib : vsnprintf.c.obj (.text:_outs)
                  2000e234    0000002e                           : i_tofd_t2.asm.obj (.text)
                  2000e262    00000002     --HOLE-- [fill = 0]
                  2000e264    0000002c     simplelink.a : cc_pal.obj (.text:NwpPowerOn)
                  2000e290    0000002c     driverlib.a : prcm.obj (.text:PRCMSysResetCauseGet)
                  2000e2bc    0000002c     simplelink.a : driver.obj (.text:_SlDrvObjGlobalLockWaitForever)
                  2000e2e8    0000002c                  : driver.obj (.text:_SlDrvProtectionObjLockWaitForever)
                  2000e314    0000002a     driverlib.a : spi.obj (.text:SPIDataGetNonBlocking)
                  2000e33e    0000002a                 : timer.obj (.text:TimerLoadSet)
                  2000e368    0000002a                 : timer.obj (.text:TimerPrescaleSet)
                  2000e392    00000002     --HOLE-- [fill = 0]
                  2000e394    00000028                 : prcm.obj (.text:PRCMPeripheralClkDisable)
                  2000e3bc    00000028                 : spi.obj (.text:SPIDataPutNonBlocking)
                  2000e3e4    00000028     simplelink.a : driver.obj (.text:_SlDrvGlobalObjUnLock)
                  2000e40c    00000028                  : driver.obj (.text:_SlDrvProtectionObjUnLock)
                  2000e434    00000028                  : driver.obj (.text:_SlDrvSyncObjWaitForever)
                  2000e45c    00000028     rtsv7M4_T_le_eabi.lib : memmov.c.obj (.text:memmove)
                  2000e484    00000026     simplelink.a : driver.obj (.text:_SlDrvObjLockWaitForever)
                  2000e4aa    00000002     --HOLE-- [fill = 0]
                  2000e4ac    00000024                  : cc_pal.obj (.text:DmaSpiSwIntHandler)
                  2000e4d0    00000024     driverlib.a : interrupt.obj (.text:IntUnregister)
                  2000e4f4    00000024                 : uart.obj (.text:UARTEnable)
                  2000e518    00000024     rtsv7M4_T_le_eabi.lib : boot_cortex_m.c.obj (.text:_c_int00_noargs:_c_int00_noargs)
                  2000e53c    00000022     driverlib.a : gpio.obj (.text:GPIOIntStatus)
                  2000e55e    00000022                 : spi.obj (.text:SPIReset)
                  2000e580    00000022                 : spi.obj (.text:SPIWordCountSet)
                  2000e5a2    00000020                 : gpio.obj (.text:GPIOPinWrite)
                  2000e5c2    00000002     --HOLE-- [fill = 0]
                  2000e5c4    00000020                 : interrupt.obj (.text:IntRegister)
                  2000e5e4    00000020     simplelink.a : cc_pal.obj (.text:NwpPrePowerOffTimout0)
                  2000e604    00000020                  : cc_pal.obj (.text:TimerGetCurrentTimestamp)
                  2000e624    00000020                  : driver.obj (.text:_SlDrvObjUnLock)
                  2000e644    00000020                  : driver.obj (.text:_SlDrvSyncObjSignal)
                  2000e664    0000001e     driverlib.a : gpio.obj (.text:GPIOIntRegister)
                  2000e682    0000001e                 : timer.obj (.text:TimerEnable)
                  2000e6a0    0000001e                 : uart.obj (.text:UARTCharPut)
                  2000e6be    0000001e     simplelink.a : cc_pal.obj (.text:cc_UDMAChannelSelect)
                  2000e6dc    0000001c     driverlib.a : timer.obj (.text:TimerValueGet)
                  2000e6f8    0000001c                 : uart.obj (.text:UARTCharGetNonBlocking)
                  2000e714    0000001c     simplelink.a : driver.obj (.text:_SlDrvStartMeasureTimeout)
                  2000e730    0000001c     rtsv7M4_T_le_eabi.lib : copy_zero_init.c.obj (.text:decompress:ZI:__TI_zero_init_nomemset:__TI_zero_init_nomemset)
                  2000e74c    0000001c                           : memccpy.c.obj (.text:memccpy)
                  2000e768    0000001c     driverlib.a : udma.obj (.text:uDMAChannelEnable)
                  2000e784    0000001a                 : gpio.obj (.text:GPIOIntDisable)
                  2000e79e    0000001a                 : gpio.obj (.text:GPIOIntEnable)
                  2000e7b8    0000001a                 : pin.obj (.text:PinTypeSPI)
                  2000e7d2    0000001a                 : pin.obj (.text:PinTypeUART)
                  2000e7ec    0000001a                 : spi.obj (.text:SPIDmaDisable)
                  2000e806    0000001a                 : spi.obj (.text:SPIDmaEnable)
                  2000e820    0000001a                 : spi.obj (.text:SPIFIFODisable)
                  2000e83a    0000001a                 : spi.obj (.text:SPIFIFOEnable)
                  2000e854    0000001a                 : spi.obj (.text:SPIIntUnregister)
                  2000e86e    00000018                 : spi.obj (.text:SPICSDisable)
                  2000e886    00000018                 : spi.obj (.text:SPICSEnable)
                  2000e89e    00000018                 : spi.obj (.text:SPIDisable)
                  2000e8b6    00000018                 : spi.obj (.text:SPIEnable)
                  2000e8ce    00000018                 : uart.obj (.text:UARTCharsAvail)
                  2000e8e6    00000018                 : uart.obj (.text:UARTIntDisable)
                  2000e8fe    00000018     simplelink.a : nonos.obj (.text:_SlNonOsSemSet)
                  2000e916    00000018     rtsv7M4_T_le_eabi.lib : vsnprintf.c.obj (.text:_outc)
                  2000e92e    00000018                           : sprintf.c.obj (.text:_outs)
                  2000e946    00000002     --HOLE-- [fill = 0]
                  2000e948    00000018     simplelink.a : device.obj (.text:_sl_GetStartResponseConvert)
                  2000e960    00000016     driverlib.a : prcm.obj (.text:PRCMHIBRegRead)
                  2000e976    00000016                 : prcm.obj (.text:PRCMHIBRegWrite)
                  2000e98c    00000016                 : uart.obj (.text:UARTFIFOEnable)
                  2000e9a2    00000016     simplelink.a : driver.obj (.text:_SlDrvMemZero)
                  2000e9b8    00000016     rtsv7M4_T_le_eabi.lib : strchr.c.obj (.text:strchr)
                  2000e9ce    00000014     driverlib.a : cpu.obj (.text:CPUcpsie)
                  2000e9e2    00000014                 : gpio.obj (.text:GPIOIntClear)
                  2000e9f6    00000014     rtsv7M4_T_le_eabi.lib : strcpy.c.obj (.text:strcpy)
                  2000ea0a    00000014                           : strlen.c.obj (.text:strlen)
                  2000ea1e    00000012                           : wcslen.c.obj (.text:wcslen)
                  2000ea30    00000010     simplelink.a : driver.obj (.text:_SlDrvDispatchHttpServerEvents)
                  2000ea40    0000000e                  : driver.obj (.text:_SlDrvResetCmdExt)
                  2000ea4e    0000000e     rtsv7M4_T_le_eabi.lib : copy_decompress_none.c.obj (.text:decompress:none:__TI_decompress_none)
                  2000ea5c    0000000c     simplelink.a : cc_pal.obj (.text:NwpMaskInterrupt)
                  2000ea68    0000000c                  : cc_pal.obj (.text:NwpUnMaskInterrupt)
                  2000ea74    0000000c     rtsv7M4_T_le_eabi.lib : s_copysign.c.obj (.text:copysign)
                  2000ea80    0000000a     driverlib.a : interrupt.obj (.text:IntMasterEnable)
                  2000ea8a    0000000a     rtsv7M4_T_le_eabi.lib : sprintf.c.obj (.text:_outc)
                  2000ea94    00000008                           : errno.c.obj (.text:__aeabi_errno_addr)
                  2000ea9c    00000006     driverlib.a : utils.obj (.text:UtilsDelay)
                  2000eaa2    00000004     rtsv7M4_T_le_eabi.lib : pre_init.c.obj (.text:_system_pre_init)
                  2000eaa6    00000004                           : exit.c.obj (.text:abort:abort)

.const     0    2000eaac    00000ac4     
                  2000eaac    000004fb     Adafruit_GFX.obj (.const:.string:font)
                  2000efa7    00000101     rtsv7M4_T_le_eabi.lib : ctype.c.obj (.const:.string:_ctypes_)
                  2000f0a8    00000100     driverlib.a : pin.obj (.const:g_ulPinToPadMap)
                  2000f1a8    000000d4                 : interrupt.obj (.const:g_pulRegs)
                  2000f27c    000000a8                 : prcm.obj (.const:PRCM_PeriphRegsList)
                  2000f324    0000003c     simplelink.a : driver.obj (.const:OpcodeTranslateTable)
                  2000f360    00000038                  : driver.obj (.const:_SlActionLookupTable)
                  2000f398    0000002c     network_utils.obj (.const:$P$T1$2)
                  2000f3c4    00000024     driverlib.a : spi.obj (.const:g_ppulSPIIntMap)
                  2000f3e8    00000022     network_utils.obj (.const:.string:$P$T0$1)
                  2000f40a    00000002     --HOLE-- [fill = 0]
                  2000f40c    00000020     simplelink.a : driver.obj (.const:RxMsgClassLUT)
                  2000f42c    00000018     driverlib.a : interrupt.obj (.const:g_pulDisRegs)
                  2000f444    00000018                 : interrupt.obj (.const:g_pulEnRegs)
                  2000f45c    00000018                 : interrupt.obj (.const:g_pulUnpendRegs)
                  2000f474    00000018                 : spi.obj (.const:g_ulSPIDmaMaskMap)
                  2000f48c    00000014     simplelink.a : driver.obj (.const:$P$T0$1)
                  2000f4a0    00000014                  : nonos.obj (.const:$P$T0$1)
                  2000f4b4    00000014     network_utils.obj (.const:$P$T2$3)
                  2000f4c8    00000010     simplelink.a : socket.obj (.const:.string:_SlPayloadByProtocolLUT)
                  2000f4d8    0000000c     network_utils.obj (.const:$P$T4$5)
                  2000f4e4    0000000c     network_utils.obj (.const:.string:$P$T3$4)
                  2000f4f0    00000009     main.obj (.const:.string:$P$T0$1)
                  2000f4f9    00000008     simplelink.a : device.obj (.const:StartResponseLUT)
                  2000f501    00000003     --HOLE-- [fill = 0]
                  2000f504    00000008                  : driver.obj (.const:g_H2NCnysPattern)
                  2000f50c    00000008                  : driver.obj (.const:g_H2NSyncPattern)
                  2000f514    00000005     main.obj (.const:.string:$P$T1$2)
                  2000f519    00000001     --HOLE-- [fill = 0]
                  2000f51a    00000004     simplelink.a : wlan.obj (.const:$P$T0$1)
                  2000f51e    00000004                  : socket.obj (.const:$P$T2$3)
                  2000f522    00000004                  : device.obj (.const:_SlDeviceGetCmdCtrl)
                  2000f526    00000004                  : device.obj (.const:_SlDeviceSetCmdCtrl)
                  2000f52a    00000004                  : netapp.obj (.const:_SlGetHostByNameCtrl)
                  2000f52e    00000004                  : netapp.obj (.const:_SlNetAppSendTokenValueCmdCtrl)
                  2000f532    00000004                  : netcfg.obj (.const:_SlNetCfgSetCmdCtrl)
                  2000f536    00000004                  : wlan.obj (.const:_SlPolicySetCmdCtrl)
                  2000f53a    00000004                  : wlan.obj (.const:_SlProfileDelCmdCtrl)
                  2000f53e    00000004                  : socket.obj (.const:_SlRecvCmdCtrl)
                  2000f542    00000004                  : netapp.obj (.const:_SlRegisterServiceCtrl)
                  2000f546    00000004                  : wlan.obj (.const:_SlRxFilterSetCmdCtrl)
                  2000f54a    00000004                  : socket.obj (.const:_SlSendCmdCtrl)
                  2000f54e    00000004                  : socket.obj (.const:_SlSetSockOptCmdCtrl)
                  2000f552    00000004                  : socket.obj (.const:_SlSockCloseCmdCtrl)
                  2000f556    00000004                  : socket.obj (.const:_SlSockSocketCmdCtrl)
                  2000f55a    00000004                  : device.obj (.const:_SlStopCmdCtrl)
                  2000f55e    00000004                  : wlan.obj (.const:_SlWlanCfgSetCmdCtrl)
                  2000f562    00000004                  : wlan.obj (.const:_SlWlanSetModeCmdCtrl)
                  2000f566    00000002     --HOLE-- [fill = 0]
                  2000f568    00000004                  : driver.obj (.const:httpServer_callbacks)
                  2000f56c    00000004                  : driver.obj (.const:netApp_callbacks)

.cinit     0    2000f570    00000058     
                  2000f570    0000002d     (.cinit..data.load) [load image, compression = lzss]
                  2000f59d    00000003     --HOLE-- [fill = 0]
                  2000f5a0    0000000c     (__TI_handler_table)
                  2000f5ac    00000004     --HOLE-- [fill = 0]
                  2000f5b0    00000008     (.cinit..bss.load) [load image, compression = zero_init]
                  2000f5b8    00000010     (__TI_cinit_table)

.bss       0    20017000    00000227     UNINITIALIZED
                  20017000    00000168     simplelink.a : driver.obj (.bss:g_StatMem)
                  20017168    00000050     (.common:g_ucDinDout)
                  200171b8    0000002c     (.common:g_time)
                  200171e4    00000024     (.common:g_ucConnectionSSID)
                  20017208    00000008     (.common:g_app_config)
                  20017210    00000008     (.common:g_ucConnectionBSSID)
                  20017218    00000004     uart_if.obj (.bss)
                  2001721c    00000004     (.common:g_Host)
                  20017220    00000004     (.common:g_port)
                  20017224    00000001     (.common:RxIrqCnt)
                  20017225    00000001     (.common:g_bDeviceRestartIsRequired)
                  20017226    00000001     (.common:g_cDummy)

.data      0    20017228    00000110     UNINITIALIZED
                  20017228    00000044     main.obj (.data)
                  2001726c    00000041     main.obj (.data:g_composeBuf)
                  200172ad    00000003     --HOLE--
                  200172b0    0000003c     simplelink.a : nonos.obj (.data:g__SlNonOsCB)
                  200172ec    00000015     Adafruit_GFX.obj (.data)
                  20017301    00000003     --HOLE--
                  20017304    0000000d     network_utils.obj (.data)
                  20017311    00000003     --HOLE--
                  20017314    0000000d     simplelink.a : driver.obj (.data)
                  20017321    00000003     --HOLE--
                  20017324    00000009                  : cc_pal.obj (.data)
                  2001732d    00000003     --HOLE--
                  20017330    00000004     rtsv7M4_T_le_eabi.lib : errno.c.obj (.data)
                  20017334    00000004     simplelink.a : driver.obj (.data:wlan_callbacks)

.stack     0    2002fae8    00000518     UNINITIALIZED
                  2002fae8    00000004     rtsv7M4_T_le_eabi.lib : boot_cortex_m.c.obj (.stack)
                  2002faec    00000514     --HOLE--

__llvm_prf_cnts 
*          0    20017000    00000000     UNINITIALIZED

MODULE SUMMARY

       Module                       code    ro data   rw data
       ------                       ----    -------   -------
    .\
       main.obj                     6420    14        133    
       Adafruit_GFX.obj             2688    1275      21     
       Adafruit_OLED.obj            1258    0         0      
       uart_if.obj                  532     0         4      
       pinmux.obj                   336     0         0      
    +--+----------------------------+-------+---------+---------+
       Total:                       11234   1289      158    
                                                             
    .\utils\
       network_utils.obj            4192    122       117    
    +--+----------------------------+-------+---------+---------+
       Total:                       4192    122       117    
                                                             
    C:/ti/CC3200SDK_1.5.0/cc3200-sdk/driverlib/ccs/Release/driverlib.a
       prcm.obj                     852     168       0      
       spi.obj                      880     60        0      
       interrupt.obj                588     284       0      
       udma.obj                     604     0         0      
       pin.obj                      300     256       0      
       gpio.obj                     424     0         0      
       uart.obj                     330     0         0      
       timer.obj                    210     0         0      
       cpu.obj                      20      0         0      
       utils.obj                    6       0         0      
    +--+----------------------------+-------+---------+---------+
       Total:                       4214    768       0      
                                                             
    C:/ti/CC3200SDK_1.5.0/cc3200-sdk/simplelink/ccs/NON_OS/simplelink.a
       driver.obj                   7906    192       379    
       cc_pal.obj                   1820    0         90     
       socket.obj                   1830    40        0      
       netapp.obj                   1572    12        0      
       wlan.obj                     1316    24        0      
       device.obj                   1230    20        0      
       nonos.obj                    416     20        60     
       netcfg.obj                   152     4         0      
    +--+----------------------------+-------+---------+---------+
       Total:                       16242   312       529    
                                                             
    C:\ti\ccs1250\ccs\tools\compiler\ti-cgt-arm_20.2.7.LTS\lib\rtsv7M4_T_le_eabi.lib
       _printfi.c.obj               4835    0         0      
       fd_add_t2.asm.obj            438     0         0      
       fd_div_t2.asm.obj            310     0         0      
       fd_cmp_t2.asm.obj            268     0         0      
       ctype.c.obj                  0       257       0      
       fd_mul_t2.asm.obj            252     0         0      
       s_scalbn.c.obj               208     0         0      
       memcpy_t2.asm.obj            156     0         0      
       ull_div_t2.asm.obj           150     0         0      
       vsnprintf.c.obj              136     0         0      
       memset_t2.asm.obj            122     0         0      
       copy_decompress_lzss.c.obj   104     0         0      
       sprintf.c.obj                98      0         0      
       s_frexp.c.obj                92      0         0      
       _ltoa.c.obj                  84      0         0      
       atoi.c.obj                   76      0         0      
       fd_toi_t2.asm.obj            72      0         0      
       autoinit.c.obj               68      0         0      
       i_tofd_t2.asm.obj            46      0         0      
       memmov.c.obj                 40      0         0      
       boot_cortex_m.c.obj          36      0         0      
       copy_zero_init.c.obj         28      0         0      
       memccpy.c.obj                28      0         0      
       strchr.c.obj                 22      0         0      
       strcpy.c.obj                 20      0         0      
       strlen.c.obj                 20      0         0      
       wcslen.c.obj                 18      0         0      
       copy_decompress_none.c.obj   14      0         0      
       errno.c.obj                  8       0         4      
       s_copysign.c.obj             12      0         0      
       exit.c.obj                   4       0         0      
       pre_init.c.obj               4       0         0      
       div0.asm.obj                 2       0         0      
    +--+----------------------------+-------+---------+---------+
       Total:                       7771    257       4      
                                                             
       Stack:                       0       0         1304   
       Linker Generated:            0       81        0      
    +--+----------------------------+-------+---------+---------+
       Grand Total:                 43653   2829      2112   


LINKER GENERATED COPY TABLES

__TI_cinit_table @ 2000f5b8 records: 2, size/record: 8, table size: 16
	.data: load addr=2000f570, load size=0000002d bytes, run addr=20017228, run size=00000110 bytes, compression=lzss
	.bss: load addr=2000f5b0, load size=00000008 bytes, run addr=20017000, run size=00000227 bytes, compression=zero_init


LINKER GENERATED HANDLER TABLE

__TI_handler_table @ 2000f5a0 records: 3, size/record: 4, table size: 12
	index: 0, handler: __TI_decompress_lzss
	index: 1, handler: __TI_decompress_none
	index: 2, handler: __TI_zero_init


GLOBAL SYMBOLS: SORTED ALPHABETICALLY BY Name 

address   name                                  
-------   ----                                  
200084a1  Adafruit_Init                         
20004cf5  ButtonPressControl                    
2000eaa7  C$$EXIT                               
2000e9cf  CPUcpsie                              
20009031  ClearTerm                             
20008617  Color565                              
2000e4ad  DmaSpiSwIntHandler                    
2000903b  Error                                 
2000e105  GPIODirModeSet                        
2000e9e3  GPIOIntClear                          
2000e785  GPIOIntDisable                        
2000e79f  GPIOIntEnable                         
2000e665  GPIOIntRegister                       
2000e53d  GPIOIntStatus                         
2000cca9  GPIOIntTypeSet                        
2000e5a3  GPIOPinWrite                          
20005a01  GPIO_IF_LedConfigure                  
20005a51  GPIO_IF_LedOff                        
20005a11  GPIO_IF_LedOn                         
20009073  GetCmd                                
20008ff1  InitTerm                              
2000bd95  IntDisable                            
2000be3d  IntEnable                             
2000ea81  IntMasterEnable                       
2000d5ad  IntPendClear                          
2000d6b5  IntPrioritySet                        
2000e5c5  IntRegister                           
2000e4d1  IntUnregister                         
2000900f  Message                               
2000ea5d  NwpMaskInterrupt                      
2000e095  NwpPowerOff                           
2000e265  NwpPowerOn                            
2000e5e5  NwpPrePowerOffTimout0                 
2000deed  NwpRegisterInterruptHandler           
2000ea69  NwpUnMaskInterrupt                    
20004031  OLED_DrawBackgroundGuardianGraphic    
2000428d  OLED_DrawCurrentState                 
200040eb  OLED_DrawLoadingScreen                
200041ab  OLED_DrawMenuBackground               
20004485  OLED_PrintMenuPage                    
200041f7  OLED_RemoveGraphic                    
2000420b  OLED_StatusUpdate                     
2000f324  OpcodeTranslateTable                  
2000731f  Outstr                                
20009fa9  PRCMCC3200MCUInit                     
2000e961  PRCMHIBRegRead                        
2000e977  PRCMHIBRegWrite                       
2000e395  PRCMPeripheralClkDisable              
2000dfa5  PRCMPeripheralClkEnable               
2000c591  PRCMPeripheralClockGet                
2000d605  PRCMPeripheralReset                   
2000e13d  PRCMPeripheralStatusGet               
2000e291  PRCMSysResetCauseGet                  
2000ca91  PinConfigSet                          
2000dd6d  PinModeSet                            
2000a3e1  PinMuxConfig                          
2000e1a5  PinTypeGPIO                           
2000e7b9  PinTypeSPI                            
2000e7d3  PinTypeUART                           
200091b1  Report                                
20017224  RxIrqCnt                              
2000e86f  SPICSDisable                          
2000e887  SPICSEnable                           
2000bf89  SPIConfigSetExpClk                    
2000e315  SPIDataGetNonBlocking                 
2000e3bd  SPIDataPutNonBlocking                 
2000e89f  SPIDisable                            
2000e7ed  SPIDmaDisable                         
2000e807  SPIDmaEnable                          
2000e8b7  SPIEnable                             
2000e821  SPIFIFODisable                        
2000e83b  SPIFIFOEnable                         
2000e171  SPIFIFOLevelSet                       
2000dab9  SPIIntClear                           
2000d8a9  SPIIntEnable                          
2000e855  SPIIntUnregister                      
2000e55f  SPIReset                              
2000e581  SPIWordCountSet                       
20005c6d  SimpleLinkGeneralEventHandler         
20005c49  SimpleLinkHttpServerCallback          
20005ba7  SimpleLinkNetAppEventHandler          
20005c8d  SimpleLinkSockEventHandler            
20005a99  SimpleLinkWlanEventHandler            
2000dbd5  TimerConfigure                        
2000e683  TimerEnable                           
2000e605  TimerGetCurrentTimestamp              
2000e33f  TimerLoadSet                          
2000e369  TimerPrescaleSet                      
2000e6dd  TimerValueGet                         
20009119  TrimSpace                             
2000e6f9  UARTCharGetNonBlocking                
2000e6a1  UARTCharPut                           
2000e8cf  UARTCharsAvail                        
2000cfa1  UARTConfigSetExpClk                   
2000e1d5  UARTDisable                           
2000e4f5  UARTEnable                            
2000e98d  UARTFIFOEnable                        
2000e8e7  UARTIntDisable                        
2000ea9d  UtilsDelay                            
2000f360  _SlActionLookupTable                  
2000bee5  _SlDriverHandleError                  
2000db01  _SlDrvBasicCmd                        
2000bb71  _SlDrvCmdOp                           
2000d0fd  _SlDrvCmdSend                         
20009205  _SlDrvDataReadOp                      
2000a291  _SlDrvDataWriteOp                     
2000c165  _SlDrvDeviceEventHandler              
2000ea31  _SlDrvDispatchHttpServerEvents        
2000aca9  _SlDrvDriverCBDeinit                  
2000993d  _SlDrvDriverCBInit                    
2000e3e5  _SlDrvGlobalObjUnLock                 
2000dc19  _SlDrvHandleHttpServerEvents          
2000ddad  _SlDrvHandleNetAppEvents              
2000dded  _SlDrvHandleWlanEvents                
2000c8ed  _SlDrvIsTimeoutExpired                
2000e9a3  _SlDrvMemZero                         
2000b59d  _SlDrvMsgReadSpawnCtx                 
2000aef9  _SlDrvNetAppEventHandler              
2000e485  _SlDrvObjLockWaitForever              
2000e625  _SlDrvObjUnLock                       
2000d941  _SlDrvProtectAsyncRespSetting         
2000e2e9  _SlDrvProtectionObjLockWaitForever    
2000e40d  _SlDrvProtectionObjUnLock             
200093e9  _SlDrvReleasePoolObj                  
2000ea41  _SlDrvResetCmdExt                     
2000d709  _SlDrvRxIrqHandler                    
2000e715  _SlDrvStartMeasureTimeout             
2000e645  _SlDrvSyncObjSignal                   
2000e435  _SlDrvSyncObjWaitForever              
2000dc5d  _SlDrvSyncObjWaitTimeout              
20009c8d  _SlDrvWaitForPoolObj                  
2000f52e  _SlNetAppSendTokenValueCmdCtrl        
2000d019  _SlNonOsMainLoopTask                  
2000bce5  _SlNonOsSemGet                        
2000e8ff  _SlNonOsSemSet                        
2000d23d  _SlNonOsSpawn                         
20030000  __STACK_END                           
00000518  __STACK_SIZE                          
2000f5b8  __TI_CINIT_Base                       
2000f5c8  __TI_CINIT_Limit                      
2000f5a0  __TI_Handler_Table_Base               
2000f5ac  __TI_Handler_Table_Limit              
2000dca1  __TI_auto_init_nobinit_nopinit        
2000d1d5  __TI_decompress_lzss                  
2000ea4f  __TI_decompress_none                  
2000d75d  __TI_ltoa                             
ffffffff  __TI_pprof_out_hndl                   
200073f5  __TI_printfi                          
ffffffff  __TI_prof_data_size                   
ffffffff  __TI_prof_data_start                  
2000f570  __TI_static_base__                    
2000e731  __TI_zero_init_nomemset               
2000cb19  __aeabi_cdcmpeq                       
2000cb19  __aeabi_cdcmple                       
2000cb9f  __aeabi_cdrcmple                      
2000db49  __aeabi_d2iz                          
2000978f  __aeabi_dadd                          
2000aa3d  __aeabi_ddiv                          
2000affd  __aeabi_dmul                          
20009785  __aeabi_dsub                          
2000ea95  __aeabi_errno_addr                    
2000e235  __aeabi_i2d                           
200088bf  __aeabi_idiv0                         
200088bf  __aeabi_ldiv0                         
2000cead  __aeabi_memclr                        
2000cead  __aeabi_memclr4                       
2000cead  __aeabi_memclr8                       
2000c0c9  __aeabi_memcpy                        
2000c0c9  __aeabi_memcpy4                       
2000c0c9  __aeabi_memcpy8                       
2000ceaf  __aeabi_memset                        
2000ceaf  __aeabi_memset4                       
2000ceaf  __aeabi_memset8                       
2000c4f9  __aeabi_uldivmod                      
ffffffff  __binit__                             
ffffffff  __c_args__                            
UNDEFED   __mpu_init                            
2002fae8  __stack                               
20017000  __start___llvm_prf_cnts               
20017000  __stop___llvm_prf_cnts                
2000e519  _c_int00_noargs                       
2000efa7  _ctypes_                              
2000d2a1  _sl_HandleAsync_Accept                
2000cd2d  _sl_HandleAsync_Connect               
2000c625  _sl_HandleAsync_DnsGetHostByName      
2000b915  _sl_HandleAsync_DnsGetHostByService   
2000c979  _sl_HandleAsync_InitComplete          
2000c6b5  _sl_HandleAsync_PingResponse          
2000d7b1  _sl_HandleAsync_Select                
2000d859  _sl_HandleAsync_Stop                  
2000d169  _sl_NetAppSendTokenValue              
UNDEFED   _system_post_cinit                    
2000eaa3  _system_pre_init                      
2000eaa7  abort                                 
2000d9d9  atoi                                  
ffffffff  binit                                 
2000664d  connectToAccessPoint                  
20017264  connected                             
2000ea75  copysign                              
2000ea75  copysignl                             
20017268  currentOption                         
200172ec  cursor_x                              
200172f0  cursor_y                              
200071d3  drawChar                              
20006975  drawCircle                            
20006aa9  drawCircleHelper                      
200087c9  drawFastHLine                         
2000872d  drawFastVLine                         
20006cef  drawLine                              
20008865  drawPixel                             
20006ddb  drawRect                              
20006e29  drawRoundRect                         
20006f91  drawTriangle                          
20017330  errno                                 
20006bc7  fillCircle                            
20006c01  fillCircleHelper                      
20008679  fillRect                              
20006f17  fillRoundRect                         
20008659  fillScreen                            
20006fd3  fillTriangle                          
2000d551  frexp                                 
2000d551  frexpl                                
2001721c  g_Host                                
20017314  g_SlDeviceStatus                      
20017324  g_SpiFd                               
200172b0  g__SlNonOsCB                          
20017208  g_app_config                          
20017225  g_bDeviceRestartIsRequired            
20017226  g_cDummy                              
20017318  g_pCB                                 
20017328  g_pHostIntHdl                         
20017220  g_port                                
200171b8  g_time                                
20017210  g_ucConnectionBSSID                   
200171e4  g_ucConnectionSSID                    
2001732c  g_ucDMAEnabled                        
20017168  g_ucDinDout                           
2001730c  g_ulGatewayIP                         
20017308  g_ulPingPacketsRecv                   
20017304  g_ulStatus                            
200085d3  goTo                                  
200073d3  height                                
200088a3  invert                                
2000b845  ldexp                                 
2000b845  ldexpl                                
20004da1  main                                  
2000e74d  memccpy                               
2000c0c9  memcpy                                
2000e45d  memmove                               
2000ceb5  memset                                
2001731c  pPingCallBackFunc                     
2000b845  scalbn                                
2000b845  scalbnl                               
2000736b  setCursor                             
200073a3  setTextColor                          
20007383  setTextSize                           
200073bb  setTextWrap                           
2000dfe1  simplelink_timerA2_start              
2000d431  sl_Close                              
20009e1d  sl_Connect                            
2000b9e1  sl_DevGet                             
2000c201  sl_DevSet                             
2000dd29  sl_Htonl                              
2000e01d  sl_Htons                              
2000a7bd  sl_NetAppDnsGetHostByName             
2000b685  sl_NetAppMDNSRegisterUnregisterService
2000d305  sl_NetAppMDNSUnRegisterService        
2000c299  sl_NetCfgSet                          
20005915  sl_Provisioning_HttpServerEventHdl    
20005923  sl_Provisioning_NetAppEventHdl        
2000592f  sl_Provisioning_WlanEventHdl          
2000c029  sl_Recv                               
2000ab75  sl_Send                               
2000c331  sl_SetSockOpt                         
2000ca05  sl_Socket                             
2000b3c9  sl_Start                              
2000b0f9  sl_Stop                               
200088c1  sl_WlanConnect                        
2000e0cd  sl_WlanDisconnect                     
2000c745  sl_WlanPolicySet                      
2000d491  sl_WlanProfileDel                     
2000cc25  sl_WlanRxFilterSet                    
2000c3c9  sl_WlanSet                            
2000d4f1  sl_WlanSetMode                        
2000cf29  spi_Close                             
2000a531  spi_Open                              
2000b1e9  spi_Read                              
2000c461  spi_Write                             
2000de6d  sprintf                               
2000e9b9  strchr                                
2000e9f7  strcpy                                
2000ea0b  strlen                                
200172fc  textbgcolor                           
200172f8  textcolor                             
200172f4  textsize                              
20006445  tls_connect                           
2000da25  uDMAChannelAssign                     
2000d369  uDMAChannelAttributeDisable           
2000d3cd  uDMAChannelAttributeEnable            
2000e059  uDMAChannelControlSet                 
2000e769  uDMAChannelEnable                     
2000b2d9  uDMAChannelTransferSet                
2000dead  vsnprintf                             
2000ea1f  wcslen                                
200073cf  width                                 
20017300  wrap                                  
20008431  writeCommand                          
20008469  writeData                             


GLOBAL SYMBOLS: SORTED BY Symbol Address 

address   name                                  
-------   ----                                  
00000518  __STACK_SIZE                          
20004031  OLED_DrawBackgroundGuardianGraphic    
200040eb  OLED_DrawLoadingScreen                
200041ab  OLED_DrawMenuBackground               
200041f7  OLED_RemoveGraphic                    
2000420b  OLED_StatusUpdate                     
2000428d  OLED_DrawCurrentState                 
20004485  OLED_PrintMenuPage                    
20004cf5  ButtonPressControl                    
20004da1  main                                  
20005915  sl_Provisioning_HttpServerEventHdl    
20005923  sl_Provisioning_NetAppEventHdl        
2000592f  sl_Provisioning_WlanEventHdl          
20005a01  GPIO_IF_LedConfigure                  
20005a11  GPIO_IF_LedOn                         
20005a51  GPIO_IF_LedOff                        
20005a99  SimpleLinkWlanEventHandler            
20005ba7  SimpleLinkNetAppEventHandler          
20005c49  SimpleLinkHttpServerCallback          
20005c6d  SimpleLinkGeneralEventHandler         
20005c8d  SimpleLinkSockEventHandler            
20006445  tls_connect                           
2000664d  connectToAccessPoint                  
20006975  drawCircle                            
20006aa9  drawCircleHelper                      
20006bc7  fillCircle                            
20006c01  fillCircleHelper                      
20006cef  drawLine                              
20006ddb  drawRect                              
20006e29  drawRoundRect                         
20006f17  fillRoundRect                         
20006f91  drawTriangle                          
20006fd3  fillTriangle                          
200071d3  drawChar                              
2000731f  Outstr                                
2000736b  setCursor                             
20007383  setTextSize                           
200073a3  setTextColor                          
200073bb  setTextWrap                           
200073cf  width                                 
200073d3  height                                
200073f5  __TI_printfi                          
20008431  writeCommand                          
20008469  writeData                             
200084a1  Adafruit_Init                         
200085d3  goTo                                  
20008617  Color565                              
20008659  fillScreen                            
20008679  fillRect                              
2000872d  drawFastVLine                         
200087c9  drawFastHLine                         
20008865  drawPixel                             
200088a3  invert                                
200088bf  __aeabi_idiv0                         
200088bf  __aeabi_ldiv0                         
200088c1  sl_WlanConnect                        
20008ff1  InitTerm                              
2000900f  Message                               
20009031  ClearTerm                             
2000903b  Error                                 
20009073  GetCmd                                
20009119  TrimSpace                             
200091b1  Report                                
20009205  _SlDrvDataReadOp                      
200093e9  _SlDrvReleasePoolObj                  
20009785  __aeabi_dsub                          
2000978f  __aeabi_dadd                          
2000993d  _SlDrvDriverCBInit                    
20009c8d  _SlDrvWaitForPoolObj                  
20009e1d  sl_Connect                            
20009fa9  PRCMCC3200MCUInit                     
2000a291  _SlDrvDataWriteOp                     
2000a3e1  PinMuxConfig                          
2000a531  spi_Open                              
2000a7bd  sl_NetAppDnsGetHostByName             
2000aa3d  __aeabi_ddiv                          
2000ab75  sl_Send                               
2000aca9  _SlDrvDriverCBDeinit                  
2000aef9  _SlDrvNetAppEventHandler              
2000affd  __aeabi_dmul                          
2000b0f9  sl_Stop                               
2000b1e9  spi_Read                              
2000b2d9  uDMAChannelTransferSet                
2000b3c9  sl_Start                              
2000b59d  _SlDrvMsgReadSpawnCtx                 
2000b685  sl_NetAppMDNSRegisterUnregisterService
2000b845  ldexp                                 
2000b845  ldexpl                                
2000b845  scalbn                                
2000b845  scalbnl                               
2000b915  _sl_HandleAsync_DnsGetHostByService   
2000b9e1  sl_DevGet                             
2000bb71  _SlDrvCmdOp                           
2000bce5  _SlNonOsSemGet                        
2000bd95  IntDisable                            
2000be3d  IntEnable                             
2000bee5  _SlDriverHandleError                  
2000bf89  SPIConfigSetExpClk                    
2000c029  sl_Recv                               
2000c0c9  __aeabi_memcpy                        
2000c0c9  __aeabi_memcpy4                       
2000c0c9  __aeabi_memcpy8                       
2000c0c9  memcpy                                
2000c165  _SlDrvDeviceEventHandler              
2000c201  sl_DevSet                             
2000c299  sl_NetCfgSet                          
2000c331  sl_SetSockOpt                         
2000c3c9  sl_WlanSet                            
2000c461  spi_Write                             
2000c4f9  __aeabi_uldivmod                      
2000c591  PRCMPeripheralClockGet                
2000c625  _sl_HandleAsync_DnsGetHostByName      
2000c6b5  _sl_HandleAsync_PingResponse          
2000c745  sl_WlanPolicySet                      
2000c8ed  _SlDrvIsTimeoutExpired                
2000c979  _sl_HandleAsync_InitComplete          
2000ca05  sl_Socket                             
2000ca91  PinConfigSet                          
2000cb19  __aeabi_cdcmpeq                       
2000cb19  __aeabi_cdcmple                       
2000cb9f  __aeabi_cdrcmple                      
2000cc25  sl_WlanRxFilterSet                    
2000cca9  GPIOIntTypeSet                        
2000cd2d  _sl_HandleAsync_Connect               
2000cead  __aeabi_memclr                        
2000cead  __aeabi_memclr4                       
2000cead  __aeabi_memclr8                       
2000ceaf  __aeabi_memset                        
2000ceaf  __aeabi_memset4                       
2000ceaf  __aeabi_memset8                       
2000ceb5  memset                                
2000cf29  spi_Close                             
2000cfa1  UARTConfigSetExpClk                   
2000d019  _SlNonOsMainLoopTask                  
2000d0fd  _SlDrvCmdSend                         
2000d169  _sl_NetAppSendTokenValue              
2000d1d5  __TI_decompress_lzss                  
2000d23d  _SlNonOsSpawn                         
2000d2a1  _sl_HandleAsync_Accept                
2000d305  sl_NetAppMDNSUnRegisterService        
2000d369  uDMAChannelAttributeDisable           
2000d3cd  uDMAChannelAttributeEnable            
2000d431  sl_Close                              
2000d491  sl_WlanProfileDel                     
2000d4f1  sl_WlanSetMode                        
2000d551  frexp                                 
2000d551  frexpl                                
2000d5ad  IntPendClear                          
2000d605  PRCMPeripheralReset                   
2000d6b5  IntPrioritySet                        
2000d709  _SlDrvRxIrqHandler                    
2000d75d  __TI_ltoa                             
2000d7b1  _sl_HandleAsync_Select                
2000d859  _sl_HandleAsync_Stop                  
2000d8a9  SPIIntEnable                          
2000d941  _SlDrvProtectAsyncRespSetting         
2000d9d9  atoi                                  
2000da25  uDMAChannelAssign                     
2000dab9  SPIIntClear                           
2000db01  _SlDrvBasicCmd                        
2000db49  __aeabi_d2iz                          
2000dbd5  TimerConfigure                        
2000dc19  _SlDrvHandleHttpServerEvents          
2000dc5d  _SlDrvSyncObjWaitTimeout              
2000dca1  __TI_auto_init_nobinit_nopinit        
2000dd29  sl_Htonl                              
2000dd6d  PinModeSet                            
2000ddad  _SlDrvHandleNetAppEvents              
2000dded  _SlDrvHandleWlanEvents                
2000de6d  sprintf                               
2000dead  vsnprintf                             
2000deed  NwpRegisterInterruptHandler           
2000dfa5  PRCMPeripheralClkEnable               
2000dfe1  simplelink_timerA2_start              
2000e01d  sl_Htons                              
2000e059  uDMAChannelControlSet                 
2000e095  NwpPowerOff                           
2000e0cd  sl_WlanDisconnect                     
2000e105  GPIODirModeSet                        
2000e13d  PRCMPeripheralStatusGet               
2000e171  SPIFIFOLevelSet                       
2000e1a5  PinTypeGPIO                           
2000e1d5  UARTDisable                           
2000e235  __aeabi_i2d                           
2000e265  NwpPowerOn                            
2000e291  PRCMSysResetCauseGet                  
2000e2e9  _SlDrvProtectionObjLockWaitForever    
2000e315  SPIDataGetNonBlocking                 
2000e33f  TimerLoadSet                          
2000e369  TimerPrescaleSet                      
2000e395  PRCMPeripheralClkDisable              
2000e3bd  SPIDataPutNonBlocking                 
2000e3e5  _SlDrvGlobalObjUnLock                 
2000e40d  _SlDrvProtectionObjUnLock             
2000e435  _SlDrvSyncObjWaitForever              
2000e45d  memmove                               
2000e485  _SlDrvObjLockWaitForever              
2000e4ad  DmaSpiSwIntHandler                    
2000e4d1  IntUnregister                         
2000e4f5  UARTEnable                            
2000e519  _c_int00_noargs                       
2000e53d  GPIOIntStatus                         
2000e55f  SPIReset                              
2000e581  SPIWordCountSet                       
2000e5a3  GPIOPinWrite                          
2000e5c5  IntRegister                           
2000e5e5  NwpPrePowerOffTimout0                 
2000e605  TimerGetCurrentTimestamp              
2000e625  _SlDrvObjUnLock                       
2000e645  _SlDrvSyncObjSignal                   
2000e665  GPIOIntRegister                       
2000e683  TimerEnable                           
2000e6a1  UARTCharPut                           
2000e6dd  TimerValueGet                         
2000e6f9  UARTCharGetNonBlocking                
2000e715  _SlDrvStartMeasureTimeout             
2000e731  __TI_zero_init_nomemset               
2000e74d  memccpy                               
2000e769  uDMAChannelEnable                     
2000e785  GPIOIntDisable                        
2000e79f  GPIOIntEnable                         
2000e7b9  PinTypeSPI                            
2000e7d3  PinTypeUART                           
2000e7ed  SPIDmaDisable                         
2000e807  SPIDmaEnable                          
2000e821  SPIFIFODisable                        
2000e83b  SPIFIFOEnable                         
2000e855  SPIIntUnregister                      
2000e86f  SPICSDisable                          
2000e887  SPICSEnable                           
2000e89f  SPIDisable                            
2000e8b7  SPIEnable                             
2000e8cf  UARTCharsAvail                        
2000e8e7  UARTIntDisable                        
2000e8ff  _SlNonOsSemSet                        
2000e961  PRCMHIBRegRead                        
2000e977  PRCMHIBRegWrite                       
2000e98d  UARTFIFOEnable                        
2000e9a3  _SlDrvMemZero                         
2000e9b9  strchr                                
2000e9cf  CPUcpsie                              
2000e9e3  GPIOIntClear                          
2000e9f7  strcpy                                
2000ea0b  strlen                                
2000ea1f  wcslen                                
2000ea31  _SlDrvDispatchHttpServerEvents        
2000ea41  _SlDrvResetCmdExt                     
2000ea4f  __TI_decompress_none                  
2000ea5d  NwpMaskInterrupt                      
2000ea69  NwpUnMaskInterrupt                    
2000ea75  copysign                              
2000ea75  copysignl                             
2000ea81  IntMasterEnable                       
2000ea95  __aeabi_errno_addr                    
2000ea9d  UtilsDelay                            
2000eaa3  _system_pre_init                      
2000eaa7  C$$EXIT                               
2000eaa7  abort                                 
2000efa7  _ctypes_                              
2000f324  OpcodeTranslateTable                  
2000f360  _SlActionLookupTable                  
2000f52e  _SlNetAppSendTokenValueCmdCtrl        
2000f570  __TI_static_base__                    
2000f5a0  __TI_Handler_Table_Base               
2000f5ac  __TI_Handler_Table_Limit              
2000f5b8  __TI_CINIT_Base                       
2000f5c8  __TI_CINIT_Limit                      
20017000  __start___llvm_prf_cnts               
20017000  __stop___llvm_prf_cnts                
20017168  g_ucDinDout                           
200171b8  g_time                                
200171e4  g_ucConnectionSSID                    
20017208  g_app_config                          
20017210  g_ucConnectionBSSID                   
2001721c  g_Host                                
20017220  g_port                                
20017224  RxIrqCnt                              
20017225  g_bDeviceRestartIsRequired            
20017226  g_cDummy                              
20017264  connected                             
20017268  currentOption                         
200172b0  g__SlNonOsCB                          
200172ec  cursor_x                              
200172f0  cursor_y                              
200172f4  textsize                              
200172f8  textcolor                             
200172fc  textbgcolor                           
20017300  wrap                                  
20017304  g_ulStatus                            
20017308  g_ulPingPacketsRecv                   
2001730c  g_ulGatewayIP                         
20017314  g_SlDeviceStatus                      
20017318  g_pCB                                 
2001731c  pPingCallBackFunc                     
20017324  g_SpiFd                               
20017328  g_pHostIntHdl                         
2001732c  g_ucDMAEnabled                        
20017330  errno                                 
2002fae8  __stack                               
20030000  __STACK_END                           
ffffffff  __TI_pprof_out_hndl                   
ffffffff  __TI_prof_data_size                   
ffffffff  __TI_prof_data_start                  
ffffffff  __binit__                             
ffffffff  __c_args__                            
ffffffff  binit                                 
UNDEFED   __mpu_init                            
UNDEFED   _system_post_cinit                    

[308 symbols]
