<?xml version="1.0" encoding="ISO-8859-1" ?>
<link_info>
   <banner>TI ARM Linker PC v20.2.7.LTS</banner>
   <copyright>Copyright (c) 1996-2018 Texas Instruments Incorporated</copyright>
   <link_time>0x69a1df90</link_time>
   <link_errors>0x0</link_errors>
   <output_file>Final_project_senior.out</output_file>
   <entry_point>
      <name>_c_int00_noargs</name>
      <address>0x2000e5f9</address>
   </entry_point>
   <input_file_list>
      <input_file id="fl-2">
         <path>.\</path>
         <kind>object</kind>
         <file>Adafruit_GFX.obj</file>
         <name>Adafruit_GFX.obj</name>
      </input_file>
      <input_file id="fl-3">
         <path>.\</path>
         <kind>object</kind>
         <file>Adafruit_OLED.obj</file>
         <name>Adafruit_OLED.obj</name>
      </input_file>
      <input_file id="fl-4">
         <path>.\</path>
         <kind>object</kind>
         <file>gpio_if.obj</file>
         <name>gpio_if.obj</name>
      </input_file>
      <input_file id="fl-5">
         <path>.\</path>
         <kind>object</kind>
         <file>i2c_if.obj</file>
         <name>i2c_if.obj</name>
      </input_file>
      <input_file id="fl-6">
         <path>.\</path>
         <kind>object</kind>
         <file>main.obj</file>
         <name>main.obj</name>
      </input_file>
      <input_file id="fl-7">
         <path>.\</path>
         <kind>object</kind>
         <file>oled_test.obj</file>
         <name>oled_test.obj</name>
      </input_file>
      <input_file id="fl-8">
         <path>.\</path>
         <kind>object</kind>
         <file>pinmux.obj</file>
         <name>pinmux.obj</name>
      </input_file>
      <input_file id="fl-9">
         <path>.\</path>
         <kind>object</kind>
         <file>provisioning_stub.obj</file>
         <name>provisioning_stub.obj</name>
      </input_file>
      <input_file id="fl-a">
         <path>.\</path>
         <kind>object</kind>
         <file>uart_if.obj</file>
         <name>uart_if.obj</name>
      </input_file>
      <input_file id="fl-b">
         <path>.\utils\</path>
         <kind>object</kind>
         <file>network_utils.obj</file>
         <name>network_utils.obj</name>
      </input_file>
      <input_file id="fl-11">
         <kind>object</kind>
         <file>&lt;internal&gt;</file>
         <name>&lt;internal&gt;</name>
      </input_file>
      <input_file id="fl-c7">
         <path>C:\ti\ccs1250\ccs\tools\compiler\ti-cgt-arm_20.2.7.LTS\lib\</path>
         <kind>archive</kind>
         <file>rtsv7M4_T_le_eabi.lib</file>
         <name>snprintf.c.obj</name>
      </input_file>
      <input_file id="fl-c8">
         <path>C:\ti\ccs1250\ccs\tools\compiler\ti-cgt-arm_20.2.7.LTS\lib\</path>
         <kind>archive</kind>
         <file>rtsv7M4_T_le_eabi.lib</file>
         <name>vsnprintf.c.obj</name>
      </input_file>
      <input_file id="fl-c9">
         <path>C:\ti\ccs1250\ccs\tools\compiler\ti-cgt-arm_20.2.7.LTS\lib\</path>
         <kind>archive</kind>
         <file>rtsv7M4_T_le_eabi.lib</file>
         <name>memcpy_t2.asm.obj</name>
      </input_file>
      <input_file id="fl-ca">
         <path>C:\ti\ccs1250\ccs\tools\compiler\ti-cgt-arm_20.2.7.LTS\lib\</path>
         <kind>archive</kind>
         <file>rtsv7M4_T_le_eabi.lib</file>
         <name>memset_t2.asm.obj</name>
      </input_file>
      <input_file id="fl-cb">
         <path>C:\ti\ccs1250\ccs\tools\compiler\ti-cgt-arm_20.2.7.LTS\lib\</path>
         <kind>archive</kind>
         <file>rtsv7M4_T_le_eabi.lib</file>
         <name>ull_div_t2.asm.obj</name>
      </input_file>
      <input_file id="fl-cc">
         <path>C:\ti\ccs1250\ccs\tools\compiler\ti-cgt-arm_20.2.7.LTS\lib\</path>
         <kind>archive</kind>
         <file>rtsv7M4_T_le_eabi.lib</file>
         <name>copy_zero_init.c.obj</name>
      </input_file>
      <input_file id="fl-cd">
         <path>C:\ti\ccs1250\ccs\tools\compiler\ti-cgt-arm_20.2.7.LTS\lib\</path>
         <kind>archive</kind>
         <file>rtsv7M4_T_le_eabi.lib</file>
         <name>copy_decompress_none.c.obj</name>
      </input_file>
      <input_file id="fl-ce">
         <path>C:\ti\ccs1250\ccs\tools\compiler\ti-cgt-arm_20.2.7.LTS\lib\</path>
         <kind>archive</kind>
         <file>rtsv7M4_T_le_eabi.lib</file>
         <name>copy_decompress_lzss.c.obj</name>
      </input_file>
      <input_file id="fl-cf">
         <path>C:\ti\ccs1250\ccs\tools\compiler\ti-cgt-arm_20.2.7.LTS\lib\</path>
         <kind>archive</kind>
         <file>rtsv7M4_T_le_eabi.lib</file>
         <name>memmov.c.obj</name>
      </input_file>
      <input_file id="fl-d0">
         <path>C:\ti\ccs1250\ccs\tools\compiler\ti-cgt-arm_20.2.7.LTS\lib\</path>
         <kind>archive</kind>
         <file>rtsv7M4_T_le_eabi.lib</file>
         <name>memory.c.obj</name>
      </input_file>
      <input_file id="fl-d1">
         <path>C:\ti\ccs1250\ccs\tools\compiler\ti-cgt-arm_20.2.7.LTS\lib\</path>
         <kind>archive</kind>
         <file>rtsv7M4_T_le_eabi.lib</file>
         <name>strlen.c.obj</name>
      </input_file>
      <input_file id="fl-d2">
         <path>C:\ti\ccs1250\ccs\tools\compiler\ti-cgt-arm_20.2.7.LTS\lib\</path>
         <kind>archive</kind>
         <file>rtsv7M4_T_le_eabi.lib</file>
         <name>strncmp.c.obj</name>
      </input_file>
      <input_file id="fl-d3">
         <path>C:\ti\ccs1250\ccs\tools\compiler\ti-cgt-arm_20.2.7.LTS\lib\</path>
         <kind>archive</kind>
         <file>rtsv7M4_T_le_eabi.lib</file>
         <name>boot_cortex_m.c.obj</name>
      </input_file>
      <input_file id="fl-d4">
         <path>C:\ti\ccs1250\ccs\tools\compiler\ti-cgt-arm_20.2.7.LTS\lib\</path>
         <kind>archive</kind>
         <file>rtsv7M4_T_le_eabi.lib</file>
         <name>_printfi.c.obj</name>
      </input_file>
      <input_file id="fl-d5">
         <path>C:\ti\ccs1250\ccs\tools\compiler\ti-cgt-arm_20.2.7.LTS\lib\</path>
         <kind>archive</kind>
         <file>rtsv7M4_T_le_eabi.lib</file>
         <name>div0.asm.obj</name>
      </input_file>
      <input_file id="fl-d6">
         <path>C:\ti\ccs1250\ccs\tools\compiler\ti-cgt-arm_20.2.7.LTS\lib\</path>
         <kind>archive</kind>
         <file>rtsv7M4_T_le_eabi.lib</file>
         <name>fd_add_t2.asm.obj</name>
      </input_file>
      <input_file id="fl-d7">
         <path>C:\ti\ccs1250\ccs\tools\compiler\ti-cgt-arm_20.2.7.LTS\lib\</path>
         <kind>archive</kind>
         <file>rtsv7M4_T_le_eabi.lib</file>
         <name>fd_cmp_t2.asm.obj</name>
      </input_file>
      <input_file id="fl-d8">
         <path>C:\ti\ccs1250\ccs\tools\compiler\ti-cgt-arm_20.2.7.LTS\lib\</path>
         <kind>archive</kind>
         <file>rtsv7M4_T_le_eabi.lib</file>
         <name>fd_div_t2.asm.obj</name>
      </input_file>
      <input_file id="fl-d9">
         <path>C:\ti\ccs1250\ccs\tools\compiler\ti-cgt-arm_20.2.7.LTS\lib\</path>
         <kind>archive</kind>
         <file>rtsv7M4_T_le_eabi.lib</file>
         <name>fd_mul_t2.asm.obj</name>
      </input_file>
      <input_file id="fl-da">
         <path>C:\ti\ccs1250\ccs\tools\compiler\ti-cgt-arm_20.2.7.LTS\lib\</path>
         <kind>archive</kind>
         <file>rtsv7M4_T_le_eabi.lib</file>
         <name>fd_toi_t2.asm.obj</name>
      </input_file>
      <input_file id="fl-db">
         <path>C:\ti\ccs1250\ccs\tools\compiler\ti-cgt-arm_20.2.7.LTS\lib\</path>
         <kind>archive</kind>
         <file>rtsv7M4_T_le_eabi.lib</file>
         <name>i_tofd_t2.asm.obj</name>
      </input_file>
      <input_file id="fl-dc">
         <path>C:\ti\ccs1250\ccs\tools\compiler\ti-cgt-arm_20.2.7.LTS\lib\</path>
         <kind>archive</kind>
         <file>rtsv7M4_T_le_eabi.lib</file>
         <name>autoinit.c.obj</name>
      </input_file>
      <input_file id="fl-dd">
         <path>C:\ti\ccs1250\ccs\tools\compiler\ti-cgt-arm_20.2.7.LTS\lib\</path>
         <kind>archive</kind>
         <file>rtsv7M4_T_le_eabi.lib</file>
         <name>pre_init.c.obj</name>
      </input_file>
      <input_file id="fl-de">
         <path>C:\ti\ccs1250\ccs\tools\compiler\ti-cgt-arm_20.2.7.LTS\lib\</path>
         <kind>archive</kind>
         <file>rtsv7M4_T_le_eabi.lib</file>
         <name>cpy_tbl.c.obj</name>
      </input_file>
      <input_file id="fl-df">
         <path>C:\ti\ccs1250\ccs\tools\compiler\ti-cgt-arm_20.2.7.LTS\lib\</path>
         <kind>archive</kind>
         <file>rtsv7M4_T_le_eabi.lib</file>
         <name>exit.c.obj</name>
      </input_file>
      <input_file id="fl-e0">
         <path>C:\ti\ccs1250\ccs\tools\compiler\ti-cgt-arm_20.2.7.LTS\lib\</path>
         <kind>archive</kind>
         <file>rtsv7M4_T_le_eabi.lib</file>
         <name>_lock.c.obj</name>
      </input_file>
      <input_file id="fl-e1">
         <path>C:\ti\ccs1250\ccs\tools\compiler\ti-cgt-arm_20.2.7.LTS\lib\</path>
         <kind>archive</kind>
         <file>rtsv7M4_T_le_eabi.lib</file>
         <name>_ltoa.c.obj</name>
      </input_file>
      <input_file id="fl-e2">
         <path>C:\ti\ccs1250\ccs\tools\compiler\ti-cgt-arm_20.2.7.LTS\lib\</path>
         <kind>archive</kind>
         <file>rtsv7M4_T_le_eabi.lib</file>
         <name>args_main.c.obj</name>
      </input_file>
      <input_file id="fl-e3">
         <path>C:\ti\ccs1250\ccs\tools\compiler\ti-cgt-arm_20.2.7.LTS\lib\</path>
         <kind>archive</kind>
         <file>rtsv7M4_T_le_eabi.lib</file>
         <name>atoi.c.obj</name>
      </input_file>
      <input_file id="fl-e4">
         <path>C:\ti\ccs1250\ccs\tools\compiler\ti-cgt-arm_20.2.7.LTS\lib\</path>
         <kind>archive</kind>
         <file>rtsv7M4_T_le_eabi.lib</file>
         <name>ctype.c.obj</name>
      </input_file>
      <input_file id="fl-e5">
         <path>C:\ti\ccs1250\ccs\tools\compiler\ti-cgt-arm_20.2.7.LTS\lib\</path>
         <kind>archive</kind>
         <file>rtsv7M4_T_le_eabi.lib</file>
         <name>memccpy.c.obj</name>
      </input_file>
      <input_file id="fl-e6">
         <path>C:\ti\ccs1250\ccs\tools\compiler\ti-cgt-arm_20.2.7.LTS\lib\</path>
         <kind>archive</kind>
         <file>rtsv7M4_T_le_eabi.lib</file>
         <name>strchr.c.obj</name>
      </input_file>
      <input_file id="fl-e7">
         <path>C:\ti\ccs1250\ccs\tools\compiler\ti-cgt-arm_20.2.7.LTS\lib\</path>
         <kind>archive</kind>
         <file>rtsv7M4_T_le_eabi.lib</file>
         <name>errno.c.obj</name>
      </input_file>
      <input_file id="fl-e8">
         <path>C:\ti\ccs1250\ccs\tools\compiler\ti-cgt-arm_20.2.7.LTS\lib\</path>
         <kind>archive</kind>
         <file>rtsv7M4_T_le_eabi.lib</file>
         <name>wcslen.c.obj</name>
      </input_file>
      <input_file id="fl-e9">
         <path>C:\ti\ccs1250\ccs\tools\compiler\ti-cgt-arm_20.2.7.LTS\lib\</path>
         <kind>archive</kind>
         <file>rtsv7M4_T_le_eabi.lib</file>
         <name>s_frexp.c.obj</name>
      </input_file>
      <input_file id="fl-ea">
         <path>C:\ti\ccs1250\ccs\tools\compiler\ti-cgt-arm_20.2.7.LTS\lib\</path>
         <kind>archive</kind>
         <file>rtsv7M4_T_le_eabi.lib</file>
         <name>s_scalbn.c.obj</name>
      </input_file>
      <input_file id="fl-eb">
         <path>C:\ti\ccs1250\ccs\tools\compiler\ti-cgt-arm_20.2.7.LTS\lib\</path>
         <kind>archive</kind>
         <file>rtsv7M4_T_le_eabi.lib</file>
         <name>s_copysign.c.obj</name>
      </input_file>
      <input_file id="fl-ec">
         <path>C:\ti\CC3200SDK_1.5.0\cc3200-sdk\simplelink\ccs\NON_OS\</path>
         <kind>archive</kind>
         <file>simplelink.a</file>
         <name>device.obj</name>
      </input_file>
      <input_file id="fl-ed">
         <path>C:\ti\CC3200SDK_1.5.0\cc3200-sdk\simplelink\ccs\NON_OS\</path>
         <kind>archive</kind>
         <file>simplelink.a</file>
         <name>driver.obj</name>
      </input_file>
      <input_file id="fl-ee">
         <path>C:\ti\CC3200SDK_1.5.0\cc3200-sdk\simplelink\ccs\NON_OS\</path>
         <kind>archive</kind>
         <file>simplelink.a</file>
         <name>netapp.obj</name>
      </input_file>
      <input_file id="fl-ef">
         <path>C:\ti\CC3200SDK_1.5.0\cc3200-sdk\simplelink\ccs\NON_OS\</path>
         <kind>archive</kind>
         <file>simplelink.a</file>
         <name>netcfg.obj</name>
      </input_file>
      <input_file id="fl-f0">
         <path>C:\ti\CC3200SDK_1.5.0\cc3200-sdk\simplelink\ccs\NON_OS\</path>
         <kind>archive</kind>
         <file>simplelink.a</file>
         <name>nonos.obj</name>
      </input_file>
      <input_file id="fl-f1">
         <path>C:\ti\CC3200SDK_1.5.0\cc3200-sdk\simplelink\ccs\NON_OS\</path>
         <kind>archive</kind>
         <file>simplelink.a</file>
         <name>socket.obj</name>
      </input_file>
      <input_file id="fl-f2">
         <path>C:\ti\CC3200SDK_1.5.0\cc3200-sdk\simplelink\ccs\NON_OS\</path>
         <kind>archive</kind>
         <file>simplelink.a</file>
         <name>wlan.obj</name>
      </input_file>
      <input_file id="fl-f3">
         <path>C:\ti\CC3200SDK_1.5.0\cc3200-sdk\simplelink\ccs\NON_OS\</path>
         <kind>archive</kind>
         <file>simplelink.a</file>
         <name>cc_pal.obj</name>
      </input_file>
      <input_file id="fl-f4">
         <path>C:\ti\CC3200SDK_1.5.0\cc3200-sdk\driverlib\ccs\Release\</path>
         <kind>archive</kind>
         <file>driverlib.a</file>
         <name>gpio.obj</name>
      </input_file>
      <input_file id="fl-f5">
         <path>C:\ti\CC3200SDK_1.5.0\cc3200-sdk\driverlib\ccs\Release\</path>
         <kind>archive</kind>
         <file>driverlib.a</file>
         <name>i2c.obj</name>
      </input_file>
      <input_file id="fl-f6">
         <path>C:\ti\CC3200SDK_1.5.0\cc3200-sdk\driverlib\ccs\Release\</path>
         <kind>archive</kind>
         <file>driverlib.a</file>
         <name>interrupt.obj</name>
      </input_file>
      <input_file id="fl-f7">
         <path>C:\ti\CC3200SDK_1.5.0\cc3200-sdk\driverlib\ccs\Release\</path>
         <kind>archive</kind>
         <file>driverlib.a</file>
         <name>pin.obj</name>
      </input_file>
      <input_file id="fl-f8">
         <path>C:\ti\CC3200SDK_1.5.0\cc3200-sdk\driverlib\ccs\Release\</path>
         <kind>archive</kind>
         <file>driverlib.a</file>
         <name>prcm.obj</name>
      </input_file>
      <input_file id="fl-f9">
         <path>C:\ti\CC3200SDK_1.5.0\cc3200-sdk\driverlib\ccs\Release\</path>
         <kind>archive</kind>
         <file>driverlib.a</file>
         <name>spi.obj</name>
      </input_file>
      <input_file id="fl-fa">
         <path>C:\ti\CC3200SDK_1.5.0\cc3200-sdk\driverlib\ccs\Release\</path>
         <kind>archive</kind>
         <file>driverlib.a</file>
         <name>systick.obj</name>
      </input_file>
      <input_file id="fl-fb">
         <path>C:\ti\CC3200SDK_1.5.0\cc3200-sdk\driverlib\ccs\Release\</path>
         <kind>archive</kind>
         <file>driverlib.a</file>
         <name>timer.obj</name>
      </input_file>
      <input_file id="fl-fc">
         <path>C:\ti\CC3200SDK_1.5.0\cc3200-sdk\driverlib\ccs\Release\</path>
         <kind>archive</kind>
         <file>driverlib.a</file>
         <name>uart.obj</name>
      </input_file>
      <input_file id="fl-fd">
         <path>C:\ti\CC3200SDK_1.5.0\cc3200-sdk\driverlib\ccs\Release\</path>
         <kind>archive</kind>
         <file>driverlib.a</file>
         <name>udma.obj</name>
      </input_file>
      <input_file id="fl-fe">
         <path>C:\ti\CC3200SDK_1.5.0\cc3200-sdk\driverlib\ccs\Release\</path>
         <kind>archive</kind>
         <file>driverlib.a</file>
         <name>utils.obj</name>
      </input_file>
      <input_file id="fl-ff">
         <path>C:\ti\CC3200SDK_1.5.0\cc3200-sdk\driverlib\ccs\Release\</path>
         <kind>archive</kind>
         <file>driverlib.a</file>
         <name>cpu.obj</name>
      </input_file>
      <input_file id="fl-100">
         <path>C:\ti\CC3200SDK_1.5.0\cc3200-sdk\driverlib\ccs\Release\</path>
         <kind>archive</kind>
         <file>driverlib.a</file>
         <name>flash.obj</name>
      </input_file>
   </input_file_list>
   <object_component_list>
      <object_component id="oc-88">
         <name>.text</name>
         <load_address>0x20004000</load_address>
         <run_address>0x20004000</run_address>
         <size>0x10c0</size>
         <input_file_ref idref="fl-6"/>
      </object_component>
      <object_component id="oc-1b3">
         <name>.text</name>
         <load_address>0x200050c0</load_address>
         <run_address>0x200050c0</run_address>
         <size>0xec4</size>
         <input_file_ref idref="fl-b"/>
      </object_component>
      <object_component id="oc-110">
         <name>.text</name>
         <load_address>0x20005f84</load_address>
         <run_address>0x20005f84</run_address>
         <size>0xa80</size>
         <input_file_ref idref="fl-2"/>
      </object_component>
      <object_component id="oc-2fc">
         <name>.text:__TI_printfi</name>
         <load_address>0x20006a04</load_address>
         <run_address>0x20006a04</run_address>
         <size>0xa4e</size>
         <input_file_ref idref="fl-d4"/>
      </object_component>
      <object_component id="oc-8fc">
         <name>.text:IntDefaultHandler</name>
         <load_address>0x20007452</load_address>
         <run_address>0x20007452</run_address>
         <size>0x2</size>
         <input_file_ref idref="fl-f6"/>
      </object_component>
      <object_component id="oc-6be">
         <name>.text:_SlDrvMsgRead</name>
         <load_address>0x20007454</load_address>
         <run_address>0x20007454</run_address>
         <size>0x590</size>
         <input_file_ref idref="fl-ed"/>
      </object_component>
      <object_component id="oc-11c">
         <name>.text</name>
         <load_address>0x200079e4</load_address>
         <run_address>0x200079e4</run_address>
         <size>0x4a6</size>
         <input_file_ref idref="fl-3"/>
      </object_component>
      <object_component id="oc-68a">
         <name>.text:_nop</name>
         <load_address>0x20007e8a</load_address>
         <run_address>0x20007e8a</run_address>
         <size>0x2</size>
         <input_file_ref idref="fl-e0"/>
      </object_component>
      <object_component id="oc-14d">
         <name>.text</name>
         <load_address>0x20007e8c</load_address>
         <run_address>0x20007e8c</run_address>
         <size>0x398</size>
         <input_file_ref idref="fl-4"/>
      </object_component>
      <object_component id="oc-141">
         <name>.text</name>
         <load_address>0x20008224</load_address>
         <run_address>0x20008224</run_address>
         <size>0x2a0</size>
         <input_file_ref idref="fl-5"/>
      </object_component>
      <object_component id="oc-42d">
         <name>.text:sl_WlanConnect</name>
         <load_address>0x200084c4</load_address>
         <run_address>0x200084c4</run_address>
         <size>0x280</size>
         <input_file_ref idref="fl-f2"/>
      </object_component>
      <object_component id="oc-e6">
         <name>.text</name>
         <load_address>0x20008744</load_address>
         <run_address>0x20008744</run_address>
         <size>0x27c</size>
         <input_file_ref idref="fl-a"/>
      </object_component>
      <object_component id="oc-538">
         <name>.text:_pconv_a</name>
         <load_address>0x200089c0</load_address>
         <run_address>0x200089c0</run_address>
         <size>0x268</size>
         <input_file_ref idref="fl-d4"/>
      </object_component>
      <object_component id="oc-866">
         <name>.text:_SlDrvRxHdrRead</name>
         <load_address>0x20008c28</load_address>
         <run_address>0x20008c28</run_address>
         <size>0x248</size>
         <input_file_ref idref="fl-ed"/>
      </object_component>
      <object_component id="oc-38a">
         <name>.text:_SlDrvDataReadOp</name>
         <load_address>0x20008e70</load_address>
         <run_address>0x20008e70</run_address>
         <size>0x1e4</size>
         <input_file_ref idref="fl-ed"/>
      </object_component>
      <object_component id="oc-5b7">
         <name>.text:_SlDrvReleasePoolObj</name>
         <load_address>0x20009054</load_address>
         <run_address>0x20009054</run_address>
         <size>0x1d0</size>
         <input_file_ref idref="fl-ed"/>
      </object_component>
      <object_component id="oc-526">
         <name>.text:_pconv_g</name>
         <load_address>0x20009224</load_address>
         <run_address>0x20009224</run_address>
         <size>0x1cc</size>
         <input_file_ref idref="fl-d4"/>
      </object_component>
      <object_component id="oc-715">
         <name>.text</name>
         <load_address>0x200093f0</load_address>
         <run_address>0x200093f0</run_address>
         <size>0x1b6</size>
         <input_file_ref idref="fl-d6"/>
      </object_component>
      <object_component id="oc-2a5">
         <name>.text</name>
         <load_address>0x200095a6</load_address>
         <run_address>0x200095a6</run_address>
         <size>0x2</size>
         <input_file_ref idref="fl-d5"/>
      </object_component>
      <object_component id="oc-5de">
         <name>.text:_SlDrvDriverCBInit</name>
         <load_address>0x200095a8</load_address>
         <run_address>0x200095a8</run_address>
         <size>0x1b4</size>
         <input_file_ref idref="fl-ed"/>
      </object_component>
      <object_component id="oc-4a7">
         <name>.text:_SlDrvMsgWrite</name>
         <load_address>0x2000975c</load_address>
         <run_address>0x2000975c</run_address>
         <size>0x19c</size>
         <input_file_ref idref="fl-ed"/>
      </object_component>
      <object_component id="oc-59f">
         <name>.text:_SlDrvWaitForPoolObj</name>
         <load_address>0x200098f8</load_address>
         <run_address>0x200098f8</run_address>
         <size>0x190</size>
         <input_file_ref idref="fl-ed"/>
      </object_component>
      <object_component id="oc-455">
         <name>.text:sl_Connect</name>
         <load_address>0x20009a88</load_address>
         <run_address>0x20009a88</run_address>
         <size>0x18c</size>
         <input_file_ref idref="fl-f1"/>
      </object_component>
      <object_component id="oc-15f">
         <name>.text</name>
         <load_address>0x20009c14</load_address>
         <run_address>0x20009c14</run_address>
         <size>0x17c</size>
         <input_file_ref idref="fl-8"/>
      </object_component>
      <object_component id="oc-c2">
         <name>.text:PRCMCC3200MCUInit</name>
         <load_address>0x20009d90</load_address>
         <run_address>0x20009d90</run_address>
         <size>0x178</size>
         <input_file_ref idref="fl-f8"/>
      </object_component>
      <object_component id="oc-878">
         <name>.text:_SlFindAndSetActiveObj</name>
         <load_address>0x20009f08</load_address>
         <run_address>0x20009f08</run_address>
         <size>0x170</size>
         <input_file_ref idref="fl-ed"/>
      </object_component>
      <object_component id="oc-364">
         <name>.text:_SlDrvDataWriteOp</name>
         <load_address>0x2000a078</load_address>
         <run_address>0x2000a078</run_address>
         <size>0x150</size>
         <input_file_ref idref="fl-ed"/>
      </object_component>
      <object_component id="oc-5e4">
         <name>.text:spi_Open</name>
         <load_address>0x2000a1c8</load_address>
         <run_address>0x2000a1c8</run_address>
         <size>0x148</size>
         <input_file_ref idref="fl-f3"/>
      </object_component>
      <object_component id="oc-4ad">
         <name>.text:_SlDrvMsgReadCmdCtx</name>
         <load_address>0x2000a310</load_address>
         <run_address>0x2000a310</run_address>
         <size>0x144</size>
         <input_file_ref idref="fl-ed"/>
      </object_component>
      <object_component id="oc-437">
         <name>.text:sl_NetAppDnsGetHostByName</name>
         <load_address>0x2000a454</load_address>
         <run_address>0x2000a454</run_address>
         <size>0x144</size>
         <input_file_ref idref="fl-ee"/>
      </object_component>
      <object_component id="oc-532">
         <name>.text:_pconv_e</name>
         <load_address>0x2000a598</load_address>
         <run_address>0x2000a598</run_address>
         <size>0x13c</size>
         <input_file_ref idref="fl-d4"/>
      </object_component>
      <object_component id="oc-6fb">
         <name>.text</name>
         <load_address>0x2000a6d4</load_address>
         <run_address>0x2000a6d4</run_address>
         <size>0x136</size>
         <input_file_ref idref="fl-d8"/>
      </object_component>
      <object_component id="oc-147">
         <name>.text:sl_Send</name>
         <load_address>0x2000a80c</load_address>
         <run_address>0x2000a80c</run_address>
         <size>0x134</size>
         <input_file_ref idref="fl-f1"/>
      </object_component>
      <object_component id="oc-62a">
         <name>.text:_SlDrvDriverCBDeinit</name>
         <load_address>0x2000a940</load_address>
         <run_address>0x2000a940</run_address>
         <size>0x130</size>
         <input_file_ref idref="fl-ed"/>
      </object_component>
      <object_component id="oc-727">
         <name>.text:fcvt</name>
         <load_address>0x2000aa70</load_address>
         <run_address>0x2000aa70</run_address>
         <size>0x120</size>
         <input_file_ref idref="fl-d4"/>
      </object_component>
      <object_component id="oc-929">
         <name>.text:_SlDrvNetAppEventHandler</name>
         <load_address>0x2000ab90</load_address>
         <run_address>0x2000ab90</run_address>
         <size>0x104</size>
         <input_file_ref idref="fl-ee"/>
      </object_component>
      <object_component id="oc-4e7">
         <name>.text:aligned_alloc</name>
         <load_address>0x2000ac94</load_address>
         <run_address>0x2000ac94</run_address>
         <size>0x100</size>
         <input_file_ref idref="fl-d0"/>
      </object_component>
      <object_component id="oc-6f6">
         <name>.text</name>
         <load_address>0x2000ad94</load_address>
         <run_address>0x2000ad94</run_address>
         <size>0xfc</size>
         <input_file_ref idref="fl-d9"/>
      </object_component>
      <object_component id="oc-3f0">
         <name>.text:sl_Stop</name>
         <load_address>0x2000ae90</load_address>
         <run_address>0x2000ae90</run_address>
         <size>0xf0</size>
         <input_file_ref idref="fl-ec"/>
      </object_component>
      <object_component id="oc-872">
         <name>.text:spi_Read</name>
         <load_address>0x2000af80</load_address>
         <run_address>0x2000af80</run_address>
         <size>0xf0</size>
         <input_file_ref idref="fl-f3"/>
      </object_component>
      <object_component id="oc-989">
         <name>.text:uDMAChannelTransferSet</name>
         <load_address>0x2000b070</load_address>
         <run_address>0x2000b070</run_address>
         <size>0xf0</size>
         <input_file_ref idref="fl-fd"/>
      </object_component>
      <object_component id="oc-3de">
         <name>.text:sl_Start</name>
         <load_address>0x2000b160</load_address>
         <run_address>0x2000b160</run_address>
         <size>0xec</size>
         <input_file_ref idref="fl-ec"/>
      </object_component>
      <object_component id="oc-6c4">
         <name>.text:_SlAsyncEventGenericHandler</name>
         <load_address>0x2000b24c</load_address>
         <run_address>0x2000b24c</run_address>
         <size>0xe8</size>
         <input_file_ref idref="fl-ed"/>
      </object_component>
      <object_component id="oc-6d7">
         <name>.text:_SlDrvMsgReadSpawnCtx</name>
         <load_address>0x2000b334</load_address>
         <run_address>0x2000b334</run_address>
         <size>0xe8</size>
         <input_file_ref idref="fl-ed"/>
      </object_component>
      <object_component id="oc-28d">
         <name>.text:free</name>
         <load_address>0x2000b41c</load_address>
         <run_address>0x2000b41c</run_address>
         <size>0xe4</size>
         <input_file_ref idref="fl-d0"/>
      </object_component>
      <object_component id="oc-287">
         <name>.text:realloc</name>
         <load_address>0x2000b500</load_address>
         <run_address>0x2000b500</run_address>
         <size>0xe4</size>
         <input_file_ref idref="fl-d0"/>
      </object_component>
      <object_component id="oc-655">
         <name>.text:sl_NetAppMDNSRegisterUnregisterService</name>
         <load_address>0x2000b5e4</load_address>
         <run_address>0x2000b5e4</run_address>
         <size>0xe4</size>
         <input_file_ref idref="fl-ee"/>
      </object_component>
      <object_component id="oc-86c">
         <name>.text:_SlDrvClassifyRxMsg</name>
         <load_address>0x2000b6c8</load_address>
         <run_address>0x2000b6c8</run_address>
         <size>0xdc</size>
         <input_file_ref idref="fl-ed"/>
      </object_component>
      <object_component id="oc-73b">
         <name>.text:scalbn</name>
         <load_address>0x2000b7a4</load_address>
         <run_address>0x2000b7a4</run_address>
         <size>0xd0</size>
         <input_file_ref idref="fl-ea"/>
      </object_component>
      <object_component id="oc-9b4">
         <name>.text:_sl_HandleAsync_DnsGetHostByService</name>
         <load_address>0x2000b874</load_address>
         <run_address>0x2000b874</run_address>
         <size>0xcc</size>
         <input_file_ref idref="fl-ee"/>
      </object_component>
      <object_component id="oc-3f6">
         <name>.text:sl_DevGet</name>
         <load_address>0x2000b940</load_address>
         <run_address>0x2000b940</run_address>
         <size>0xcc</size>
         <input_file_ref idref="fl-ec"/>
      </object_component>
      <object_component id="oc-782">
         <name>.text:_SlRemoveFromList</name>
         <load_address>0x2000ba0c</load_address>
         <run_address>0x2000ba0c</run_address>
         <size>0xc4</size>
         <input_file_ref idref="fl-ed"/>
      </object_component>
      <object_component id="oc-249">
         <name>.text:_SlDrvCmdOp</name>
         <load_address>0x2000bad0</load_address>
         <run_address>0x2000bad0</run_address>
         <size>0xc0</size>
         <input_file_ref idref="fl-ed"/>
      </object_component>
      <object_component id="oc-51b">
         <name>.text:_ltostr</name>
         <load_address>0x2000bb90</load_address>
         <run_address>0x2000bb90</run_address>
         <size>0xb1</size>
         <input_file_ref idref="fl-d4"/>
      </object_component>
      <object_component id="oc-57c">
         <name>.text:_SlNonOsSemGet</name>
         <load_address>0x2000bc44</load_address>
         <run_address>0x2000bc44</run_address>
         <size>0xb0</size>
         <input_file_ref idref="fl-f0"/>
      </object_component>
      <object_component id="oc-7dd">
         <name>.text:IntDisable</name>
         <load_address>0x2000bcf4</load_address>
         <run_address>0x2000bcf4</run_address>
         <size>0xa8</size>
         <input_file_ref idref="fl-f6"/>
      </object_component>
      <object_component id="oc-bc">
         <name>.text:IntEnable</name>
         <load_address>0x2000bd9c</load_address>
         <run_address>0x2000bd9c</run_address>
         <size>0xa8</size>
         <input_file_ref idref="fl-f6"/>
      </object_component>
      <object_component id="oc-6ca">
         <name>.text:_SlDriverHandleError</name>
         <load_address>0x2000be44</load_address>
         <run_address>0x2000be44</run_address>
         <size>0xa4</size>
         <input_file_ref idref="fl-ed"/>
      </object_component>
      <object_component id="oc-18f">
         <name>.text:SPIConfigSetExpClk</name>
         <load_address>0x2000bee8</load_address>
         <run_address>0x2000bee8</run_address>
         <size>0xa0</size>
         <input_file_ref idref="fl-f9"/>
      </object_component>
      <object_component id="oc-159">
         <name>.text:sl_Recv</name>
         <load_address>0x2000bf88</load_address>
         <run_address>0x2000bf88</run_address>
         <size>0xa0</size>
         <input_file_ref idref="fl-f1"/>
      </object_component>
      <object_component id="oc-31">
         <name>.text</name>
         <load_address>0x2000c028</load_address>
         <run_address>0x2000c028</run_address>
         <size>0x9c</size>
         <input_file_ref idref="fl-c9"/>
      </object_component>
      <object_component id="oc-99a">
         <name>.text:_SlDrvDeviceEventHandler</name>
         <load_address>0x2000c0c4</load_address>
         <run_address>0x2000c0c4</run_address>
         <size>0x9a</size>
         <input_file_ref idref="fl-ec"/>
      </object_component>
      <object_component id="oc-e0">
         <name>.text:sl_DevSet</name>
         <load_address>0x2000c160</load_address>
         <run_address>0x2000c160</run_address>
         <size>0x98</size>
         <input_file_ref idref="fl-ec"/>
      </object_component>
      <object_component id="oc-40e">
         <name>.text:sl_NetCfgSet</name>
         <load_address>0x2000c1f8</load_address>
         <run_address>0x2000c1f8</run_address>
         <size>0x98</size>
         <input_file_ref idref="fl-ef"/>
      </object_component>
      <object_component id="oc-44f">
         <name>.text:sl_SetSockOpt</name>
         <load_address>0x2000c290</load_address>
         <run_address>0x2000c290</run_address>
         <size>0x98</size>
         <input_file_ref idref="fl-f1"/>
      </object_component>
      <object_component id="oc-414">
         <name>.text:sl_WlanSet</name>
         <load_address>0x2000c328</load_address>
         <run_address>0x2000c328</run_address>
         <size>0x98</size>
         <input_file_ref idref="fl-f2"/>
      </object_component>
      <object_component id="oc-6b4">
         <name>.text:spi_Write</name>
         <load_address>0x2000c3c0</load_address>
         <run_address>0x2000c3c0</run_address>
         <size>0x98</size>
         <input_file_ref idref="fl-f3"/>
      </object_component>
      <object_component id="oc-fe">
         <name>.text</name>
         <load_address>0x2000c458</load_address>
         <run_address>0x2000c458</run_address>
         <size>0x96</size>
         <input_file_ref idref="fl-cb"/>
      </object_component>
      <object_component id="oc-189">
         <name>.text:PRCMPeripheralClockGet</name>
         <load_address>0x2000c4f0</load_address>
         <run_address>0x2000c4f0</run_address>
         <size>0x94</size>
         <input_file_ref idref="fl-f8"/>
      </object_component>
      <object_component id="oc-9ae">
         <name>.text:_sl_HandleAsync_DnsGetHostByName</name>
         <load_address>0x2000c584</load_address>
         <run_address>0x2000c584</run_address>
         <size>0x90</size>
         <input_file_ref idref="fl-ee"/>
      </object_component>
      <object_component id="oc-92f">
         <name>.text:_sl_HandleAsync_PingResponse</name>
         <load_address>0x2000c614</load_address>
         <run_address>0x2000c614</run_address>
         <size>0x90</size>
         <input_file_ref idref="fl-ee"/>
      </object_component>
      <object_component id="oc-3fc">
         <name>.text:sl_WlanPolicySet</name>
         <load_address>0x2000c6a4</load_address>
         <run_address>0x2000c6a4</run_address>
         <size>0x90</size>
         <input_file_ref idref="fl-f2"/>
      </object_component>
      <object_component id="oc-936">
         <name>.text:SetupDMAReceive</name>
         <load_address>0x2000c734</load_address>
         <run_address>0x2000c734</run_address>
         <size>0x8c</size>
         <input_file_ref idref="fl-f3"/>
      </object_component>
      <object_component id="oc-84b">
         <name>.text:SetupDMASend</name>
         <load_address>0x2000c7c0</load_address>
         <run_address>0x2000c7c0</run_address>
         <size>0x8c</size>
         <input_file_ref idref="fl-f3"/>
      </object_component>
      <object_component id="oc-770">
         <name>.text:_SlDrvIsTimeoutExpired</name>
         <load_address>0x2000c84c</load_address>
         <run_address>0x2000c84c</run_address>
         <size>0x8c</size>
         <input_file_ref idref="fl-ed"/>
      </object_component>
      <object_component id="oc-a0d">
         <name>.text:_sl_HandleAsync_InitComplete</name>
         <load_address>0x2000c8d8</load_address>
         <run_address>0x2000c8d8</run_address>
         <size>0x8c</size>
         <input_file_ref idref="fl-ec"/>
      </object_component>
      <object_component id="oc-449">
         <name>.text:sl_Socket</name>
         <load_address>0x2000c964</load_address>
         <run_address>0x2000c964</run_address>
         <size>0x8c</size>
         <input_file_ref idref="fl-f1"/>
      </object_component>
      <object_component id="oc-5c4">
         <name>.text:PinConfigSet</name>
         <load_address>0x2000c9f0</load_address>
         <run_address>0x2000c9f0</run_address>
         <size>0x88</size>
         <input_file_ref idref="fl-f7"/>
      </object_component>
      <object_component id="oc-521">
         <name>.text:__aeabi_cdcmple</name>
         <load_address>0x2000ca78</load_address>
         <run_address>0x2000ca78</run_address>
         <size>0x86</size>
         <input_file_ref idref="fl-d7"/>
      </object_component>
      <object_component id="oc-700">
         <name>.text:__aeabi_cdrcmple</name>
         <load_address>0x2000cafe</load_address>
         <run_address>0x2000cafe</run_address>
         <size>0x86</size>
         <input_file_ref idref="fl-d7"/>
      </object_component>
      <object_component id="oc-356">
         <name>.text:I2CMasterInitExpClk</name>
         <load_address>0x2000cb84</load_address>
         <run_address>0x2000cb84</run_address>
         <size>0x84</size>
         <input_file_ref idref="fl-f5"/>
      </object_component>
      <object_component id="oc-423">
         <name>.text:sl_WlanRxFilterSet</name>
         <load_address>0x2000cc08</load_address>
         <run_address>0x2000cc08</run_address>
         <size>0x84</size>
         <input_file_ref idref="fl-f2"/>
      </object_component>
      <object_component id="oc-16b">
         <name>.text:GPIOIntTypeSet</name>
         <load_address>0x2000cc8c</load_address>
         <run_address>0x2000cc8c</run_address>
         <size>0x82</size>
         <input_file_ref idref="fl-f4"/>
      </object_component>
      <object_component id="oc-9d6">
         <name>.text:_sl_HandleAsync_Connect</name>
         <load_address>0x2000cd10</load_address>
         <run_address>0x2000cd10</run_address>
         <size>0x80</size>
         <input_file_ref idref="fl-f1"/>
      </object_component>
      <object_component id="oc-93c">
         <name>.text:spi_Read_CPU</name>
         <load_address>0x2000cd90</load_address>
         <run_address>0x2000cd90</run_address>
         <size>0x80</size>
         <input_file_ref idref="fl-f3"/>
      </object_component>
      <object_component id="oc-85d">
         <name>.text:spi_Write_CPU</name>
         <load_address>0x2000ce10</load_address>
         <run_address>0x2000ce10</run_address>
         <size>0x80</size>
         <input_file_ref idref="fl-f3"/>
      </object_component>
      <object_component id="oc-7c">
         <name>.text</name>
         <load_address>0x2000ce90</load_address>
         <run_address>0x2000ce90</run_address>
         <size>0x7a</size>
         <input_file_ref idref="fl-ca"/>
      </object_component>
      <object_component id="oc-624">
         <name>.text:spi_Close</name>
         <load_address>0x2000cf0c</load_address>
         <run_address>0x2000cf0c</run_address>
         <size>0x78</size>
         <input_file_ref idref="fl-f3"/>
      </object_component>
      <object_component id="oc-1a1">
         <name>.text:UARTConfigSetExpClk</name>
         <load_address>0x2000cf84</load_address>
         <run_address>0x2000cf84</run_address>
         <size>0x76</size>
         <input_file_ref idref="fl-fc"/>
      </object_component>
      <object_component id="oc-3e4">
         <name>.text:_SlNonOsMainLoopTask</name>
         <load_address>0x2000cffc</load_address>
         <run_address>0x2000cffc</run_address>
         <size>0x74</size>
         <input_file_ref idref="fl-f0"/>
      </object_component>
      <object_component id="oc-4f4">
         <name>.text:split</name>
         <load_address>0x2000d070</load_address>
         <run_address>0x2000d070</run_address>
         <size>0x70</size>
         <input_file_ref idref="fl-d0"/>
      </object_component>
      <object_component id="oc-720">
         <name>.text:_mcpy</name>
         <load_address>0x2000d0e0</load_address>
         <run_address>0x2000d0e0</run_address>
         <size>0x6e</size>
         <input_file_ref idref="fl-d4"/>
      </object_component>
      <object_component id="oc-a25">
         <name>.text:_SlDrvCmdSend</name>
         <load_address>0x2000d150</load_address>
         <run_address>0x2000d150</run_address>
         <size>0x6c</size>
         <input_file_ref idref="fl-ed"/>
      </object_component>
      <object_component id="oc-9c0">
         <name>.text:_sl_NetAppSendTokenValue</name>
         <load_address>0x2000d1bc</load_address>
         <run_address>0x2000d1bc</run_address>
         <size>0x6c</size>
         <input_file_ref idref="fl-ee"/>
      </object_component>
      <object_component id="oc-12">
         <name>.text:decompress:lzss:__TI_decompress_lzss</name>
         <load_address>0x2000d228</load_address>
         <run_address>0x2000d228</run_address>
         <size>0x68</size>
         <input_file_ref idref="fl-ce"/>
      </object_component>
      <object_component id="oc-6d0">
         <name>.text:_SlNonOsSpawn</name>
         <load_address>0x2000d290</load_address>
         <run_address>0x2000d290</run_address>
         <size>0x64</size>
         <input_file_ref idref="fl-f0"/>
      </object_component>
      <object_component id="oc-9d0">
         <name>.text:_sl_HandleAsync_Accept</name>
         <load_address>0x2000d2f4</load_address>
         <run_address>0x2000d2f4</run_address>
         <size>0x64</size>
         <input_file_ref idref="fl-f1"/>
      </object_component>
      <object_component id="oc-41a">
         <name>.text:sl_NetAppMDNSUnRegisterService</name>
         <load_address>0x2000d358</load_address>
         <run_address>0x2000d358</run_address>
         <size>0x64</size>
         <input_file_ref idref="fl-ee"/>
      </object_component>
      <object_component id="oc-8d6">
         <name>.text:uDMAChannelAttributeDisable</name>
         <load_address>0x2000d3bc</load_address>
         <run_address>0x2000d3bc</run_address>
         <size>0x64</size>
         <input_file_ref idref="fl-fd"/>
      </object_component>
      <object_component id="oc-983">
         <name>.text:uDMAChannelAttributeEnable</name>
         <load_address>0x2000d420</load_address>
         <run_address>0x2000d420</run_address>
         <size>0x64</size>
         <input_file_ref idref="fl-fd"/>
      </object_component>
      <object_component id="oc-153">
         <name>.text:sl_Close</name>
         <load_address>0x2000d484</load_address>
         <run_address>0x2000d484</run_address>
         <size>0x60</size>
         <input_file_ref idref="fl-f1"/>
      </object_component>
      <object_component id="oc-402">
         <name>.text:sl_WlanProfileDel</name>
         <load_address>0x2000d4e4</load_address>
         <run_address>0x2000d4e4</run_address>
         <size>0x60</size>
         <input_file_ref idref="fl-f2"/>
      </object_component>
      <object_component id="oc-3ea">
         <name>.text:sl_WlanSetMode</name>
         <load_address>0x2000d544</load_address>
         <run_address>0x2000d544</run_address>
         <size>0x60</size>
         <input_file_ref idref="fl-f2"/>
      </object_component>
      <object_component id="oc-735">
         <name>.text:frexp</name>
         <load_address>0x2000d5a4</load_address>
         <run_address>0x2000d5a4</run_address>
         <size>0x5c</size>
         <input_file_ref idref="fl-e9"/>
      </object_component>
      <object_component id="oc-7e9">
         <name>.text:IntPendClear</name>
         <load_address>0x2000d600</load_address>
         <run_address>0x2000d600</run_address>
         <size>0x58</size>
         <input_file_ref idref="fl-f6"/>
      </object_component>
      <object_component id="oc-17d">
         <name>.text:PRCMPeripheralReset</name>
         <load_address>0x2000d658</load_address>
         <run_address>0x2000d658</run_address>
         <size>0x58</size>
         <input_file_ref idref="fl-f8"/>
      </object_component>
      <object_component id="oc-52c">
         <name>.text:_pconv_f</name>
         <load_address>0x2000d6b0</load_address>
         <run_address>0x2000d6b0</run_address>
         <size>0x56</size>
         <input_file_ref idref="fl-d4"/>
      </object_component>
      <object_component id="oc-374">
         <name>.text:IntPrioritySet</name>
         <load_address>0x2000d708</load_address>
         <run_address>0x2000d708</run_address>
         <size>0x54</size>
         <input_file_ref idref="fl-f6"/>
      </object_component>
      <object_component id="oc-608">
         <name>.text:_SlDrvRxIrqHandler</name>
         <load_address>0x2000d75c</load_address>
         <run_address>0x2000d75c</run_address>
         <size>0x54</size>
         <input_file_ref idref="fl-ed"/>
      </object_component>
      <object_component id="oc-70a">
         <name>.text:__TI_ltoa</name>
         <load_address>0x2000d7b0</load_address>
         <run_address>0x2000d7b0</run_address>
         <size>0x54</size>
         <input_file_ref idref="fl-e1"/>
      </object_component>
      <object_component id="oc-9dc">
         <name>.text:_sl_HandleAsync_Select</name>
         <load_address>0x2000d804</load_address>
         <run_address>0x2000d804</run_address>
         <size>0x54</size>
         <input_file_ref idref="fl-f1"/>
      </object_component>
      <object_component id="oc-71a">
         <name>.text:_ecpy</name>
         <load_address>0x2000d858</load_address>
         <run_address>0x2000d858</run_address>
         <size>0x52</size>
         <input_file_ref idref="fl-d4"/>
      </object_component>
      <object_component id="oc-9e2">
         <name>.text:_sl_HandleAsync_Stop</name>
         <load_address>0x2000d8ac</load_address>
         <run_address>0x2000d8ac</run_address>
         <size>0x50</size>
         <input_file_ref idref="fl-ec"/>
      </object_component>
      <object_component id="oc-7c1">
         <name>.text:SPIIntEnable</name>
         <load_address>0x2000d8fc</load_address>
         <run_address>0x2000d8fc</run_address>
         <size>0x4c</size>
         <input_file_ref idref="fl-f9"/>
      </object_component>
      <object_component id="oc-90a">
         <name>.text:SPIIntNumberGet</name>
         <load_address>0x2000d948</load_address>
         <run_address>0x2000d948</run_address>
         <size>0x4c</size>
         <input_file_ref idref="fl-f9"/>
      </object_component>
      <object_component id="oc-5ea">
         <name>.text:_SlDrvProtectAsyncRespSetting</name>
         <load_address>0x2000d994</load_address>
         <run_address>0x2000d994</run_address>
         <size>0x4c</size>
         <input_file_ref idref="fl-ed"/>
      </object_component>
      <object_component id="oc-67e">
         <name>.text:_sl_BuildAddress</name>
         <load_address>0x2000d9e0</load_address>
         <run_address>0x2000d9e0</run_address>
         <size>0x4c</size>
         <input_file_ref idref="fl-f1"/>
      </object_component>
      <object_component id="oc-515">
         <name>.text:atoi</name>
         <load_address>0x2000da2c</load_address>
         <run_address>0x2000da2c</run_address>
         <size>0x4c</size>
         <input_file_ref idref="fl-e3"/>
      </object_component>
      <object_component id="oc-13b">
         <name>.text:snprintf</name>
         <load_address>0x2000da78</load_address>
         <run_address>0x2000da78</run_address>
         <size>0x4c</size>
         <input_file_ref idref="fl-c7"/>
      </object_component>
      <object_component id="oc-8d0">
         <name>.text:uDMAChannelAssign</name>
         <load_address>0x2000dac4</load_address>
         <run_address>0x2000dac4</run_address>
         <size>0x4c</size>
         <input_file_ref idref="fl-fd"/>
      </object_component>
      <object_component id="oc-3b9">
         <name>.text:GPIOGetIntNumber</name>
         <load_address>0x2000db10</load_address>
         <run_address>0x2000db10</run_address>
         <size>0x48</size>
         <input_file_ref idref="fl-f4"/>
      </object_component>
      <object_component id="oc-8f0">
         <name>.text:SPIIntClear</name>
         <load_address>0x2000db58</load_address>
         <run_address>0x2000db58</run_address>
         <size>0x48</size>
         <input_file_ref idref="fl-f9"/>
      </object_component>
      <object_component id="oc-640">
         <name>.text:_SlDrvBasicCmd</name>
         <load_address>0x2000dba0</load_address>
         <run_address>0x2000dba0</run_address>
         <size>0x48</size>
         <input_file_ref idref="fl-ed"/>
      </object_component>
      <object_component id="oc-705">
         <name>.text</name>
         <load_address>0x2000dbe8</load_address>
         <run_address>0x2000dbe8</run_address>
         <size>0x48</size>
         <input_file_ref idref="fl-da"/>
      </object_component>
      <object_component id="oc-8e0">
         <name>.text:SPIDmaMaskGet</name>
         <load_address>0x2000dc30</load_address>
         <run_address>0x2000dc30</run_address>
         <size>0x44</size>
         <input_file_ref idref="fl-f9"/>
      </object_component>
      <object_component id="oc-9ea">
         <name>.text:TimerConfigure</name>
         <load_address>0x2000dc74</load_address>
         <run_address>0x2000dc74</run_address>
         <size>0x44</size>
         <input_file_ref idref="fl-fb"/>
      </object_component>
      <object_component id="oc-a1e">
         <name>.text:_SlDrvHandleHttpServerEvents</name>
         <load_address>0x2000dcb8</load_address>
         <run_address>0x2000dcb8</run_address>
         <size>0x44</size>
         <input_file_ref idref="fl-ed"/>
      </object_component>
      <object_component id="oc-5b1">
         <name>.text:_SlDrvSyncObjWaitTimeout</name>
         <load_address>0x2000dcfc</load_address>
         <run_address>0x2000dcfc</run_address>
         <size>0x44</size>
         <input_file_ref idref="fl-ed"/>
      </object_component>
      <object_component id="oc-1dd">
         <name>.text:__TI_auto_init_nobinit_nopinit:__TI_auto_init_nobinit_nopinit</name>
         <load_address>0x2000dd40</load_address>
         <run_address>0x2000dd40</run_address>
         <size>0x44</size>
         <input_file_ref idref="fl-dc"/>
      </object_component>
      <object_component id="oc-915">
         <name>.text:cc_SetupTransfer</name>
         <load_address>0x2000dd84</load_address>
         <run_address>0x2000dd84</run_address>
         <size>0x44</size>
         <input_file_ref idref="fl-f3"/>
      </object_component>
      <object_component id="oc-443">
         <name>.text:sl_Htonl</name>
         <load_address>0x2000ddc8</load_address>
         <run_address>0x2000ddc8</run_address>
         <size>0x42</size>
         <input_file_ref idref="fl-f1"/>
      </object_component>
      <object_component id="oc-394">
         <name>.text:PinModeSet</name>
         <load_address>0x2000de0c</load_address>
         <run_address>0x2000de0c</run_address>
         <size>0x40</size>
         <input_file_ref idref="fl-f7"/>
      </object_component>
      <object_component id="oc-9a6">
         <name>.text:_SlDrvHandleNetAppEvents</name>
         <load_address>0x2000de4c</load_address>
         <run_address>0x2000de4c</run_address>
         <size>0x40</size>
         <input_file_ref idref="fl-ed"/>
      </object_component>
      <object_component id="oc-9a0">
         <name>.text:_SlDrvHandleWlanEvents</name>
         <load_address>0x2000de8c</load_address>
         <run_address>0x2000de8c</run_address>
         <size>0x40</size>
         <input_file_ref idref="fl-ed"/>
      </object_component>
      <object_component id="oc-35e">
         <name>.text:_sl_TruncatePayloadByProtocol</name>
         <load_address>0x2000decc</load_address>
         <run_address>0x2000decc</run_address>
         <size>0x40</size>
         <input_file_ref idref="fl-f1"/>
      </object_component>
      <object_component id="oc-26f">
         <name>.text:vsnprintf</name>
         <load_address>0x2000df0c</load_address>
         <run_address>0x2000df0c</run_address>
         <size>0x40</size>
         <input_file_ref idref="fl-c8"/>
      </object_component>
      <object_component id="oc-5f6">
         <name>.text:NwpRegisterInterruptHandler</name>
         <load_address>0x2000df4c</load_address>
         <run_address>0x2000df4c</run_address>
         <size>0x3e</size>
         <input_file_ref idref="fl-f3"/>
      </object_component>
      <object_component id="oc-72d">
         <name>.text:_fcpy</name>
         <load_address>0x2000df8a</load_address>
         <run_address>0x2000df8a</run_address>
         <size>0x3e</size>
         <input_file_ref idref="fl-d4"/>
      </object_component>
      <object_component id="oc-9c7">
         <name>.text:CopyPingResultsToReport</name>
         <load_address>0x2000dfc8</load_address>
         <run_address>0x2000dfc8</run_address>
         <size>0x3c</size>
         <input_file_ref idref="fl-ee"/>
      </object_component>
      <object_component id="oc-177">
         <name>.text:PRCMPeripheralClkEnable</name>
         <load_address>0x2000e004</load_address>
         <run_address>0x2000e004</run_address>
         <size>0x3c</size>
         <input_file_ref idref="fl-f8"/>
      </object_component>
      <object_component id="oc-960">
         <name>.text:simplelink_timerA2_start</name>
         <load_address>0x2000e040</load_address>
         <run_address>0x2000e040</run_address>
         <size>0x3c</size>
         <input_file_ref idref="fl-f3"/>
      </object_component>
      <object_component id="oc-43d">
         <name>.text:sl_Htons</name>
         <load_address>0x2000e07c</load_address>
         <run_address>0x2000e07c</run_address>
         <size>0x3c</size>
         <input_file_ref idref="fl-f1"/>
      </object_component>
      <object_component id="oc-97d">
         <name>.text:uDMAChannelControlSet</name>
         <load_address>0x2000e0b8</load_address>
         <run_address>0x2000e0b8</run_address>
         <size>0x3c</size>
         <input_file_ref idref="fl-fd"/>
      </object_component>
      <object_component id="oc-5f0">
         <name>.text:NwpPowerOff</name>
         <load_address>0x2000e0f4</load_address>
         <run_address>0x2000e0f4</run_address>
         <size>0x38</size>
         <input_file_ref idref="fl-f3"/>
      </object_component>
      <object_component id="oc-408">
         <name>.text:sl_WlanDisconnect</name>
         <load_address>0x2000e12c</load_address>
         <run_address>0x2000e12c</run_address>
         <size>0x38</size>
         <input_file_ref idref="fl-f2"/>
      </object_component>
      <object_component id="oc-3a0">
         <name>.text:GPIODirModeSet</name>
         <load_address>0x2000e164</load_address>
         <run_address>0x2000e164</run_address>
         <size>0x36</size>
         <input_file_ref idref="fl-f4"/>
      </object_component>
      <object_component id="oc-7a3">
         <name>.text:PRCMPeripheralStatusGet</name>
         <load_address>0x2000e19c</load_address>
         <run_address>0x2000e19c</run_address>
         <size>0x34</size>
         <input_file_ref idref="fl-f8"/>
      </object_component>
      <object_component id="oc-7bb">
         <name>.text:SPIFIFOLevelSet</name>
         <load_address>0x2000e1d0</load_address>
         <run_address>0x2000e1d0</run_address>
         <size>0x34</size>
         <input_file_ref idref="fl-f9"/>
      </object_component>
      <object_component id="oc-39a">
         <name>.text:PinTypeGPIO</name>
         <load_address>0x2000e204</load_address>
         <run_address>0x2000e204</run_address>
         <size>0x30</size>
         <input_file_ref idref="fl-f7"/>
      </object_component>
      <object_component id="oc-3ce">
         <name>.text:UARTDisable</name>
         <load_address>0x2000e234</load_address>
         <run_address>0x2000e234</run_address>
         <size>0x30</size>
         <input_file_ref idref="fl-fc"/>
      </object_component>
      <object_component id="oc-302">
         <name>.text:_outs</name>
         <load_address>0x2000e264</load_address>
         <run_address>0x2000e264</run_address>
         <size>0x30</size>
         <input_file_ref idref="fl-c7"/>
      </object_component>
      <object_component id="oc-4d1">
         <name>.text:_outs</name>
         <load_address>0x2000e294</load_address>
         <run_address>0x2000e294</run_address>
         <size>0x30</size>
         <input_file_ref idref="fl-c8"/>
      </object_component>
      <object_component id="oc-710">
         <name>.text</name>
         <load_address>0x2000e2c4</load_address>
         <run_address>0x2000e2c4</run_address>
         <size>0x2e</size>
         <input_file_ref idref="fl-db"/>
      </object_component>
      <object_component id="oc-332">
         <name>.text:I2CMasterErr</name>
         <load_address>0x2000e2f2</load_address>
         <run_address>0x2000e2f2</run_address>
         <size>0x2c</size>
         <input_file_ref idref="fl-f5"/>
      </object_component>
      <object_component id="oc-5fc">
         <name>.text:NwpPowerOn</name>
         <load_address>0x2000e320</load_address>
         <run_address>0x2000e320</run_address>
         <size>0x2c</size>
         <input_file_ref idref="fl-f3"/>
      </object_component>
      <object_component id="oc-21f">
         <name>.text:PRCMSysResetCauseGet</name>
         <load_address>0x2000e34c</load_address>
         <run_address>0x2000e34c</run_address>
         <size>0x2c</size>
         <input_file_ref idref="fl-f8"/>
      </object_component>
      <object_component id="oc-49b">
         <name>.text:_SlDrvObjGlobalLockWaitForever</name>
         <load_address>0x2000e378</load_address>
         <run_address>0x2000e378</run_address>
         <size>0x2c</size>
         <input_file_ref idref="fl-ed"/>
      </object_component>
      <object_component id="oc-5a5">
         <name>.text:_SlDrvProtectionObjLockWaitForever</name>
         <load_address>0x2000e3a4</load_address>
         <run_address>0x2000e3a4</run_address>
         <size>0x2c</size>
         <input_file_ref idref="fl-ed"/>
      </object_component>
      <object_component id="oc-135">
         <name>.text:strncmp</name>
         <load_address>0x2000e3d0</load_address>
         <run_address>0x2000e3d0</run_address>
         <size>0x2c</size>
         <input_file_ref idref="fl-d2"/>
      </object_component>
      <object_component id="oc-9f6">
         <name>.text:TimerLoadSet</name>
         <load_address>0x2000e3fc</load_address>
         <run_address>0x2000e3fc</run_address>
         <size>0x2a</size>
         <input_file_ref idref="fl-fb"/>
      </object_component>
      <object_component id="oc-9f0">
         <name>.text:TimerPrescaleSet</name>
         <load_address>0x2000e426</load_address>
         <run_address>0x2000e426</run_address>
         <size>0x2a</size>
         <input_file_ref idref="fl-fb"/>
      </object_component>
      <object_component id="oc-231">
         <name>.text:PRCMPeripheralClkDisable</name>
         <load_address>0x2000e450</load_address>
         <run_address>0x2000e450</run_address>
         <size>0x28</size>
         <input_file_ref idref="fl-f8"/>
      </object_component>
      <object_component id="oc-4a1">
         <name>.text:_SlDrvGlobalObjUnLock</name>
         <load_address>0x2000e478</load_address>
         <run_address>0x2000e478</run_address>
         <size>0x28</size>
         <input_file_ref idref="fl-ed"/>
      </object_component>
      <object_component id="oc-5ab">
         <name>.text:_SlDrvProtectionObjUnLock</name>
         <load_address>0x2000e4a0</load_address>
         <run_address>0x2000e4a0</run_address>
         <size>0x28</size>
         <input_file_ref idref="fl-ed"/>
      </object_component>
      <object_component id="oc-588">
         <name>.text:_SlDrvSyncObjWaitForever</name>
         <load_address>0x2000e4c8</load_address>
         <run_address>0x2000e4c8</run_address>
         <size>0x28</size>
         <input_file_ref idref="fl-ed"/>
      </object_component>
      <object_component id="oc-4fb">
         <name>.text:free_list_insert</name>
         <load_address>0x2000e4f0</load_address>
         <run_address>0x2000e4f0</run_address>
         <size>0x28</size>
         <input_file_ref idref="fl-d0"/>
      </object_component>
      <object_component id="oc-27b">
         <name>.text:memmove</name>
         <load_address>0x2000e518</load_address>
         <run_address>0x2000e518</run_address>
         <size>0x28</size>
         <input_file_ref idref="fl-cf"/>
      </object_component>
      <object_component id="oc-576">
         <name>.text:_SlDrvObjLockWaitForever</name>
         <load_address>0x2000e540</load_address>
         <run_address>0x2000e540</run_address>
         <size>0x26</size>
         <input_file_ref idref="fl-ed"/>
      </object_component>
      <object_component id="oc-a40">
         <name>.text</name>
         <load_address>0x2000e566</load_address>
         <run_address>0x2000e566</run_address>
         <size>0x26</size>
         <input_file_ref idref="fl-9"/>
      </object_component>
      <object_component id="oc-7cd">
         <name>.text:DmaSpiSwIntHandler</name>
         <load_address>0x2000e58c</load_address>
         <run_address>0x2000e58c</run_address>
         <size>0x24</size>
         <input_file_ref idref="fl-f3"/>
      </object_component>
      <object_component id="oc-7e3">
         <name>.text:IntUnregister</name>
         <load_address>0x2000e5b0</load_address>
         <run_address>0x2000e5b0</run_address>
         <size>0x24</size>
         <input_file_ref idref="fl-f6"/>
      </object_component>
      <object_component id="oc-1a7">
         <name>.text:UARTEnable</name>
         <load_address>0x2000e5d4</load_address>
         <run_address>0x2000e5d4</run_address>
         <size>0x24</size>
         <input_file_ref idref="fl-fc"/>
      </object_component>
      <object_component id="oc-4f">
         <name>.text:_c_int00_noargs:_c_int00_noargs</name>
         <load_address>0x2000e5f8</load_address>
         <run_address>0x2000e5f8</run_address>
         <size>0x24</size>
         <input_file_ref idref="fl-d3"/>
      </object_component>
      <object_component id="oc-ec">
         <name>.text:GPIOIntStatus</name>
         <load_address>0x2000e61c</load_address>
         <run_address>0x2000e61c</run_address>
         <size>0x22</size>
         <input_file_ref idref="fl-f4"/>
      </object_component>
      <object_component id="oc-338">
         <name>.text:I2CMasterSlaveAddrSet</name>
         <load_address>0x2000e63e</load_address>
         <run_address>0x2000e63e</run_address>
         <size>0x22</size>
         <input_file_ref idref="fl-f5"/>
      </object_component>
      <object_component id="oc-183">
         <name>.text:SPIReset</name>
         <load_address>0x2000e660</load_address>
         <run_address>0x2000e660</run_address>
         <size>0x22</size>
         <input_file_ref idref="fl-f9"/>
      </object_component>
      <object_component id="oc-857">
         <name>.text:SPIWordCountSet</name>
         <load_address>0x2000e682</load_address>
         <run_address>0x2000e682</run_address>
         <size>0x22</size>
         <input_file_ref idref="fl-f9"/>
      </object_component>
      <object_component id="oc-19b">
         <name>.text:GPIOPinWrite</name>
         <load_address>0x2000e6a4</load_address>
         <run_address>0x2000e6a4</run_address>
         <size>0x20</size>
         <input_file_ref idref="fl-f4"/>
      </object_component>
      <object_component id="oc-239">
         <name>.text:IntRegister</name>
         <load_address>0x2000e6c4</load_address>
         <run_address>0x2000e6c4</run_address>
         <size>0x20</size>
         <input_file_ref idref="fl-f6"/>
      </object_component>
      <object_component id="oc-61e">
         <name>.text:NwpPrePowerOffTimout0</name>
         <load_address>0x2000e6e4</load_address>
         <run_address>0x2000e6e4</run_address>
         <size>0x20</size>
         <input_file_ref idref="fl-f3"/>
      </object_component>
      <object_component id="oc-2f0">
         <name>.text:SPIDataGet</name>
         <load_address>0x2000e704</load_address>
         <run_address>0x2000e704</run_address>
         <size>0x20</size>
         <input_file_ref idref="fl-f9"/>
      </object_component>
      <object_component id="oc-8bd">
         <name>.text:TimerGetCurrentTimestamp</name>
         <load_address>0x2000e724</load_address>
         <run_address>0x2000e724</run_address>
         <size>0x20</size>
         <input_file_ref idref="fl-f3"/>
      </object_component>
      <object_component id="oc-582">
         <name>.text:_SlDrvObjUnLock</name>
         <load_address>0x2000e744</load_address>
         <run_address>0x2000e744</run_address>
         <size>0x20</size>
         <input_file_ref idref="fl-ed"/>
      </object_component>
      <object_component id="oc-788">
         <name>.text:_SlDrvSyncObjSignal</name>
         <load_address>0x2000e764</load_address>
         <run_address>0x2000e764</run_address>
         <size>0x20</size>
         <input_file_ref idref="fl-ed"/>
      </object_component>
      <object_component id="oc-165">
         <name>.text:GPIOIntRegister</name>
         <load_address>0x2000e784</load_address>
         <run_address>0x2000e784</run_address>
         <size>0x1e</size>
         <input_file_ref idref="fl-f4"/>
      </object_component>
      <object_component id="oc-32c">
         <name>.text:I2CMasterIntStatusEx</name>
         <load_address>0x2000e7a2</load_address>
         <run_address>0x2000e7a2</run_address>
         <size>0x1e</size>
         <input_file_ref idref="fl-f5"/>
      </object_component>
      <object_component id="oc-2ea">
         <name>.text:SPIDataPut</name>
         <load_address>0x2000e7c0</load_address>
         <run_address>0x2000e7c0</run_address>
         <size>0x1e</size>
         <input_file_ref idref="fl-f9"/>
      </object_component>
      <object_component id="oc-9fc">
         <name>.text:TimerEnable</name>
         <load_address>0x2000e7de</load_address>
         <run_address>0x2000e7de</run_address>
         <size>0x1e</size>
         <input_file_ref idref="fl-fb"/>
      </object_component>
      <object_component id="oc-269">
         <name>.text:UARTCharPut</name>
         <load_address>0x2000e7fc</load_address>
         <run_address>0x2000e7fc</run_address>
         <size>0x1e</size>
         <input_file_ref idref="fl-fc"/>
      </object_component>
      <object_component id="oc-7a9">
         <name>.text:cc_UDMAChannelSelect</name>
         <load_address>0x2000e81a</load_address>
         <run_address>0x2000e81a</run_address>
         <size>0x1e</size>
         <input_file_ref idref="fl-f3"/>
      </object_component>
      <object_component id="oc-3b2">
         <name>.text:PinTypeI2C</name>
         <load_address>0x2000e838</load_address>
         <run_address>0x2000e838</run_address>
         <size>0x1c</size>
         <input_file_ref idref="fl-f7"/>
      </object_component>
      <object_component id="oc-ce">
         <name>.text:SysTickIntRegister</name>
         <load_address>0x2000e854</load_address>
         <run_address>0x2000e854</run_address>
         <size>0x1c</size>
         <input_file_ref idref="fl-fa"/>
      </object_component>
      <object_component id="oc-966">
         <name>.text:TimerValueGet</name>
         <load_address>0x2000e870</load_address>
         <run_address>0x2000e870</run_address>
         <size>0x1c</size>
         <input_file_ref idref="fl-fb"/>
      </object_component>
      <object_component id="oc-275">
         <name>.text:UARTCharGetNonBlocking</name>
         <load_address>0x2000e88c</load_address>
         <run_address>0x2000e88c</run_address>
         <size>0x1c</size>
         <input_file_ref idref="fl-fc"/>
      </object_component>
      <object_component id="oc-76a">
         <name>.text:_SlDrvStartMeasureTimeout</name>
         <load_address>0x2000e8a8</load_address>
         <run_address>0x2000e8a8</run_address>
         <size>0x1c</size>
         <input_file_ref idref="fl-ed"/>
      </object_component>
      <object_component id="oc-3d">
         <name>.text:decompress:ZI:__TI_zero_init_nomemset:__TI_zero_init_nomemset</name>
         <load_address>0x2000e8c4</load_address>
         <run_address>0x2000e8c4</run_address>
         <size>0x1c</size>
         <input_file_ref idref="fl-cc"/>
      </object_component>
      <object_component id="oc-4ee">
         <name>.text:free_list_remove</name>
         <load_address>0x2000e8e0</load_address>
         <run_address>0x2000e8e0</run_address>
         <size>0x1c</size>
         <input_file_ref idref="fl-d0"/>
      </object_component>
      <object_component id="oc-53e">
         <name>.text:memccpy</name>
         <load_address>0x2000e8fc</load_address>
         <run_address>0x2000e8fc</run_address>
         <size>0x1c</size>
         <input_file_ref idref="fl-e5"/>
      </object_component>
      <object_component id="oc-98f">
         <name>.text:uDMAChannelEnable</name>
         <load_address>0x2000e918</load_address>
         <run_address>0x2000e918</run_address>
         <size>0x1c</size>
         <input_file_ref idref="fl-fd"/>
      </object_component>
      <object_component id="oc-1b9">
         <name>.text:GPIOIntDisable</name>
         <load_address>0x2000e934</load_address>
         <run_address>0x2000e934</run_address>
         <size>0x1a</size>
         <input_file_ref idref="fl-f4"/>
      </object_component>
      <object_component id="oc-171">
         <name>.text:GPIOIntEnable</name>
         <load_address>0x2000e94e</load_address>
         <run_address>0x2000e94e</run_address>
         <size>0x1a</size>
         <input_file_ref idref="fl-f4"/>
      </object_component>
      <object_component id="oc-3a6">
         <name>.text:PinTypeSPI</name>
         <load_address>0x2000e968</load_address>
         <run_address>0x2000e968</run_address>
         <size>0x1a</size>
         <input_file_ref idref="fl-f7"/>
      </object_component>
      <object_component id="oc-3ac">
         <name>.text:PinTypeUART</name>
         <load_address>0x2000e982</load_address>
         <run_address>0x2000e982</run_address>
         <size>0x1a</size>
         <input_file_ref idref="fl-f7"/>
      </object_component>
      <object_component id="oc-811">
         <name>.text:SPIDmaDisable</name>
         <load_address>0x2000e99c</load_address>
         <run_address>0x2000e99c</run_address>
         <size>0x1a</size>
         <input_file_ref idref="fl-f9"/>
      </object_component>
      <object_component id="oc-7b5">
         <name>.text:SPIDmaEnable</name>
         <load_address>0x2000e9b6</load_address>
         <run_address>0x2000e9b6</run_address>
         <size>0x1a</size>
         <input_file_ref idref="fl-f9"/>
      </object_component>
      <object_component id="oc-80b">
         <name>.text:SPIFIFODisable</name>
         <load_address>0x2000e9d0</load_address>
         <run_address>0x2000e9d0</run_address>
         <size>0x1a</size>
         <input_file_ref idref="fl-f9"/>
      </object_component>
      <object_component id="oc-7af">
         <name>.text:SPIFIFOEnable</name>
         <load_address>0x2000e9ea</load_address>
         <run_address>0x2000e9ea</run_address>
         <size>0x1a</size>
         <input_file_ref idref="fl-f9"/>
      </object_component>
      <object_component id="oc-805">
         <name>.text:SPIIntUnregister</name>
         <load_address>0x2000ea04</load_address>
         <run_address>0x2000ea04</run_address>
         <size>0x1a</size>
         <input_file_ref idref="fl-f9"/>
      </object_component>
      <object_component id="oc-122">
         <name>.text:GPIOPinRead</name>
         <load_address>0x2000ea1e</load_address>
         <run_address>0x2000ea1e</run_address>
         <size>0x18</size>
         <input_file_ref idref="fl-f4"/>
      </object_component>
      <object_component id="oc-350">
         <name>.text:I2CMasterIntEnableEx</name>
         <load_address>0x2000ea36</load_address>
         <run_address>0x2000ea36</run_address>
         <size>0x18</size>
         <input_file_ref idref="fl-f5"/>
      </object_component>
      <object_component id="oc-797">
         <name>.text:SPICSDisable</name>
         <load_address>0x2000ea4e</load_address>
         <run_address>0x2000ea4e</run_address>
         <size>0x18</size>
         <input_file_ref idref="fl-f9"/>
      </object_component>
      <object_component id="oc-851">
         <name>.text:SPICSEnable</name>
         <load_address>0x2000ea66</load_address>
         <run_address>0x2000ea66</run_address>
         <size>0x18</size>
         <input_file_ref idref="fl-f9"/>
      </object_component>
      <object_component id="oc-79d">
         <name>.text:SPIDisable</name>
         <load_address>0x2000ea7e</load_address>
         <run_address>0x2000ea7e</run_address>
         <size>0x18</size>
         <input_file_ref idref="fl-f9"/>
      </object_component>
      <object_component id="oc-195">
         <name>.text:SPIEnable</name>
         <load_address>0x2000ea96</load_address>
         <run_address>0x2000ea96</run_address>
         <size>0x18</size>
         <input_file_ref idref="fl-f9"/>
      </object_component>
      <object_component id="oc-c8">
         <name>.text:SysTickPeriodSet</name>
         <load_address>0x2000eab0</load_address>
         <run_address>0x2000eab0</run_address>
         <size>0x18</size>
         <input_file_ref idref="fl-fa"/>
      </object_component>
      <object_component id="oc-129">
         <name>.text:UARTCharsAvail</name>
         <load_address>0x2000eac8</load_address>
         <run_address>0x2000eac8</run_address>
         <size>0x18</size>
         <input_file_ref idref="fl-fc"/>
      </object_component>
      <object_component id="oc-6ad">
         <name>.text:_SlNonOsSemSet</name>
         <load_address>0x2000eae0</load_address>
         <run_address>0x2000eae0</run_address>
         <size>0x18</size>
         <input_file_ref idref="fl-f0"/>
      </object_component>
      <object_component id="oc-308">
         <name>.text:_outc</name>
         <load_address>0x2000eaf8</load_address>
         <run_address>0x2000eaf8</run_address>
         <size>0x18</size>
         <input_file_ref idref="fl-c7"/>
      </object_component>
      <object_component id="oc-4d7">
         <name>.text:_outc</name>
         <load_address>0x2000eb10</load_address>
         <run_address>0x2000eb10</run_address>
         <size>0x18</size>
         <input_file_ref idref="fl-c8"/>
      </object_component>
      <object_component id="oc-602">
         <name>.text:_sl_GetStartResponseConvert</name>
         <load_address>0x2000eb28</load_address>
         <run_address>0x2000eb28</run_address>
         <size>0x18</size>
         <input_file_ref idref="fl-ec"/>
      </object_component>
      <object_component id="oc-33e">
         <name>.text:I2CMasterDataPut</name>
         <load_address>0x2000eb40</load_address>
         <run_address>0x2000eb40</run_address>
         <size>0x16</size>
         <input_file_ref idref="fl-f5"/>
      </object_component>
      <object_component id="oc-34a">
         <name>.text:I2CMasterEnable</name>
         <load_address>0x2000eb56</load_address>
         <run_address>0x2000eb56</run_address>
         <size>0x16</size>
         <input_file_ref idref="fl-f5"/>
      </object_component>
      <object_component id="oc-31a">
         <name>.text:I2CMasterIntClear</name>
         <load_address>0x2000eb6c</load_address>
         <run_address>0x2000eb6c</run_address>
         <size>0x16</size>
         <input_file_ref idref="fl-f5"/>
      </object_component>
      <object_component id="oc-225">
         <name>.text:PRCMHIBRegRead</name>
         <load_address>0x2000eb82</load_address>
         <run_address>0x2000eb82</run_address>
         <size>0x16</size>
         <input_file_ref idref="fl-f8"/>
      </object_component>
      <object_component id="oc-22b">
         <name>.text:PRCMHIBRegWrite</name>
         <load_address>0x2000eb98</load_address>
         <run_address>0x2000eb98</run_address>
         <size>0x16</size>
         <input_file_ref idref="fl-f8"/>
      </object_component>
      <object_component id="oc-12f">
         <name>.text:UARTCharGet</name>
         <load_address>0x2000ebae</load_address>
         <run_address>0x2000ebae</run_address>
         <size>0x16</size>
         <input_file_ref idref="fl-fc"/>
      </object_component>
      <object_component id="oc-1ad">
         <name>.text:UARTFIFODisable</name>
         <load_address>0x2000ebc4</load_address>
         <run_address>0x2000ebc4</run_address>
         <size>0x16</size>
         <input_file_ref idref="fl-fc"/>
      </object_component>
      <object_component id="oc-494">
         <name>.text:_SlDrvMemZero</name>
         <load_address>0x2000ebda</load_address>
         <run_address>0x2000ebda</run_address>
         <size>0x16</size>
         <input_file_ref idref="fl-ed"/>
      </object_component>
      <object_component id="oc-741">
         <name>.text:strchr</name>
         <load_address>0x2000ebf0</load_address>
         <run_address>0x2000ebf0</run_address>
         <size>0x16</size>
         <input_file_ref idref="fl-e6"/>
      </object_component>
      <object_component id="oc-20f">
         <name>.text:CPUcpsie</name>
         <load_address>0x2000ec06</load_address>
         <run_address>0x2000ec06</run_address>
         <size>0x14</size>
         <input_file_ref idref="fl-ff"/>
      </object_component>
      <object_component id="oc-f2">
         <name>.text:GPIOIntClear</name>
         <load_address>0x2000ec1a</load_address>
         <run_address>0x2000ec1a</run_address>
         <size>0x14</size>
         <input_file_ref idref="fl-f4"/>
      </object_component>
      <object_component id="oc-10a">
         <name>.text:strlen</name>
         <load_address>0x2000ec2e</load_address>
         <run_address>0x2000ec2e</run_address>
         <size>0x14</size>
         <input_file_ref idref="fl-d1"/>
      </object_component>
      <object_component id="oc-326">
         <name>.text:I2CMasterControl</name>
         <load_address>0x2000ec42</load_address>
         <run_address>0x2000ec42</run_address>
         <size>0x12</size>
         <input_file_ref idref="fl-f5"/>
      </object_component>
      <object_component id="oc-320">
         <name>.text:I2CMasterTimeoutSet</name>
         <load_address>0x2000ec54</load_address>
         <run_address>0x2000ec54</run_address>
         <size>0x12</size>
         <input_file_ref idref="fl-f5"/>
      </object_component>
      <object_component id="oc-544">
         <name>.text:wcslen</name>
         <load_address>0x2000ec66</load_address>
         <run_address>0x2000ec66</run_address>
         <size>0x12</size>
         <input_file_ref idref="fl-e8"/>
      </object_component>
      <object_component id="oc-da">
         <name>.text:SysTickEnable</name>
         <load_address>0x2000ec78</load_address>
         <run_address>0x2000ec78</run_address>
         <size>0x10</size>
         <input_file_ref idref="fl-fa"/>
      </object_component>
[...]
         <name>sl_Send</name>
         <value>0x2000a80d</value>
         <object_component_ref idref="oc-147"/>
      </symbol>
      <symbol id="sm-f25">
         <name>_sl_HandleAsync_Connect</name>
         <value>0x2000cd11</value>
         <object_component_ref idref="oc-9d6"/>
      </symbol>
      <symbol id="sm-f26">
         <name>sl_Htonl</name>
         <value>0x2000ddc9</value>
         <object_component_ref idref="oc-443"/>
      </symbol>
      <symbol id="sm-f27">
         <name>sl_Htons</name>
         <value>0x2000e07d</value>
         <object_component_ref idref="oc-43d"/>
      </symbol>
      <symbol id="sm-f28">
         <name>sl_Connect</name>
         <value>0x20009a89</value>
         <object_component_ref idref="oc-455"/>
      </symbol>
      <symbol id="sm-f29">
         <name>sl_Socket</name>
         <value>0x2000c965</value>
         <object_component_ref idref="oc-449"/>
      </symbol>
      <symbol id="sm-f2a">
         <name>_sl_HandleAsync_Select</name>
         <value>0x2000d805</value>
         <object_component_ref idref="oc-9dc"/>
      </symbol>
      <symbol id="sm-f2b">
         <name>sl_Close</name>
         <value>0x2000d485</value>
         <object_component_ref idref="oc-153"/>
      </symbol>
      <symbol id="sm-f2c">
         <name>_sl_HandleAsync_Accept</name>
         <value>0x2000d2f5</value>
         <object_component_ref idref="oc-9d0"/>
      </symbol>
      <symbol id="sm-f2d">
         <name>sl_SetSockOpt</name>
         <value>0x2000c291</value>
         <object_component_ref idref="oc-44f"/>
      </symbol>
      <symbol id="sm-fe7">
         <name>sl_WlanDisconnect</name>
         <value>0x2000e12d</value>
         <object_component_ref idref="oc-408"/>
      </symbol>
      <symbol id="sm-fe8">
         <name>sl_WlanPolicySet</name>
         <value>0x2000c6a5</value>
         <object_component_ref idref="oc-3fc"/>
      </symbol>
      <symbol id="sm-fe9">
         <name>sl_WlanProfileDel</name>
         <value>0x2000d4e5</value>
         <object_component_ref idref="oc-402"/>
      </symbol>
      <symbol id="sm-fea">
         <name>sl_WlanRxFilterSet</name>
         <value>0x2000cc09</value>
         <object_component_ref idref="oc-423"/>
      </symbol>
      <symbol id="sm-feb">
         <name>sl_WlanConnect</name>
         <value>0x200084c5</value>
         <object_component_ref idref="oc-42d"/>
      </symbol>
      <symbol id="sm-fec">
         <name>sl_WlanSet</name>
         <value>0x2000c329</value>
         <object_component_ref idref="oc-414"/>
      </symbol>
      <symbol id="sm-fed">
         <name>sl_WlanSetMode</name>
         <value>0x2000d545</value>
         <object_component_ref idref="oc-3ea"/>
      </symbol>
      <symbol id="sm-110d">
         <name>g_ucDinDout</name>
         <value>0x20017168</value>
      </symbol>
      <symbol id="sm-110e">
         <name>g_cDummy</name>
         <value>0x20017256</value>
      </symbol>
      <symbol id="sm-110f">
         <name>NwpMaskInterrupt</name>
         <value>0x2000ecd5</value>
         <object_component_ref idref="oc-7d6"/>
      </symbol>
      <symbol id="sm-1110">
         <name>NwpPrePowerOffTimout0</name>
         <value>0x2000e6e5</value>
         <object_component_ref idref="oc-61e"/>
      </symbol>
      <symbol id="sm-1111">
         <name>NwpRegisterInterruptHandler</name>
         <value>0x2000df4d</value>
         <object_component_ref idref="oc-5f6"/>
      </symbol>
      <symbol id="sm-1112">
         <name>g_pHostIntHdl</name>
         <value>0x20017308</value>
         <object_component_ref idref="oc-7c7"/>
      </symbol>
      <symbol id="sm-1113">
         <name>simplelink_timerA2_start</name>
         <value>0x2000e041</value>
         <object_component_ref idref="oc-960"/>
      </symbol>
      <symbol id="sm-1114">
         <name>NwpUnMaskInterrupt</name>
         <value>0x2000ece1</value>
         <object_component_ref idref="oc-7f0"/>
      </symbol>
      <symbol id="sm-1115">
         <name>NwpPowerOff</name>
         <value>0x2000e0f5</value>
         <object_component_ref idref="oc-5f0"/>
      </symbol>
      <symbol id="sm-1116">
         <name>TimerGetCurrentTimestamp</name>
         <value>0x2000e725</value>
         <object_component_ref idref="oc-8bd"/>
      </symbol>
      <symbol id="sm-1117">
         <name>spi_Read</name>
         <value>0x2000af81</value>
         <object_component_ref idref="oc-872"/>
      </symbol>
      <symbol id="sm-1118">
         <name>DmaSpiSwIntHandler</name>
         <value>0x2000e58d</value>
         <object_component_ref idref="oc-7cd"/>
      </symbol>
      <symbol id="sm-1119">
         <name>NwpPowerOn</name>
         <value>0x2000e321</value>
         <object_component_ref idref="oc-5fc"/>
      </symbol>
      <symbol id="sm-111a">
         <name>spi_Close</name>
         <value>0x2000cf0d</value>
         <object_component_ref idref="oc-624"/>
      </symbol>
      <symbol id="sm-111b">
         <name>spi_Write</name>
         <value>0x2000c3c1</value>
         <object_component_ref idref="oc-6b4"/>
      </symbol>
      <symbol id="sm-111c">
         <name>spi_Open</name>
         <value>0x2000a1c9</value>
         <object_component_ref idref="oc-5e4"/>
      </symbol>
      <symbol id="sm-111d">
         <name>g_ucDMAEnabled</name>
         <value>0x2001730c</value>
         <object_component_ref idref="oc-7c7"/>
      </symbol>
      <symbol id="sm-111e">
         <name>g_SpiFd</name>
         <value>0x20017304</value>
         <object_component_ref idref="oc-7c7"/>
      </symbol>
      <symbol id="sm-1186">
         <name>GPIOIntRegister</name>
         <value>0x2000e785</value>
         <object_component_ref idref="oc-165"/>
      </symbol>
      <symbol id="sm-1187">
         <name>GPIOIntDisable</name>
         <value>0x2000e935</value>
         <object_component_ref idref="oc-1b9"/>
      </symbol>
      <symbol id="sm-1188">
         <name>GPIOIntEnable</name>
         <value>0x2000e94f</value>
         <object_component_ref idref="oc-171"/>
      </symbol>
      <symbol id="sm-1189">
         <name>GPIOIntTypeSet</name>
         <value>0x2000cc8d</value>
         <object_component_ref idref="oc-16b"/>
      </symbol>
      <symbol id="sm-118a">
         <name>GPIOIntClear</name>
         <value>0x2000ec1b</value>
         <object_component_ref idref="oc-f2"/>
      </symbol>
      <symbol id="sm-118b">
         <name>GPIOIntStatus</name>
         <value>0x2000e61d</value>
         <object_component_ref idref="oc-ec"/>
      </symbol>
      <symbol id="sm-118c">
         <name>GPIOPinRead</name>
         <value>0x2000ea1f</value>
         <object_component_ref idref="oc-122"/>
      </symbol>
      <symbol id="sm-118d">
         <name>GPIODirModeSet</name>
         <value>0x2000e165</value>
         <object_component_ref idref="oc-3a0"/>
      </symbol>
      <symbol id="sm-118e">
         <name>GPIOPinWrite</name>
         <value>0x2000e6a5</value>
         <object_component_ref idref="oc-19b"/>
      </symbol>
      <symbol id="sm-1207">
         <name>I2CMasterDataPut</name>
         <value>0x2000eb41</value>
         <object_component_ref idref="oc-33e"/>
      </symbol>
      <symbol id="sm-1208">
         <name>I2CMasterInitExpClk</name>
         <value>0x2000cb85</value>
         <object_component_ref idref="oc-356"/>
      </symbol>
      <symbol id="sm-1209">
         <name>I2CMasterSlaveAddrSet</name>
         <value>0x2000e63f</value>
         <object_component_ref idref="oc-338"/>
      </symbol>
      <symbol id="sm-120a">
         <name>I2CMasterDataGet</name>
         <value>0x2000eca9</value>
         <object_component_ref idref="oc-344"/>
      </symbol>
      <symbol id="sm-120b">
         <name>I2CMasterIntEnableEx</name>
         <value>0x2000ea37</value>
         <object_component_ref idref="oc-350"/>
      </symbol>
      <symbol id="sm-120c">
         <name>I2CMasterErr</name>
         <value>0x2000e2f3</value>
         <object_component_ref idref="oc-332"/>
      </symbol>
      <symbol id="sm-120d">
         <name>I2CMasterTimeoutSet</name>
         <value>0x2000ec55</value>
         <object_component_ref idref="oc-320"/>
      </symbol>
      <symbol id="sm-120e">
         <name>I2CMasterControl</name>
         <value>0x2000ec43</value>
         <object_component_ref idref="oc-326"/>
      </symbol>
      <symbol id="sm-120f">
         <name>I2CMasterEnable</name>
         <value>0x2000eb57</value>
         <object_component_ref idref="oc-34a"/>
      </symbol>
      <symbol id="sm-1210">
         <name>I2CMasterIntStatusEx</name>
         <value>0x2000e7a3</value>
         <object_component_ref idref="oc-32c"/>
      </symbol>
      <symbol id="sm-1211">
         <name>I2CMasterIntClear</name>
         <value>0x2000eb6d</value>
         <object_component_ref idref="oc-31a"/>
      </symbol>
      <symbol id="sm-1293">
         <name>IntPendClear</name>
         <value>0x2000d601</value>
         <object_component_ref idref="oc-7e9"/>
      </symbol>
      <symbol id="sm-1294">
         <name>IntPrioritySet</name>
         <value>0x2000d709</value>
         <object_component_ref idref="oc-374"/>
      </symbol>
      <symbol id="sm-1295">
         <name>IntEnable</name>
         <value>0x2000bd9d</value>
         <object_component_ref idref="oc-bc"/>
      </symbol>
      <symbol id="sm-1296">
         <name>IntDisable</name>
         <value>0x2000bcf5</value>
         <object_component_ref idref="oc-7dd"/>
      </symbol>
      <symbol id="sm-1297">
         <name>IntRegister</name>
         <value>0x2000e6c5</value>
         <object_component_ref idref="oc-239"/>
      </symbol>
      <symbol id="sm-1298">
         <name>IntUnregister</name>
         <value>0x2000e5b1</value>
         <object_component_ref idref="oc-7e3"/>
      </symbol>
      <symbol id="sm-1299">
         <name>IntMasterEnable</name>
         <value>0x2000ed05</value>
         <object_component_ref idref="oc-b6"/>
      </symbol>
      <symbol id="sm-12e0">
         <name>PinTypeI2C</name>
         <value>0x2000e839</value>
         <object_component_ref idref="oc-3b2"/>
      </symbol>
      <symbol id="sm-12e1">
         <name>PinTypeUART</name>
         <value>0x2000e983</value>
         <object_component_ref idref="oc-3ac"/>
      </symbol>
      <symbol id="sm-12e2">
         <name>PinTypeGPIO</name>
         <value>0x2000e205</value>
         <object_component_ref idref="oc-39a"/>
      </symbol>
      <symbol id="sm-12e3">
         <name>PinConfigSet</name>
         <value>0x2000c9f1</value>
         <object_component_ref idref="oc-5c4"/>
      </symbol>
      <symbol id="sm-12e4">
         <name>PinTypeSPI</name>
         <value>0x2000e969</value>
         <object_component_ref idref="oc-3a6"/>
      </symbol>
      <symbol id="sm-12e5">
         <name>PinModeSet</name>
         <value>0x2000de0d</value>
         <object_component_ref idref="oc-394"/>
      </symbol>
      <symbol id="sm-1378">
         <name>PRCMPeripheralReset</name>
         <value>0x2000d659</value>
         <object_component_ref idref="oc-17d"/>
      </symbol>
      <symbol id="sm-1379">
         <name>PRCMPeripheralClkEnable</name>
         <value>0x2000e005</value>
         <object_component_ref idref="oc-177"/>
      </symbol>
      <symbol id="sm-137a">
         <name>PRCMPeripheralClockGet</name>
         <value>0x2000c4f1</value>
         <object_component_ref idref="oc-189"/>
      </symbol>
      <symbol id="sm-137b">
         <name>PRCMCC3200MCUInit</name>
         <value>0x20009d91</value>
         <object_component_ref idref="oc-c2"/>
      </symbol>
      <symbol id="sm-137c">
         <name>PRCMHIBRegWrite</name>
         <value>0x2000eb99</value>
         <object_component_ref idref="oc-22b"/>
      </symbol>
      <symbol id="sm-137d">
         <name>PRCMSysResetCauseGet</name>
         <value>0x2000e34d</value>
         <object_component_ref idref="oc-21f"/>
      </symbol>
      <symbol id="sm-137e">
         <name>PRCMPeripheralStatusGet</name>
         <value>0x2000e19d</value>
         <object_component_ref idref="oc-7a3"/>
      </symbol>
      <symbol id="sm-137f">
         <name>PRCMPeripheralClkDisable</name>
         <value>0x2000e451</value>
         <object_component_ref idref="oc-231"/>
      </symbol>
      <symbol id="sm-1380">
         <name>PRCMHIBRegRead</name>
         <value>0x2000eb83</value>
         <object_component_ref idref="oc-225"/>
      </symbol>
      <symbol id="sm-144d">
         <name>SPIFIFODisable</name>
         <value>0x2000e9d1</value>
         <object_component_ref idref="oc-80b"/>
      </symbol>
      <symbol id="sm-144e">
         <name>SPICSEnable</name>
         <value>0x2000ea67</value>
         <object_component_ref idref="oc-851"/>
      </symbol>
      <symbol id="sm-144f">
         <name>SPIDisable</name>
         <value>0x2000ea7f</value>
         <object_component_ref idref="oc-79d"/>
      </symbol>
      <symbol id="sm-1450">
         <name>SPIFIFOEnable</name>
         <value>0x2000e9eb</value>
         <object_component_ref idref="oc-7af"/>
      </symbol>
      <symbol id="sm-1451">
         <name>SPIWordCountSet</name>
         <value>0x2000e683</value>
         <object_component_ref idref="oc-857"/>
      </symbol>
      <symbol id="sm-1452">
         <name>SPIDataPut</name>
         <value>0x2000e7c1</value>
         <object_component_ref idref="oc-2ea"/>
      </symbol>
      <symbol id="sm-1453">
         <name>SPIEnable</name>
         <value>0x2000ea97</value>
         <object_component_ref idref="oc-195"/>
      </symbol>
      <symbol id="sm-1454">
         <name>SPIDataGet</name>
         <value>0x2000e705</value>
         <object_component_ref idref="oc-2f0"/>
      </symbol>
      <symbol id="sm-1455">
         <name>SPIDmaEnable</name>
         <value>0x2000e9b7</value>
         <object_component_ref idref="oc-7b5"/>
      </symbol>
      <symbol id="sm-1456">
         <name>SPIConfigSetExpClk</name>
         <value>0x2000bee9</value>
         <object_component_ref idref="oc-18f"/>
      </symbol>
      <symbol id="sm-1457">
         <name>SPIIntUnregister</name>
         <value>0x2000ea05</value>
         <object_component_ref idref="oc-805"/>
      </symbol>
      <symbol id="sm-1458">
         <name>SPIFIFOLevelSet</name>
         <value>0x2000e1d1</value>
         <object_component_ref idref="oc-7bb"/>
      </symbol>
      <symbol id="sm-1459">
         <name>SPIDmaDisable</name>
         <value>0x2000e99d</value>
         <object_component_ref idref="oc-811"/>
      </symbol>
      <symbol id="sm-145a">
         <name>SPIReset</name>
         <value>0x2000e661</value>
         <object_component_ref idref="oc-183"/>
      </symbol>
      <symbol id="sm-145b">
         <name>SPIIntEnable</name>
         <value>0x2000d8fd</value>
         <object_component_ref idref="oc-7c1"/>
      </symbol>
      <symbol id="sm-145c">
         <name>SPIIntClear</name>
         <value>0x2000db59</value>
         <object_component_ref idref="oc-8f0"/>
      </symbol>
      <symbol id="sm-145d">
         <name>SPICSDisable</name>
         <value>0x2000ea4f</value>
         <object_component_ref idref="oc-797"/>
      </symbol>
      <symbol id="sm-1494">
         <name>SysTickEnable</name>
         <value>0x2000ec79</value>
         <object_component_ref idref="oc-da"/>
      </symbol>
      <symbol id="sm-1495">
         <name>SysTickIntRegister</name>
         <value>0x2000e855</value>
         <object_component_ref idref="oc-ce"/>
      </symbol>
      <symbol id="sm-1496">
         <name>SysTickIntEnable</name>
         <value>0x2000ec89</value>
         <object_component_ref idref="oc-d4"/>
      </symbol>
      <symbol id="sm-1497">
         <name>SysTickValueGet</name>
         <value>0x2000eced</value>
         <object_component_ref idref="oc-f8"/>
      </symbol>
      <symbol id="sm-1498">
         <name>SysTickPeriodSet</name>
         <value>0x2000eab1</value>
         <object_component_ref idref="oc-c8"/>
      </symbol>
      <symbol id="sm-14cb">
         <name>TimerLoadSet</name>
         <value>0x2000e3fd</value>
         <object_component_ref idref="oc-9f6"/>
      </symbol>
      <symbol id="sm-14cc">
         <name>TimerEnable</name>
         <value>0x2000e7df</value>
         <object_component_ref idref="oc-9fc"/>
      </symbol>
      <symbol id="sm-14cd">
         <name>TimerValueGet</name>
         <value>0x2000e871</value>
         <object_component_ref idref="oc-966"/>
      </symbol>
      <symbol id="sm-14ce">
         <name>TimerPrescaleSet</name>
         <value>0x2000e427</value>
         <object_component_ref idref="oc-9f0"/>
      </symbol>
      <symbol id="sm-14cf">
         <name>TimerConfigure</name>
         <value>0x2000dc75</value>
         <object_component_ref idref="oc-9ea"/>
      </symbol>
      <symbol id="sm-151c">
         <name>UARTFIFODisable</name>
         <value>0x2000ebc5</value>
         <object_component_ref idref="oc-1ad"/>
      </symbol>
      <symbol id="sm-151d">
         <name>UARTConfigSetExpClk</name>
         <value>0x2000cf85</value>
         <object_component_ref idref="oc-1a1"/>
      </symbol>
      <symbol id="sm-151e">
         <name>UARTDisable</name>
         <value>0x2000e235</value>
         <object_component_ref idref="oc-3ce"/>
      </symbol>
      <symbol id="sm-151f">
         <name>UARTCharsAvail</name>
         <value>0x2000eac9</value>
         <object_component_ref idref="oc-129"/>
      </symbol>
      <symbol id="sm-1520">
         <name>UARTCharGetNonBlocking</name>
         <value>0x2000e88d</value>
         <object_component_ref idref="oc-275"/>
      </symbol>
      <symbol id="sm-1521">
         <name>UARTCharPut</name>
         <value>0x2000e7fd</value>
         <object_component_ref idref="oc-269"/>
      </symbol>
      <symbol id="sm-1522">
         <name>UARTEnable</name>
         <value>0x2000e5d5</value>
         <object_component_ref idref="oc-1a7"/>
      </symbol>
      <symbol id="sm-1523">
         <name>UARTCharGet</name>
         <value>0x2000ebaf</value>
         <object_component_ref idref="oc-12f"/>
      </symbol>
      <symbol id="sm-157a">
         <name>uDMAChannelControlSet</name>
         <value>0x2000e0b9</value>
         <object_component_ref idref="oc-97d"/>
      </symbol>
      <symbol id="sm-157b">
         <name>uDMAChannelAttributeEnable</name>
         <value>0x2000d421</value>
         <object_component_ref idref="oc-983"/>
      </symbol>
      <symbol id="sm-157c">
         <name>uDMAChannelTransferSet</name>
         <value>0x2000b071</value>
         <object_component_ref idref="oc-989"/>
      </symbol>
      <symbol id="sm-157d">
         <name>uDMAChannelAssign</name>
         <value>0x2000dac5</value>
         <object_component_ref idref="oc-8d0"/>
      </symbol>
      <symbol id="sm-157e">
         <name>uDMAChannelAttributeDisable</name>
         <value>0x2000d3bd</value>
         <object_component_ref idref="oc-8d6"/>
      </symbol>
      <symbol id="sm-157f">
         <name>uDMAChannelEnable</name>
         <value>0x2000e919</value>
         <object_component_ref idref="oc-98f"/>
      </symbol>
      <symbol id="sm-1583">
         <name>UtilsDelay</name>
         <value>0x2000ed21</value>
         <object_component_ref idref="oc-128"/>
      </symbol>
      <symbol id="sm-158d">
         <name>CPUcpsie</name>
         <value>0x2000ec07</value>
         <object_component_ref idref="oc-20f"/>
      </symbol>
      <symbol id="sm-158f">
         <name>__TI_static_base__</name>
         <value>0x2000f7f8</value>
      </symbol>
      <symbol id="sm-1592">
         <name>__mpu_init</name>
         <value>0x0</value>
      </symbol>
      <symbol id="sm-1593">
         <name>_system_post_cinit</name>
         <value>0x0</value>
      </symbol>
   </symbol_table>
   <title>Link successful</title>
</link_info>
