<?xml version="1.0" encoding="ISO-8859-1" ?>
<link_info>
   <banner>TI ARM Linker PC v20.2.7.LTS</banner>
   <copyright>Copyright (c) 1996-2018 Texas Instruments Incorporated</copyright>
   <link_time>0x69a9c0f8</link_time>
   <link_errors>0x0</link_errors>
   <output_file>Final_project_anti_theft.out</output_file>
   <entry_point>
      <name>_c_int00_noargs</name>
      <address>0x2000f951</address>
   </entry_point>
   <input_file_list>
      <input_file id="fl-2">
         <path>.\</path>
         <kind>object</kind>
         <file>Adafruit_GFX.obj</file>
         <name>Adafruit_GFX.obj</name>
      </input_file>
      <input_file id="fl-3">
         <path>.\</path>
         <kind>object</kind>
         <file>Adafruit_OLED.obj</file>
         <name>Adafruit_OLED.obj</name>
      </input_file>
      <input_file id="fl-4">
         <path>.\</path>
         <kind>object</kind>
         <file>gpio_if.obj</file>
         <name>gpio_if.obj</name>
      </input_file>
      <input_file id="fl-5">
         <path>.\</path>
         <kind>object</kind>
         <file>i2c_if.obj</file>
         <name>i2c_if.obj</name>
      </input_file>
      <input_file id="fl-6">
         <path>.\</path>
         <kind>object</kind>
         <file>main.obj</file>
         <name>main.obj</name>
      </input_file>
      <input_file id="fl-7">
         <path>.\</path>
         <kind>object</kind>
         <file>oled_test.obj</file>
         <name>oled_test.obj</name>
      </input_file>
      <input_file id="fl-8">
         <path>.\</path>
         <kind>object</kind>
         <file>pinmux.obj</file>
         <name>pinmux.obj</name>
      </input_file>
      <input_file id="fl-9">
         <path>.\</path>
         <kind>object</kind>
         <file>provisioning_stub.obj</file>
         <name>provisioning_stub.obj</name>
      </input_file>
      <input_file id="fl-a">
         <path>.\</path>
         <kind>object</kind>
         <file>uart_if.obj</file>
         <name>uart_if.obj</name>
      </input_file>
      <input_file id="fl-b">
         <path>.\utils\</path>
         <kind>object</kind>
         <file>network_utils.obj</file>
         <name>network_utils.obj</name>
      </input_file>
      <input_file id="fl-11">
         <kind>object</kind>
         <file>&lt;internal&gt;</file>
         <name>&lt;internal&gt;</name>
      </input_file>
      <input_file id="fl-c7">
         <path>C:\ti\ccs1250\ccs\tools\compiler\ti-cgt-arm_20.2.7.LTS\lib\</path>
         <kind>archive</kind>
         <file>rtsv7M4_T_le_eabi.lib</file>
         <name>snprintf.c.obj</name>
      </input_file>
      <input_file id="fl-c8">
         <path>C:\ti\ccs1250\ccs\tools\compiler\ti-cgt-arm_20.2.7.LTS\lib\</path>
         <kind>archive</kind>
         <file>rtsv7M4_T_le_eabi.lib</file>
         <name>vsnprintf.c.obj</name>
      </input_file>
      <input_file id="fl-c9">
         <path>C:\ti\ccs1250\ccs\tools\compiler\ti-cgt-arm_20.2.7.LTS\lib\</path>
         <kind>archive</kind>
         <file>rtsv7M4_T_le_eabi.lib</file>
         <name>fd_tos_t2.asm.obj</name>
      </input_file>
      <input_file id="fl-ca">
         <path>C:\ti\ccs1250\ccs\tools\compiler\ti-cgt-arm_20.2.7.LTS\lib\</path>
         <kind>archive</kind>
         <file>rtsv7M4_T_le_eabi.lib</file>
         <name>fs_add_t2.asm.obj</name>
      </input_file>
      <input_file id="fl-cb">
         <path>C:\ti\ccs1250\ccs\tools\compiler\ti-cgt-arm_20.2.7.LTS\lib\</path>
         <kind>archive</kind>
         <file>rtsv7M4_T_le_eabi.lib</file>
         <name>fs_div_t2.asm.obj</name>
      </input_file>
      <input_file id="fl-cc">
         <path>C:\ti\ccs1250\ccs\tools\compiler\ti-cgt-arm_20.2.7.LTS\lib\</path>
         <kind>archive</kind>
         <file>rtsv7M4_T_le_eabi.lib</file>
         <name>fs_mul_t2.asm.obj</name>
      </input_file>
      <input_file id="fl-cd">
         <path>C:\ti\ccs1250\ccs\tools\compiler\ti-cgt-arm_20.2.7.LTS\lib\</path>
         <kind>archive</kind>
         <file>rtsv7M4_T_le_eabi.lib</file>
         <name>fs_tod_t2.asm.obj</name>
      </input_file>
      <input_file id="fl-ce">
         <path>C:\ti\ccs1250\ccs\tools\compiler\ti-cgt-arm_20.2.7.LTS\lib\</path>
         <kind>archive</kind>
         <file>rtsv7M4_T_le_eabi.lib</file>
         <name>fs_toi_t2.asm.obj</name>
      </input_file>
      <input_file id="fl-cf">
         <path>C:\ti\ccs1250\ccs\tools\compiler\ti-cgt-arm_20.2.7.LTS\lib\</path>
         <kind>archive</kind>
         <file>rtsv7M4_T_le_eabi.lib</file>
         <name>i_tofs_t2.asm.obj</name>
      </input_file>
      <input_file id="fl-d0">
         <path>C:\ti\ccs1250\ccs\tools\compiler\ti-cgt-arm_20.2.7.LTS\lib\</path>
         <kind>archive</kind>
         <file>rtsv7M4_T_le_eabi.lib</file>
         <name>memcpy_t2.asm.obj</name>
      </input_file>
      <input_file id="fl-d1">
         <path>C:\ti\ccs1250\ccs\tools\compiler\ti-cgt-arm_20.2.7.LTS\lib\</path>
         <kind>archive</kind>
         <file>rtsv7M4_T_le_eabi.lib</file>
         <name>memset_t2.asm.obj</name>
      </input_file>
      <input_file id="fl-d2">
         <path>C:\ti\ccs1250\ccs\tools\compiler\ti-cgt-arm_20.2.7.LTS\lib\</path>
         <kind>archive</kind>
         <file>rtsv7M4_T_le_eabi.lib</file>
         <name>copy_zero_init.c.obj</name>
      </input_file>
      <input_file id="fl-d3">
         <path>C:\ti\ccs1250\ccs\tools\compiler\ti-cgt-arm_20.2.7.LTS\lib\</path>
         <kind>archive</kind>
         <file>rtsv7M4_T_le_eabi.lib</file>
         <name>copy_decompress_none.c.obj</name>
      </input_file>
      <input_file id="fl-d4">
         <path>C:\ti\ccs1250\ccs\tools\compiler\ti-cgt-arm_20.2.7.LTS\lib\</path>
         <kind>archive</kind>
         <file>rtsv7M4_T_le_eabi.lib</file>
         <name>copy_decompress_lzss.c.obj</name>
      </input_file>
      <input_file id="fl-d5">
         <path>C:\ti\ccs1250\ccs\tools\compiler\ti-cgt-arm_20.2.7.LTS\lib\</path>
         <kind>archive</kind>
         <file>rtsv7M4_T_le_eabi.lib</file>
         <name>atof.c.obj</name>
      </input_file>
      <input_file id="fl-d6">
         <path>C:\ti\ccs1250\ccs\tools\compiler\ti-cgt-arm_20.2.7.LTS\lib\</path>
         <kind>archive</kind>
         <file>rtsv7M4_T_le_eabi.lib</file>
         <name>memmov.c.obj</name>
      </input_file>
      <input_file id="fl-d7">
         <path>C:\ti\ccs1250\ccs\tools\compiler\ti-cgt-arm_20.2.7.LTS\lib\</path>
         <kind>archive</kind>
         <file>rtsv7M4_T_le_eabi.lib</file>
         <name>strchr.c.obj</name>
      </input_file>
      <input_file id="fl-d8">
         <path>C:\ti\ccs1250\ccs\tools\compiler\ti-cgt-arm_20.2.7.LTS\lib\</path>
         <kind>archive</kind>
         <file>rtsv7M4_T_le_eabi.lib</file>
         <name>strcmp.c.obj</name>
      </input_file>
      <input_file id="fl-d9">
         <path>C:\ti\ccs1250\ccs\tools\compiler\ti-cgt-arm_20.2.7.LTS\lib\</path>
         <kind>archive</kind>
         <file>rtsv7M4_T_le_eabi.lib</file>
         <name>strlen.c.obj</name>
      </input_file>
      <input_file id="fl-da">
         <path>C:\ti\ccs1250\ccs\tools\compiler\ti-cgt-arm_20.2.7.LTS\lib\</path>
         <kind>archive</kind>
         <file>rtsv7M4_T_le_eabi.lib</file>
         <name>strncmp.c.obj</name>
      </input_file>
      <input_file id="fl-db">
         <path>C:\ti\ccs1250\ccs\tools\compiler\ti-cgt-arm_20.2.7.LTS\lib\</path>
         <kind>archive</kind>
         <file>rtsv7M4_T_le_eabi.lib</file>
         <name>strncpy.c.obj</name>
      </input_file>
      <input_file id="fl-dc">
         <path>C:\ti\ccs1250\ccs\tools\compiler\ti-cgt-arm_20.2.7.LTS\lib\</path>
         <kind>archive</kind>
         <file>rtsv7M4_T_le_eabi.lib</file>
         <name>strstr.c.obj</name>
      </input_file>
      <input_file id="fl-dd">
         <path>C:\ti\ccs1250\ccs\tools\compiler\ti-cgt-arm_20.2.7.LTS\lib\</path>
         <kind>archive</kind>
         <file>rtsv7M4_T_le_eabi.lib</file>
         <name>strtod.c.obj</name>
      </input_file>
      <input_file id="fl-de">
         <path>C:\ti\ccs1250\ccs\tools\compiler\ti-cgt-arm_20.2.7.LTS\lib\</path>
         <kind>archive</kind>
         <file>rtsv7M4_T_le_eabi.lib</file>
         <name>boot_cortex_m.c.obj</name>
      </input_file>
      <input_file id="fl-df">
         <path>C:\ti\ccs1250\ccs\tools\compiler\ti-cgt-arm_20.2.7.LTS\lib\</path>
         <kind>archive</kind>
         <file>rtsv7M4_T_le_eabi.lib</file>
         <name>errno.c.obj</name>
      </input_file>
      <input_file id="fl-e0">
         <path>C:\ti\ccs1250\ccs\tools\compiler\ti-cgt-arm_20.2.7.LTS\lib\</path>
         <kind>archive</kind>
         <file>rtsv7M4_T_le_eabi.lib</file>
         <name>s_scalbn.c.obj</name>
      </input_file>
      <input_file id="fl-e1">
         <path>C:\ti\ccs1250\ccs\tools\compiler\ti-cgt-arm_20.2.7.LTS\lib\</path>
         <kind>archive</kind>
         <file>rtsv7M4_T_le_eabi.lib</file>
         <name>_printfi.c.obj</name>
      </input_file>
      <input_file id="fl-e2">
         <path>C:\ti\ccs1250\ccs\tools\compiler\ti-cgt-arm_20.2.7.LTS\lib\</path>
         <kind>archive</kind>
         <file>rtsv7M4_T_le_eabi.lib</file>
         <name>fd_add_t2.asm.obj</name>
      </input_file>
      <input_file id="fl-e3">
         <path>C:\ti\ccs1250\ccs\tools\compiler\ti-cgt-arm_20.2.7.LTS\lib\</path>
         <kind>archive</kind>
         <file>rtsv7M4_T_le_eabi.lib</file>
         <name>fd_cmp_t2.asm.obj</name>
      </input_file>
      <input_file id="fl-e4">
         <path>C:\ti\ccs1250\ccs\tools\compiler\ti-cgt-arm_20.2.7.LTS\lib\</path>
         <kind>archive</kind>
         <file>rtsv7M4_T_le_eabi.lib</file>
         <name>fd_div_t2.asm.obj</name>
      </input_file>
      <input_file id="fl-e5">
         <path>C:\ti\ccs1250\ccs\tools\compiler\ti-cgt-arm_20.2.7.LTS\lib\</path>
         <kind>archive</kind>
         <file>rtsv7M4_T_le_eabi.lib</file>
         <name>fd_mul_t2.asm.obj</name>
      </input_file>
      <input_file id="fl-e6">
         <path>C:\ti\ccs1250\ccs\tools\compiler\ti-cgt-arm_20.2.7.LTS\lib\</path>
         <kind>archive</kind>
         <file>rtsv7M4_T_le_eabi.lib</file>
         <name>fd_toi_t2.asm.obj</name>
      </input_file>
      <input_file id="fl-e7">
         <path>C:\ti\ccs1250\ccs\tools\compiler\ti-cgt-arm_20.2.7.LTS\lib\</path>
         <kind>archive</kind>
         <file>rtsv7M4_T_le_eabi.lib</file>
         <name>i_tofd_t2.asm.obj</name>
      </input_file>
      <input_file id="fl-e8">
         <path>C:\ti\ccs1250\ccs\tools\compiler\ti-cgt-arm_20.2.7.LTS\lib\</path>
         <kind>archive</kind>
         <file>rtsv7M4_T_le_eabi.lib</file>
         <name>ull_div_t2.asm.obj</name>
      </input_file>
      <input_file id="fl-e9">
         <path>C:\ti\ccs1250\ccs\tools\compiler\ti-cgt-arm_20.2.7.LTS\lib\</path>
         <kind>archive</kind>
         <file>rtsv7M4_T_le_eabi.lib</file>
         <name>autoinit.c.obj</name>
      </input_file>
      <input_file id="fl-ea">
         <path>C:\ti\ccs1250\ccs\tools\compiler\ti-cgt-arm_20.2.7.LTS\lib\</path>
         <kind>archive</kind>
         <file>rtsv7M4_T_le_eabi.lib</file>
         <name>pre_init.c.obj</name>
      </input_file>
      <input_file id="fl-eb">
         <path>C:\ti\ccs1250\ccs\tools\compiler\ti-cgt-arm_20.2.7.LTS\lib\</path>
         <kind>archive</kind>
         <file>rtsv7M4_T_le_eabi.lib</file>
         <name>cpy_tbl.c.obj</name>
      </input_file>
      <input_file id="fl-ec">
         <path>C:\ti\ccs1250\ccs\tools\compiler\ti-cgt-arm_20.2.7.LTS\lib\</path>
         <kind>archive</kind>
         <file>rtsv7M4_T_le_eabi.lib</file>
         <name>exit.c.obj</name>
      </input_file>
      <input_file id="fl-ed">
         <path>C:\ti\ccs1250\ccs\tools\compiler\ti-cgt-arm_20.2.7.LTS\lib\</path>
         <kind>archive</kind>
         <file>rtsv7M4_T_le_eabi.lib</file>
         <name>_lock.c.obj</name>
      </input_file>
      <input_file id="fl-ee">
         <path>C:\ti\ccs1250\ccs\tools\compiler\ti-cgt-arm_20.2.7.LTS\lib\</path>
         <kind>archive</kind>
         <file>rtsv7M4_T_le_eabi.lib</file>
         <name>_ltoa.c.obj</name>
      </input_file>
      <input_file id="fl-ef">
         <path>C:\ti\ccs1250\ccs\tools\compiler\ti-cgt-arm_20.2.7.LTS\lib\</path>
         <kind>archive</kind>
         <file>rtsv7M4_T_le_eabi.lib</file>
         <name>args_main.c.obj</name>
      </input_file>
      <input_file id="fl-f0">
         <path>C:\ti\ccs1250\ccs\tools\compiler\ti-cgt-arm_20.2.7.LTS\lib\</path>
         <kind>archive</kind>
         <file>rtsv7M4_T_le_eabi.lib</file>
         <name>atoi.c.obj</name>
      </input_file>
      <input_file id="fl-f1">
         <path>C:\ti\ccs1250\ccs\tools\compiler\ti-cgt-arm_20.2.7.LTS\lib\</path>
         <kind>archive</kind>
         <file>rtsv7M4_T_le_eabi.lib</file>
         <name>ctype.c.obj</name>
      </input_file>
      <input_file id="fl-f2">
         <path>C:\ti\ccs1250\ccs\tools\compiler\ti-cgt-arm_20.2.7.LTS\lib\</path>
         <kind>archive</kind>
         <file>rtsv7M4_T_le_eabi.lib</file>
         <name>memccpy.c.obj</name>
      </input_file>
      <input_file id="fl-f3">
         <path>C:\ti\ccs1250\ccs\tools\compiler\ti-cgt-arm_20.2.7.LTS\lib\</path>
         <kind>archive</kind>
         <file>rtsv7M4_T_le_eabi.lib</file>
         <name>wcslen.c.obj</name>
      </input_file>
      <input_file id="fl-f4">
         <path>C:\ti\ccs1250\ccs\tools\compiler\ti-cgt-arm_20.2.7.LTS\lib\</path>
         <kind>archive</kind>
         <file>rtsv7M4_T_le_eabi.lib</file>
         <name>s_copysign.c.obj</name>
      </input_file>
      <input_file id="fl-f5">
         <path>C:\ti\ccs1250\ccs\tools\compiler\ti-cgt-arm_20.2.7.LTS\lib\</path>
         <kind>archive</kind>
         <file>rtsv7M4_T_le_eabi.lib</file>
         <name>s_frexp.c.obj</name>
      </input_file>
      <input_file id="fl-f6">
         <path>C:\ti\ccs1250\ccs\tools\compiler\ti-cgt-arm_20.2.7.LTS\lib\</path>
         <kind>archive</kind>
         <file>rtsv7M4_T_le_eabi.lib</file>
         <name>div0.asm.obj</name>
      </input_file>
      <input_file id="fl-f7">
         <path>C:\ti\CC3200SDK_1.5.0\cc3200-sdk\simplelink\ccs\NON_OS\</path>
         <kind>archive</kind>
         <file>simplelink.a</file>
         <name>device.obj</name>
      </input_file>
      <input_file id="fl-f8">
         <path>C:\ti\CC3200SDK_1.5.0\cc3200-sdk\simplelink\ccs\NON_OS\</path>
         <kind>archive</kind>
         <file>simplelink.a</file>
         <name>driver.obj</name>
      </input_file>
      <input_file id="fl-f9">
         <path>C:\ti\CC3200SDK_1.5.0\cc3200-sdk\simplelink\ccs\NON_OS\</path>
         <kind>archive</kind>
         <file>simplelink.a</file>
         <name>netapp.obj</name>
      </input_file>
      <input_file id="fl-fa">
         <path>C:\ti\CC3200SDK_1.5.0\cc3200-sdk\simplelink\ccs\NON_OS\</path>
         <kind>archive</kind>
         <file>simplelink.a</file>
         <name>netcfg.obj</name>
      </input_file>
      <input_file id="fl-fb">
         <path>C:\ti\CC3200SDK_1.5.0\cc3200-sdk\simplelink\ccs\NON_OS\</path>
         <kind>archive</kind>
         <file>simplelink.a</file>
         <name>nonos.obj</name>
      </input_file>
      <input_file id="fl-fc">
         <path>C:\ti\CC3200SDK_1.5.0\cc3200-sdk\simplelink\ccs\NON_OS\</path>
         <kind>archive</kind>
         <file>simplelink.a</file>
         <name>socket.obj</name>
      </input_file>
      <input_file id="fl-fd">
         <path>C:\ti\CC3200SDK_1.5.0\cc3200-sdk\simplelink\ccs\NON_OS\</path>
         <kind>archive</kind>
         <file>simplelink.a</file>
         <name>wlan.obj</name>
      </input_file>
      <input_file id="fl-fe">
         <path>C:\ti\CC3200SDK_1.5.0\cc3200-sdk\simplelink\ccs\NON_OS\</path>
         <kind>archive</kind>
         <file>simplelink.a</file>
         <name>cc_pal.obj</name>
      </input_file>
      <input_file id="fl-ff">
         <path>C:\ti\CC3200SDK_1.5.0\cc3200-sdk\driverlib\ccs\Release\</path>
         <kind>archive</kind>
         <file>driverlib.a</file>
         <name>adc.obj</name>
      </input_file>
      <input_file id="fl-100">
         <path>C:\ti\CC3200SDK_1.5.0\cc3200-sdk\driverlib\ccs\Release\</path>
         <kind>archive</kind>
         <file>driverlib.a</file>
         <name>gpio.obj</name>
      </input_file>
      <input_file id="fl-101">
         <path>C:\ti\CC3200SDK_1.5.0\cc3200-sdk\driverlib\ccs\Release\</path>
         <kind>archive</kind>
         <file>driverlib.a</file>
         <name>i2c.obj</name>
      </input_file>
      <input_file id="fl-102">
         <path>C:\ti\CC3200SDK_1.5.0\cc3200-sdk\driverlib\ccs\Release\</path>
         <kind>archive</kind>
         <file>driverlib.a</file>
         <name>interrupt.obj</name>
      </input_file>
      <input_file id="fl-103">
         <path>C:\ti\CC3200SDK_1.5.0\cc3200-sdk\driverlib\ccs\Release\</path>
         <kind>archive</kind>
         <file>driverlib.a</file>
         <name>pin.obj</name>
      </input_file>
      <input_file id="fl-104">
         <path>C:\ti\CC3200SDK_1.5.0\cc3200-sdk\driverlib\ccs\Release\</path>
         <kind>archive</kind>
         <file>driverlib.a</file>
         <name>prcm.obj</name>
      </input_file>
      <input_file id="fl-105">
         <path>C:\ti\CC3200SDK_1.5.0\cc3200-sdk\driverlib\ccs\Release\</path>
         <kind>archive</kind>
         <file>driverlib.a</file>
         <name>spi.obj</name>
      </input_file>
      <input_file id="fl-106">
         <path>C:\ti\CC3200SDK_1.5.0\cc3200-sdk\driverlib\ccs\Release\</path>
         <kind>archive</kind>
         <file>driverlib.a</file>
         <name>systick.obj</name>
      </input_file>
      <input_file id="fl-107">
         <path>C:\ti\CC3200SDK_1.5.0\cc3200-sdk\driverlib\ccs\Release\</path>
         <kind>archive</kind>
         <file>driverlib.a</file>
         <name>timer.obj</name>
      </input_file>
      <input_file id="fl-108">
         <path>C:\ti\CC3200SDK_1.5.0\cc3200-sdk\driverlib\ccs\Release\</path>
         <kind>archive</kind>
         <file>driverlib.a</file>
         <name>uart.obj</name>
      </input_file>
      <input_file id="fl-109">
         <path>C:\ti\CC3200SDK_1.5.0\cc3200-sdk\driverlib\ccs\Release\</path>
         <kind>archive</kind>
         <file>driverlib.a</file>
         <name>udma.obj</name>
      </input_file>
      <input_file id="fl-10a">
         <path>C:\ti\CC3200SDK_1.5.0\cc3200-sdk\driverlib\ccs\Release\</path>
         <kind>archive</kind>
         <file>driverlib.a</file>
         <name>utils.obj</name>
      </input_file>
      <input_file id="fl-10b">
         <path>C:\ti\CC3200SDK_1.5.0\cc3200-sdk\driverlib\ccs\Release\</path>
         <kind>archive</kind>
         <file>driverlib.a</file>
         <name>cpu.obj</name>
      </input_file>
      <input_file id="fl-10c">
         <path>C:\ti\CC3200SDK_1.5.0\cc3200-sdk\driverlib\ccs\Release\</path>
         <kind>archive</kind>
         <file>driverlib.a</file>
         <name>flash.obj</name>
      </input_file>
   </input_file_list>
   <object_component_list>
      <object_component id="oc-12">
         <name>.vtable</name>
         <uninitialized>true</uninitialized>
         <run_address>0x20010c00</run_address>
         <size>0x400</size>
         <input_file_ref idref="fl-6"/>
      </object_component>
      <object_component id="oc-ca">
         <name>.text</name>
         <load_address>0x20004000</load_address>
         <run_address>0x20004000</run_address>
         <size>0x1e84</size>
         <input_file_ref idref="fl-6"/>
      </object_component>
      <object_component id="oc-7b0">
         <name>.text</name>
         <load_address>0x20005e84</load_address>
         <run_address>0x20005e84</run_address>
         <size>0xec4</size>
         <input_file_ref idref="fl-b"/>
      </object_component>
      <object_component id="oc-1e2">
         <name>.text</name>
         <load_address>0x20006d48</load_address>
         <run_address>0x20006d48</run_address>
         <size>0xa80</size>
         <input_file_ref idref="fl-2"/>
      </object_component>
      <object_component id="oc-3a8">
         <name>.text:__TI_printfi</name>
         <load_address>0x200077c8</load_address>
         <run_address>0x200077c8</run_address>
         <size>0xa4e</size>
         <input_file_ref idref="fl-e1"/>
      </object_component>
      <object_component id="oc-7a4">
         <name>.text:IntDefaultHandler</name>
         <load_address>0x20008216</load_address>
         <run_address>0x20008216</run_address>
         <size>0x2</size>
         <input_file_ref idref="fl-102"/>
      </object_component>
      <object_component id="oc-1dc">
         <name>.text</name>
         <load_address>0x20008218</load_address>
         <run_address>0x20008218</run_address>
         <size>0x654</size>
         <input_file_ref idref="fl-3"/>
      </object_component>
      <object_component id="oc-7bc">
         <name>.text:_SlDrvMsgRead</name>
         <load_address>0x2000886c</load_address>
         <run_address>0x2000886c</run_address>
         <size>0x590</size>
         <input_file_ref idref="fl-f8"/>
      </object_component>
      <object_component id="oc-361">
         <name>.text:strtod</name>
         <load_address>0x20008dfc</load_address>
         <run_address>0x20008dfc</run_address>
         <size>0x454</size>
         <input_file_ref idref="fl-dd"/>
      </object_component>
      <object_component id="oc-880">
         <name>.text</name>
         <load_address>0x20009250</load_address>
         <run_address>0x20009250</run_address>
         <size>0x398</size>
         <input_file_ref idref="fl-4"/>
      </object_component>
      <object_component id="oc-129">
         <name>.text</name>
         <load_address>0x200095e8</load_address>
         <run_address>0x200095e8</run_address>
         <size>0x298</size>
         <input_file_ref idref="fl-5"/>
      </object_component>
      <object_component id="oc-214">
         <name>.text:sl_WlanConnect</name>
         <load_address>0x20009880</load_address>
         <run_address>0x20009880</run_address>
         <size>0x280</size>
         <input_file_ref idref="fl-fd"/>
      </object_component>
      <object_component id="oc-572">
         <name>.text:_pconv_a</name>
         <load_address>0x20009b00</load_address>
         <run_address>0x20009b00</run_address>
         <size>0x268</size>
         <input_file_ref idref="fl-e1"/>
      </object_component>
      <object_component id="oc-88b">
         <name>.text:_SlDrvRxHdrRead</name>
         <load_address>0x20009d68</load_address>
         <run_address>0x20009d68</run_address>
         <size>0x248</size>
         <input_file_ref idref="fl-f8"/>
      </object_component>
      <object_component id="oc-147">
         <name>.text</name>
         <load_address>0x20009fb0</load_address>
         <run_address>0x20009fb0</run_address>
         <size>0x218</size>
         <input_file_ref idref="fl-a"/>
      </object_component>
      <object_component id="oc-4a8">
         <name>.text:_SlDrvDataReadOp</name>
         <load_address>0x2000a1c8</load_address>
         <run_address>0x2000a1c8</run_address>
         <size>0x1e4</size>
         <input_file_ref idref="fl-f8"/>
      </object_component>
      <object_component id="oc-3f1">
         <name>.text:_SlDrvReleasePoolObj</name>
         <load_address>0x2000a3ac</load_address>
         <run_address>0x2000a3ac</run_address>
         <size>0x1d0</size>
         <input_file_ref idref="fl-f8"/>
      </object_component>
      <object_component id="oc-560">
         <name>.text:_pconv_g</name>
         <load_address>0x2000a57c</load_address>
         <run_address>0x2000a57c</run_address>
         <size>0x1cc</size>
         <input_file_ref idref="fl-e1"/>
      </object_component>
      <object_component id="oc-51b">
         <name>.text</name>
         <load_address>0x2000a748</load_address>
         <run_address>0x2000a748</run_address>
         <size>0x1b6</size>
         <input_file_ref idref="fl-e2"/>
      </object_component>
      <object_component id="oc-805">
         <name>.text</name>
         <load_address>0x2000a8fe</load_address>
         <run_address>0x2000a8fe</run_address>
         <size>0x2</size>
         <input_file_ref idref="fl-f6"/>
      </object_component>
      <object_component id="oc-3c7">
         <name>.text:_SlDrvDriverCBInit</name>
         <load_address>0x2000a900</load_address>
         <run_address>0x2000a900</run_address>
         <size>0x1b4</size>
         <input_file_ref idref="fl-f8"/>
      </object_component>
      <object_component id="oc-64e">
         <name>.text:_SlDrvMsgWrite</name>
         <load_address>0x2000aab4</load_address>
         <run_address>0x2000aab4</run_address>
         <size>0x19c</size>
         <input_file_ref idref="fl-f8"/>
      </object_component>
      <object_component id="oc-45a">
         <name>.text:_SlDrvWaitForPoolObj</name>
         <load_address>0x2000ac50</load_address>
         <run_address>0x2000ac50</run_address>
         <size>0x190</size>
         <input_file_ref idref="fl-f8"/>
      </object_component>
      <object_component id="oc-244">
         <name>.text:sl_Connect</name>
         <load_address>0x2000ade0</load_address>
         <run_address>0x2000ade0</run_address>
         <size>0x18c</size>
         <input_file_ref idref="fl-fc"/>
      </object_component>
      <object_component id="oc-ff">
         <name>.text:PRCMCC3200MCUInit</name>
         <load_address>0x2000af6c</load_address>
         <run_address>0x2000af6c</run_address>
         <size>0x178</size>
         <input_file_ref idref="fl-104"/>
      </object_component>
      <object_component id="oc-89d">
         <name>.text:_SlFindAndSetActiveObj</name>
         <load_address>0x2000b0e4</load_address>
         <run_address>0x2000b0e4</run_address>
         <size>0x170</size>
         <input_file_ref idref="fl-f8"/>
      </object_component>
      <object_component id="oc-49e">
         <name>.text:_SlDrvDataWriteOp</name>
         <load_address>0x2000b254</load_address>
         <run_address>0x2000b254</run_address>
         <size>0x150</size>
         <input_file_ref idref="fl-f8"/>
      </object_component>
      <object_component id="oc-3cd">
         <name>.text:spi_Open</name>
         <load_address>0x2000b3a4</load_address>
         <run_address>0x2000b3a4</run_address>
         <size>0x148</size>
         <input_file_ref idref="fl-fe"/>
      </object_component>
      <object_component id="oc-654">
         <name>.text:_SlDrvMsgReadCmdCtx</name>
         <load_address>0x2000b4ec</load_address>
         <run_address>0x2000b4ec</run_address>
         <size>0x144</size>
         <input_file_ref idref="fl-f8"/>
      </object_component>
      <object_component id="oc-226">
         <name>.text:sl_NetAppDnsGetHostByName</name>
         <load_address>0x2000b630</load_address>
         <run_address>0x2000b630</run_address>
         <size>0x144</size>
         <input_file_ref idref="fl-f9"/>
      </object_component>
      <object_component id="oc-56c">
         <name>.text:_pconv_e</name>
         <load_address>0x2000b774</load_address>
         <run_address>0x2000b774</run_address>
         <size>0x13c</size>
         <input_file_ref idref="fl-e1"/>
      </object_component>
      <object_component id="oc-525">
         <name>.text</name>
         <load_address>0x2000b8b0</load_address>
         <run_address>0x2000b8b0</run_address>
         <size>0x136</size>
         <input_file_ref idref="fl-e4"/>
      </object_component>
      <object_component id="oc-24a">
         <name>.text:sl_Send</name>
         <load_address>0x2000b9e8</load_address>
         <run_address>0x2000b9e8</run_address>
         <size>0x134</size>
         <input_file_ref idref="fl-fc"/>
      </object_component>
      <object_component id="oc-422">
         <name>.text:_SlDrvDriverCBDeinit</name>
         <load_address>0x2000bb1c</load_address>
         <run_address>0x2000bb1c</run_address>
         <size>0x130</size>
         <input_file_ref idref="fl-f8"/>
      </object_component>
      <object_component id="oc-72c">
         <name>.text:fcvt</name>
         <load_address>0x2000bc4c</load_address>
         <run_address>0x2000bc4c</run_address>
         <size>0x120</size>
         <input_file_ref idref="fl-e1"/>
      </object_component>
      <object_component id="oc-949">
         <name>.text:_SlDrvNetAppEventHandler</name>
         <load_address>0x2000bd6c</load_address>
         <run_address>0x2000bd6c</run_address>
         <size>0x104</size>
         <input_file_ref idref="fl-f9"/>
      </object_component>
      <object_component id="oc-516">
         <name>.text</name>
         <load_address>0x2000be70</load_address>
         <run_address>0x2000be70</run_address>
         <size>0xfc</size>
         <input_file_ref idref="fl-e5"/>
      </object_component>
      <object_component id="oc-1b6">
         <name>.text</name>
         <load_address>0x2000bf6c</load_address>
         <run_address>0x2000bf6c</run_address>
         <size>0xfa</size>
         <input_file_ref idref="fl-ca"/>
      </object_component>
      <object_component id="oc-1fc">
         <name>.text:sl_Stop</name>
         <load_address>0x2000c068</load_address>
         <run_address>0x2000c068</run_address>
         <size>0xf0</size>
         <input_file_ref idref="fl-f7"/>
      </object_component>
      <object_component id="oc-897">
         <name>.text:spi_Read</name>
         <load_address>0x2000c158</load_address>
         <run_address>0x2000c158</run_address>
         <size>0xf0</size>
         <input_file_ref idref="fl-fe"/>
      </object_component>
      <object_component id="oc-a11">
         <name>.text:uDMAChannelTransferSet</name>
         <load_address>0x2000c248</load_address>
         <run_address>0x2000c248</run_address>
         <size>0xf0</size>
         <input_file_ref idref="fl-109"/>
      </object_component>
      <object_component id="oc-1f6">
         <name>.text:sl_Start</name>
         <load_address>0x2000c338</load_address>
         <run_address>0x2000c338</run_address>
         <size>0xec</size>
         <input_file_ref idref="fl-f7"/>
      </object_component>
      <object_component id="oc-7c2">
         <name>.text:_SlAsyncEventGenericHandler</name>
         <load_address>0x2000c424</load_address>
         <run_address>0x2000c424</run_address>
         <size>0xe8</size>
         <input_file_ref idref="fl-f8"/>
      </object_component>
      <object_component id="oc-639">
         <name>.text:_SlDrvMsgReadSpawnCtx</name>
         <load_address>0x2000c50c</load_address>
         <run_address>0x2000c50c</run_address>
         <size>0xe8</size>
         <input_file_ref idref="fl-f8"/>
      </object_component>
      <object_component id="oc-90c">
         <name>.text:sl_NetAppMDNSRegisterUnregisterService</name>
         <load_address>0x2000c5f4</load_address>
         <run_address>0x2000c5f4</run_address>
         <size>0xe4</size>
         <input_file_ref idref="fl-f9"/>
      </object_component>
      <object_component id="oc-891">
         <name>.text:_SlDrvClassifyRxMsg</name>
         <load_address>0x2000c6d8</load_address>
         <run_address>0x2000c6d8</run_address>
         <size>0xdc</size>
         <input_file_ref idref="fl-f8"/>
      </object_component>
      <object_component id="oc-530">
         <name>.text:scalbn</name>
         <load_address>0x2000c7b4</load_address>
         <run_address>0x2000c7b4</run_address>
         <size>0xd0</size>
         <input_file_ref idref="fl-e0"/>
      </object_component>
      <object_component id="oc-9cf">
         <name>.text:_sl_HandleAsync_DnsGetHostByService</name>
         <load_address>0x2000c884</load_address>
         <run_address>0x2000c884</run_address>
         <size>0xcc</size>
         <input_file_ref idref="fl-f9"/>
      </object_component>
      <object_component id="oc-849">
         <name>.text:sl_DevGet</name>
         <load_address>0x2000c950</load_address>
         <run_address>0x2000c950</run_address>
         <size>0xcc</size>
         <input_file_ref idref="fl-f7"/>
      </object_component>
      <object_component id="oc-614">
         <name>.text:_SlRemoveFromList</name>
         <load_address>0x2000ca1c</load_address>
         <run_address>0x2000ca1c</run_address>
         <size>0xc4</size>
         <input_file_ref idref="fl-f8"/>
      </object_component>
      <object_component id="oc-410">
         <name>.text:_SlDrvCmdOp</name>
         <load_address>0x2000cae0</load_address>
         <run_address>0x2000cae0</run_address>
         <size>0xc0</size>
         <input_file_ref idref="fl-f8"/>
      </object_component>
      <object_component id="oc-55a">
         <name>.text:_ltostr</name>
         <load_address>0x2000cba0</load_address>
         <run_address>0x2000cba0</run_address>
         <size>0xb1</size>
         <input_file_ref idref="fl-e1"/>
      </object_component>
      <object_component id="oc-59a">
         <name>.text:_SlNonOsSemGet</name>
         <load_address>0x2000cc54</load_address>
         <run_address>0x2000cc54</run_address>
         <size>0xb0</size>
         <input_file_ref idref="fl-fb"/>
      </object_component>
      <object_component id="oc-5f3">
         <name>.text:IntDisable</name>
         <load_address>0x2000cd04</load_address>
         <run_address>0x2000cd04</run_address>
         <size>0xa8</size>
         <input_file_ref idref="fl-102"/>
      </object_component>
      <object_component id="oc-105">
         <name>.text:IntEnable</name>
         <load_address>0x2000cdac</load_address>
         <run_address>0x2000cdac</run_address>
         <size>0xa8</size>
         <input_file_ref idref="fl-102"/>
      </object_component>
      <object_component id="oc-60d">
         <name>.text:_SlDriverHandleError</name>
         <load_address>0x2000ce54</load_address>
         <run_address>0x2000ce54</run_address>
         <size>0xa4</size>
         <input_file_ref idref="fl-f8"/>
      </object_component>
      <object_component id="oc-38a">
         <name>.text:SPIConfigSetExpClk</name>
         <load_address>0x2000cef8</load_address>
         <run_address>0x2000cef8</run_address>
         <size>0xa0</size>
         <input_file_ref idref="fl-105"/>
      </object_component>
      <object_component id="oc-250">
         <name>.text:sl_Recv</name>
         <load_address>0x2000cf98</load_address>
         <run_address>0x2000cf98</run_address>
         <size>0xa0</size>
         <input_file_ref idref="fl-fc"/>
      </object_component>
      <object_component id="oc-34">
         <name>.text</name>
         <load_address>0x2000d038</load_address>
         <run_address>0x2000d038</run_address>
         <size>0x9c</size>
         <input_file_ref idref="fl-d0"/>
      </object_component>
      <object_component id="oc-9b5">
         <name>.text:_SlDrvDeviceEventHandler</name>
         <load_address>0x2000d0d4</load_address>
         <run_address>0x2000d0d4</run_address>
         <size>0x9a</size>
         <input_file_ref idref="fl-f7"/>
      </object_component>
      <object_component id="oc-208">
         <name>.text:sl_DevSet</name>
         <load_address>0x2000d170</load_address>
         <run_address>0x2000d170</run_address>
         <size>0x98</size>
         <input_file_ref idref="fl-f7"/>
      </object_component>
      <object_component id="oc-861">
         <name>.text:sl_NetCfgSet</name>
         <load_address>0x2000d208</load_address>
         <run_address>0x2000d208</run_address>
         <size>0x98</size>
         <input_file_ref idref="fl-fa"/>
      </object_component>
      <object_component id="oc-238">
         <name>.text:sl_SetSockOpt</name>
         <load_address>0x2000d2a0</load_address>
         <run_address>0x2000d2a0</run_address>
         <size>0x98</size>
         <input_file_ref idref="fl-fc"/>
      </object_component>
      <object_component id="oc-867">
         <name>.text:sl_WlanSet</name>
         <load_address>0x2000d338</load_address>
         <run_address>0x2000d338</run_address>
         <size>0x98</size>
         <input_file_ref idref="fl-fd"/>
      </object_component>
      <object_component id="oc-7cb">
         <name>.text:spi_Write</name>
         <load_address>0x2000d3d0</load_address>
         <run_address>0x2000d3d0</run_address>
         <size>0x98</size>
         <input_file_ref idref="fl-fe"/>
      </object_component>
      <object_component id="oc-704">
         <name>.text</name>
         <load_address>0x2000d468</load_address>
         <run_address>0x2000d468</run_address>
         <size>0x96</size>
         <input_file_ref idref="fl-e8"/>
      </object_component>
      <object_component id="oc-17f">
         <name>.text:PRCMPeripheralClockGet</name>
         <load_address>0x2000d500</load_address>
         <run_address>0x2000d500</run_address>
         <size>0x94</size>
         <input_file_ref idref="fl-104"/>
      </object_component>
      <object_component id="oc-25c">
         <name>.text</name>
         <load_address>0x2000d594</load_address>
         <run_address>0x2000d594</run_address>
         <size>0x94</size>
         <input_file_ref idref="fl-8"/>
      </object_component>
      <object_component id="oc-1a2">
         <name>.text</name>
         <load_address>0x2000d628</load_address>
         <run_address>0x2000d628</run_address>
         <size>0x92</size>
         <input_file_ref idref="fl-cb"/>
      </object_component>
      <object_component id="oc-9c9">
         <name>.text:_sl_HandleAsync_DnsGetHostByName</name>
         <load_address>0x2000d6bc</load_address>
         <run_address>0x2000d6bc</run_address>
         <size>0x90</size>
         <input_file_ref idref="fl-f9"/>
      </object_component>
      <object_component id="oc-94f">
         <name>.text:_sl_HandleAsync_PingResponse</name>
         <load_address>0x2000d74c</load_address>
         <run_address>0x2000d74c</run_address>
         <size>0x90</size>
         <input_file_ref idref="fl-f9"/>
      </object_component>
      <object_component id="oc-84f">
         <name>.text:sl_WlanPolicySet</name>
         <load_address>0x2000d7dc</load_address>
         <run_address>0x2000d7dc</run_address>
         <size>0x90</size>
         <input_file_ref idref="fl-fd"/>
      </object_component>
      <object_component id="oc-956">
         <name>.text:SetupDMAReceive</name>
         <load_address>0x2000d86c</load_address>
         <run_address>0x2000d86c</run_address>
         <size>0x8c</size>
         <input_file_ref idref="fl-fe"/>
      </object_component>
      <object_component id="oc-8a8">
         <name>.text:SetupDMASend</name>
         <load_address>0x2000d8f8</load_address>
         <run_address>0x2000d8f8</run_address>
         <size>0x8c</size>
         <input_file_ref idref="fl-fe"/>
      </object_component>
      <object_component id="oc-75e">
         <name>.text:_SlDrvIsTimeoutExpired</name>
         <load_address>0x2000d984</load_address>
         <run_address>0x2000d984</run_address>
         <size>0x8c</size>
         <input_file_ref idref="fl-f8"/>
      </object_component>
      <object_component id="oc-a27">
         <name>.text:_sl_HandleAsync_InitComplete</name>
         <load_address>0x2000da10</load_address>
         <run_address>0x2000da10</run_address>
         <size>0x8c</size>
         <input_file_ref idref="fl-f7"/>
      </object_component>
      <object_component id="oc-232">
         <name>.text:sl_Socket</name>
         <load_address>0x2000da9c</load_address>
         <run_address>0x2000da9c</run_address>
         <size>0x8c</size>
         <input_file_ref idref="fl-fc"/>
      </object_component>
      <object_component id="oc-34c">
         <name>.text:PinConfigSet</name>
         <load_address>0x2000db28</load_address>
         <run_address>0x2000db28</run_address>
         <size>0x88</size>
         <input_file_ref idref="fl-103"/>
      </object_component>
      <object_component id="oc-520">
         <name>.text:__aeabi_cdcmple</name>
         <load_address>0x2000dbb0</load_address>
         <run_address>0x2000dbb0</run_address>
         <size>0x86</size>
         <input_file_ref idref="fl-e3"/>
      </object_component>
      <object_component id="oc-70a">
         <name>.text:__aeabi_cdrcmple</name>
         <load_address>0x2000dc36</load_address>
         <run_address>0x2000dc36</run_address>
         <size>0x86</size>
         <input_file_ref idref="fl-e3"/>
      </object_component>
      <object_component id="oc-316">
         <name>.text:I2CMasterInitExpClk</name>
         <load_address>0x2000dcbc</load_address>
         <run_address>0x2000dcbc</run_address>
         <size>0x84</size>
         <input_file_ref idref="fl-101"/>
      </object_component>
      <object_component id="oc-876">
         <name>.text:sl_WlanRxFilterSet</name>
         <load_address>0x2000dd40</load_address>
         <run_address>0x2000dd40</run_address>
         <size>0x84</size>
         <input_file_ref idref="fl-fd"/>
      </object_component>
      <object_component id="oc-91b">
         <name>.text:GPIOIntTypeSet</name>
         <load_address>0x2000ddc4</load_address>
         <run_address>0x2000ddc4</run_address>
         <size>0x82</size>
         <input_file_ref idref="fl-100"/>
      </object_component>
      <object_component id="oc-9f1">
         <name>.text:_sl_HandleAsync_Connect</name>
         <load_address>0x2000de48</load_address>
         <run_address>0x2000de48</run_address>
         <size>0x80</size>
         <input_file_ref idref="fl-fc"/>
      </object_component>
      <object_component id="oc-95c">
         <name>.text:spi_Read_CPU</name>
         <load_address>0x2000dec8</load_address>
         <run_address>0x2000dec8</run_address>
         <size>0x80</size>
         <input_file_ref idref="fl-fe"/>
      </object_component>
      <object_component id="oc-8ba">
         <name>.text:spi_Write_CPU</name>
         <load_address>0x2000df48</load_address>
         <run_address>0x2000df48</run_address>
         <size>0x80</size>
         <input_file_ref idref="fl-fe"/>
      </object_component>
      <object_component id="oc-1b1">
         <name>.text</name>
         <load_address>0x2000dfc8</load_address>
         <run_address>0x2000dfc8</run_address>
         <size>0x7a</size>
         <input_file_ref idref="fl-cc"/>
      </object_component>
      <object_component id="oc-be">
         <name>.text</name>
         <load_address>0x2000e042</load_address>
         <run_address>0x2000e042</run_address>
         <size>0x7a</size>
         <input_file_ref idref="fl-d1"/>
      </object_component>
      <object_component id="oc-41c">
         <name>.text:spi_Close</name>
         <load_address>0x2000e0bc</load_address>
         <run_address>0x2000e0bc</run_address>
         <size>0x78</size>
         <input_file_ref idref="fl-fe"/>
      </object_component>
      <object_component id="oc-185">
         <name>.text:UARTConfigSetExpClk</name>
         <load_address>0x2000e134</load_address>
         <run_address>0x2000e134</run_address>
         <size>0x76</size>
         <input_file_ref idref="fl-108"/>
      </object_component>
      <object_component id="oc-764">
         <name>.text:_SlNonOsMainLoopTask</name>
         <load_address>0x2000e1ac</load_address>
         <run_address>0x2000e1ac</run_address>
         <size>0x74</size>
         <input_file_ref idref="fl-fb"/>
      </object_component>
      <object_component id="oc-725">
         <name>.text:_mcpy</name>
         <load_address>0x2000e220</load_address>
         <run_address>0x2000e220</run_address>
         <size>0x6e</size>
         <input_file_ref idref="fl-e1"/>
      </object_component>
      <object_component id="oc-19d">
         <name>.text</name>
         <load_address>0x2000e28e</load_address>
         <run_address>0x2000e28e</run_address>
         <size>0x6e</size>
         <input_file_ref idref="fl-c9"/>
      </object_component>
      <object_component id="oc-a3f">
         <name>.text:_SlDrvCmdSend</name>
         <load_address>0x2000e2fc</load_address>
         <run_address>0x2000e2fc</run_address>
         <size>0x6c</size>
         <input_file_ref idref="fl-f8"/>
      </object_component>
      <object_component id="oc-9db">
         <name>.text:_sl_NetAppSendTokenValue</name>
         <load_address>0x2000e368</load_address>
         <run_address>0x2000e368</run_address>
         <size>0x6c</size>
         <input_file_ref idref="fl-f9"/>
      </object_component>
      <object_component id="oc-15">
         <name>.text:decompress:lzss:__TI_decompress_lzss</name>
         <load_address>0x2000e3d4</load_address>
         <run_address>0x2000e3d4</run_address>
         <size>0x68</size>
         <input_file_ref idref="fl-d4"/>
      </object_component>
      <object_component id="oc-633">
         <name>.text:_SlNonOsSpawn</name>
         <load_address>0x2000e43c</load_address>
         <run_address>0x2000e43c</run_address>
         <size>0x64</size>
         <input_file_ref idref="fl-fb"/>
      </object_component>
      <object_component id="oc-9eb">
         <name>.text:_sl_HandleAsync_Accept</name>
         <load_address>0x2000e4a0</load_address>
         <run_address>0x2000e4a0</run_address>
         <size>0x64</size>
         <input_file_ref idref="fl-fc"/>
      </object_component>
      <object_component id="oc-86d">
         <name>.text:sl_NetAppMDNSUnRegisterService</name>
         <load_address>0x2000e504</load_address>
         <run_address>0x2000e504</run_address>
         <size>0x64</size>
         <input_file_ref idref="fl-f9"/>
      </object_component>
      <object_component id="oc-77a">
         <name>.text:uDMAChannelAttributeDisable</name>
         <load_address>0x2000e568</load_address>
         <run_address>0x2000e568</run_address>
         <size>0x64</size>
         <input_file_ref idref="fl-109"/>
      </object_component>
      <object_component id="oc-a0b">
         <name>.text:uDMAChannelAttributeEnable</name>
         <load_address>0x2000e5cc</load_address>
         <run_address>0x2000e5cc</run_address>
         <size>0x64</size>
         <input_file_ref idref="fl-109"/>
      </object_component>
      <object_component id="oc-23e">
         <name>.text:sl_Close</name>
         <load_address>0x2000e630</load_address>
         <run_address>0x2000e630</run_address>
         <size>0x60</size>
         <input_file_ref idref="fl-fc"/>
      </object_component>
      <object_component id="oc-855">
         <name>.text:sl_WlanProfileDel</name>
         <load_address>0x2000e690</load_address>
         <run_address>0x2000e690</run_address>
         <size>0x60</size>
         <input_file_ref idref="fl-fd"/>
      </object_component>
      <object_component id="oc-202">
         <name>.text:sl_WlanSetMode</name>
         <load_address>0x2000e6f0</load_address>
         <run_address>0x2000e6f0</run_address>
         <size>0x60</size>
         <input_file_ref idref="fl-fd"/>
      </object_component>
      <object_component id="oc-73a">
         <name>.text:frexp</name>
         <load_address>0x2000e750</load_address>
         <run_address>0x2000e750</run_address>
         <size>0x5c</size>
         <input_file_ref idref="fl-f5"/>
      </object_component>
      <object_component id="oc-5ff">
         <name>.text:IntPendClear</name>
         <load_address>0x2000e7ac</load_address>
         <run_address>0x2000e7ac</run_address>
         <size>0x58</size>
         <input_file_ref idref="fl-102"/>
      </object_component>
      <object_component id="oc-2bd">
         <name>.text:PRCMPeripheralReset</name>
         <load_address>0x2000e804</load_address>
         <run_address>0x2000e804</run_address>
         <size>0x58</size>
         <input_file_ref idref="fl-104"/>
      </object_component>
      <object_component id="oc-566">
         <name>.text:_pconv_f</name>
         <load_address>0x2000e85c</load_address>
         <run_address>0x2000e85c</run_address>
         <size>0x56</size>
         <input_file_ref idref="fl-e1"/>
      </object_component>
      <object_component id="oc-5cc">
         <name>.text:IntPrioritySet</name>
         <load_address>0x2000e8b4</load_address>
         <run_address>0x2000e8b4</run_address>
         <size>0x54</size>
         <input_file_ref idref="fl-102"/>
      </object_component>
      <object_component id="oc-403">
         <name>.text:_SlDrvRxIrqHandler</name>
         <load_address>0x2000e908</load_address>
         <run_address>0x2000e908</run_address>
         <size>0x54</size>
         <input_file_ref idref="fl-f8"/>
      </object_component>
      <object_component id="oc-714">
         <name>.text:__TI_ltoa</name>
         <load_address>0x2000e95c</load_address>
         <run_address>0x2000e95c</run_address>
         <size>0x54</size>
         <input_file_ref idref="fl-ee"/>
      </object_component>
      <object_component id="oc-9f7">
         <name>.text:_sl_HandleAsync_Select</name>
         <load_address>0x2000e9b0</load_address>
         <run_address>0x2000e9b0</run_address>
         <size>0x54</size>
         <input_file_ref idref="fl-fc"/>
      </object_component>
      <object_component id="oc-71f">
         <name>.text:_ecpy</name>
         <load_address>0x2000ea04</load_address>
         <run_address>0x2000ea04</run_address>
         <size>0x52</size>
         <input_file_ref idref="fl-e1"/>
      </object_component>
      <object_component id="oc-9fd">
         <name>.text:_sl_HandleAsync_Stop</name>
         <load_address>0x2000ea58</load_address>
         <run_address>0x2000ea58</run_address>
         <size>0x50</size>
         <input_file_ref idref="fl-f7"/>
      </object_component>
      <object_component id="oc-5d2">
         <name>.text:SPIIntEnable</name>
         <load_address>0x2000eaa8</load_address>
         <run_address>0x2000eaa8</run_address>
         <size>0x4c</size>
         <input_file_ref idref="fl-105"/>
      </object_component>
      <object_component id="oc-7d6">
         <name>.text:SPIIntNumberGet</name>
         <load_address>0x2000eaf4</load_address>
         <run_address>0x2000eaf4</run_address>
         <size>0x4c</size>
         <input_file_ref idref="fl-105"/>
      </object_component>
      <object_component id="oc-3d3">
         <name>.text:_SlDrvProtectAsyncRespSetting</name>
         <load_address>0x2000eb40</load_address>
         <run_address>0x2000eb40</run_address>
         <size>0x4c</size>
         <input_file_ref idref="fl-f8"/>
      </object_component>
      <object_component id="oc-48e">
         <name>.text:_sl_BuildAddress</name>
         <load_address>0x2000eb8c</load_address>
         <run_address>0x2000eb8c</run_address>
         <size>0x4c</size>
         <input_file_ref idref="fl-fc"/>
      </object_component>
      <object_component id="oc-554">
         <name>.text:atoi</name>
         <load_address>0x2000ebd8</load_address>
         <run_address>0x2000ebd8</run_address>
         <size>0x4c</size>
         <input_file_ref idref="fl-f0"/>
      </object_component>
      <object_component id="oc-1e8">
         <name>.text:snprintf</name>
         <load_address>0x2000ec24</load_address>
         <run_address>0x2000ec24</run_address>
         <size>0x4c</size>
         <input_file_ref idref="fl-c7"/>
      </object_component>
      <object_component id="oc-774">
         <name>.text:uDMAChannelAssign</name>
         <load_address>0x2000ec70</load_address>
         <run_address>0x2000ec70</run_address>
         <size>0x4c</size>
         <input_file_ref idref="fl-109"/>
      </object_component>
      <object_component id="oc-9a3">
         <name>.text:GPIOGetIntNumber</name>
         <load_address>0x2000ecbc</load_address>
         <run_address>0x2000ecbc</run_address>
         <size>0x48</size>
         <input_file_ref idref="fl-100"/>
      </object_component>
      <object_component id="oc-798">
         <name>.text:SPIIntClear</name>
         <load_address>0x2000ed04</load_address>
         <run_address>0x2000ed04</run_address>
         <size>0x48</size>
         <input_file_ref idref="fl-105"/>
      </object_component>
      <object_component id="oc-8f7">
         <name>.text:_SlDrvBasicCmd</name>
         <load_address>0x2000ed4c</load_address>
         <run_address>0x2000ed4c</run_address>
         <size>0x48</size>
         <input_file_ref idref="fl-f8"/>
      </object_component>
      <object_component id="oc-70f">
         <name>.text</name>
         <load_address>0x2000ed94</load_address>
         <run_address>0x2000ed94</run_address>
         <size>0x48</size>
         <input_file_ref idref="fl-e6"/>
      </object_component>
      <object_component id="oc-788">
         <name>.text:SPIDmaMaskGet</name>
         <load_address>0x2000eddc</load_address>
         <run_address>0x2000eddc</run_address>
         <size>0x44</size>
         <input_file_ref idref="fl-105"/>
      </object_component>
      <object_component id="oc-975">
         <name>.text:TimerConfigure</name>
         <load_address>0x2000ee20</load_address>
         <run_address>0x2000ee20</run_address>
         <size>0x44</size>
         <input_file_ref idref="fl-107"/>
      </object_component>
      <object_component id="oc-a38">
         <name>.text:_SlDrvHandleHttpServerEvents</name>
         <load_address>0x2000ee64</load_address>
         <run_address>0x2000ee64</run_address>
         <size>0x44</size>
         <input_file_ref idref="fl-f8"/>
      </object_component>
      <object_component id="oc-3eb">
         <name>.text:_SlDrvSyncObjWaitTimeout</name>
         <load_address>0x2000eea8</load_address>
         <run_address>0x2000eea8</run_address>
         <size>0x44</size>
         <input_file_ref idref="fl-f8"/>
      </object_component>
      <object_component id="oc-274">
         <name>.text:__TI_auto_init_nobinit_nopinit:__TI_auto_init_nobinit_nopinit</name>
         <load_address>0x2000eeec</load_address>
         <run_address>0x2000eeec</run_address>
         <size>0x44</size>
         <input_file_ref idref="fl-e9"/>
      </object_component>
      <object_component id="oc-969">
         <name>.text:cc_SetupTransfer</name>
         <load_address>0x2000ef30</load_address>
         <run_address>0x2000ef30</run_address>
         <size>0x44</size>
         <input_file_ref idref="fl-fe"/>
      </object_component>
      <object_component id="oc-22c">
         <name>.text:sl_Htonl</name>
         <load_address>0x2000ef74</load_address>
         <run_address>0x2000ef74</run_address>
         <size>0x42</size>
         <input_file_ref idref="fl-fc"/>
      </object_component>
      <object_component id="oc-346">
         <name>.text:PinModeSet</name>
         <load_address>0x2000efb8</load_address>
         <run_address>0x2000efb8</run_address>
         <size>0x40</size>
         <input_file_ref idref="fl-103"/>
      </object_component>
      <object_component id="oc-9c1">
         <name>.text:_SlDrvHandleNetAppEvents</name>
         <load_address>0x2000eff8</load_address>
         <run_address>0x2000eff8</run_address>
         <size>0x40</size>
         <input_file_ref idref="fl-f8"/>
      </object_component>
      <object_component id="oc-9bb">
         <name>.text:_SlDrvHandleWlanEvents</name>
         <load_address>0x2000f038</load_address>
         <run_address>0x2000f038</run_address>
         <size>0x40</size>
         <input_file_ref idref="fl-f8"/>
      </object_component>
      <object_component id="oc-498">
         <name>.text:_sl_TruncatePayloadByProtocol</name>
         <load_address>0x2000f078</load_address>
         <run_address>0x2000f078</run_address>
         <size>0x40</size>
         <input_file_ref idref="fl-fc"/>
      </object_component>
      <object_component id="oc-328">
         <name>.text:vsnprintf</name>
         <load_address>0x2000f0b8</load_address>
         <run_address>0x2000f0b8</run_address>
         <size>0x40</size>
         <input_file_ref idref="fl-c8"/>
      </object_component>
      <object_component id="oc-3df">
         <name>.text:NwpRegisterInterruptHandler</name>
         <load_address>0x2000f0f8</load_address>
         <run_address>0x2000f0f8</run_address>
         <size>0x3e</size>
         <input_file_ref idref="fl-fe"/>
      </object_component>
      <object_component id="oc-732">
         <name>.text:_fcpy</name>
         <load_address>0x2000f136</load_address>
         <run_address>0x2000f136</run_address>
         <size>0x3e</size>
         <input_file_ref idref="fl-e1"/>
      </object_component>
      <object_component id="oc-9e2">
         <name>.text:CopyPingResultsToReport</name>
         <load_address>0x2000f174</load_address>
         <run_address>0x2000f174</run_address>
         <size>0x3c</size>
         <input_file_ref idref="fl-f9"/>
      </object_component>
      <object_component id="oc-161">
         <name>.text:PRCMPeripheralClkEnable</name>
         <load_address>0x2000f1b0</load_address>
         <run_address>0x2000f1b0</run_address>
         <size>0x3c</size>
         <input_file_ref idref="fl-104"/>
      </object_component>
      <object_component id="oc-8d3">
         <name>.text:simplelink_timerA2_start</name>
         <load_address>0x2000f1ec</load_address>
         <run_address>0x2000f1ec</run_address>
         <size>0x3c</size>
         <input_file_ref idref="fl-fe"/>
      </object_component>
      <object_component id="oc-220">
         <name>.text:sl_Htons</name>
         <load_address>0x2000f228</load_address>
         <run_address>0x2000f228</run_address>
         <size>0x3c</size>
         <input_file_ref idref="fl-fc"/>
      </object_component>
      <object_component id="oc-a05">
         <name>.text:uDMAChannelControlSet</name>
         <load_address>0x2000f264</load_address>
         <run_address>0x2000f264</run_address>
         <size>0x3c</size>
         <input_file_ref idref="fl-109"/>
      </object_component>
      <object_component id="oc-13b">
         <name>.text:ADCChannelDisable</name>
         <load_address>0x2000f2a0</load_address>
         <run_address>0x2000f2a0</run_address>
         <size>0x38</size>
         <input_file_ref idref="fl-ff"/>
      </object_component>
      <object_component id="oc-12f">
         <name>.text:ADCChannelEnable</name>
         <load_address>0x2000f2d8</load_address>
         <run_address>0x2000f2d8</run_address>
         <size>0x38</size>
         <input_file_ref idref="fl-ff"/>
      </object_component>
      <object_component id="oc-3d9">
         <name>.text:NwpPowerOff</name>
         <load_address>0x2000f310</load_address>
         <run_address>0x2000f310</run_address>
         <size>0x38</size>
         <input_file_ref idref="fl-fe"/>
      </object_component>
      <object_component id="oc-150">
         <name>.text</name>
         <load_address>0x2000f348</load_address>
         <run_address>0x2000f348</run_address>
         <size>0x38</size>
         <input_file_ref idref="fl-cd"/>
      </object_component>
      <object_component id="oc-1a7">
         <name>.text</name>
         <load_address>0x2000f380</load_address>
         <run_address>0x2000f380</run_address>
         <size>0x38</size>
         <input_file_ref idref="fl-ce"/>
      </object_component>
      <object_component id="oc-1ac">
         <name>.text</name>
         <load_address>0x2000f3b8</load_address>
         <run_address>0x2000f3b8</run_address>
         <size>0x38</size>
         <input_file_ref idref="fl-cf"/>
      </object_component>
      <object_component id="oc-85b">
         <name>.text:sl_WlanDisconnect</name>
         <load_address>0x2000f3f0</load_address>
         <run_address>0x2000f3f0</run_address>
         <size>0x38</size>
         <input_file_ref idref="fl-fd"/>
      </object_component>
      <object_component id="oc-16d">
         <name>.text:GPIODirModeSet</name>
         <load_address>0x2000f428</load_address>
         <run_address>0x2000f428</run_address>
         <size>0x36</size>
         <input_file_ref idref="fl-100"/>
      </object_component>
      <object_component id="oc-1ca">
         <name>.text:strncpy</name>
         <load_address>0x2000f45e</load_address>
         <run_address>0x2000f45e</run_address>
         <size>0x36</size>
         <input_file_ref idref="fl-db"/>
      </object_component>
      <object_component id="oc-5ae">
         <name>.text:PRCMPeripheralStatusGet</name>
         <load_address>0x2000f494</load_address>
         <run_address>0x2000f494</run_address>
         <size>0x34</size>
         <input_file_ref idref="fl-104"/>
      </object_component>
      <object_component id="oc-5c6">
         <name>.text:SPIFIFOLevelSet</name>
         <load_address>0x2000f4c8</load_address>
         <run_address>0x2000f4c8</run_address>
         <size>0x34</size>
         <input_file_ref idref="fl-105"/>
      </object_component>
      <object_component id="oc-256">
         <name>.text:strstr</name>
         <load_address>0x2000f4fc</load_address>
         <run_address>0x2000f4fc</run_address>
         <size>0x34</size>
         <input_file_ref idref="fl-dc"/>
      </object_component>
      <object_component id="oc-167">
         <name>.text:PinTypeGPIO</name>
         <load_address>0x2000f530</load_address>
         <run_address>0x2000f530</run_address>
         <size>0x30</size>
         <input_file_ref idref="fl-103"/>
      </object_component>
      <object_component id="oc-179">
         <name>.text:UARTDisable</name>
         <load_address>0x2000f560</load_address>
         <run_address>0x2000f560</run_address>
         <size>0x30</size>
         <input_file_ref idref="fl-108"/>
      </object_component>
      <object_component id="oc-3ae">
         <name>.text:_outs</name>
         <load_address>0x2000f590</load_address>
         <run_address>0x2000f590</run_address>
         <size>0x30</size>
         <input_file_ref idref="fl-c7"/>
      </object_component>
      <object_component id="oc-4f4">
         <name>.text:_outs</name>
         <load_address>0x2000f5c0</load_address>
         <run_address>0x2000f5c0</run_address>
         <size>0x30</size>
         <input_file_ref idref="fl-c8"/>
      </object_component>
      <object_component id="oc-71a">
         <name>.text</name>
         <load_address>0x2000f5f0</load_address>
         <run_address>0x2000f5f0</run_address>
         <size>0x2e</size>
         <input_file_ref idref="fl-e7"/>
      </object_component>
      <object_component id="oc-2f8">
         <name>.text:I2CMasterErr</name>
         <load_address>0x2000f61e</load_address>
         <run_address>0x2000f61e</run_address>
         <size>0x2c</size>
         <input_file_ref idref="fl-101"/>
      </object_component>
      <object_component id="oc-3e5">
         <name>.text:NwpPowerOn</name>
         <load_address>0x2000f64c</load_address>
         <run_address>0x2000f64c</run_address>
         <size>0x2c</size>
         <input_file_ref idref="fl-fe"/>
      </object_component>
      <object_component id="oc-2ab">
         <name>.text:PRCMSysResetCauseGet</name>
         <load_address>0x2000f678</load_address>
         <run_address>0x2000f678</run_address>
         <size>0x2c</size>
         <input_file_ref idref="fl-104"/>
      </object_component>
      <object_component id="oc-642">
         <name>.text:_SlDrvObjGlobalLockWaitForever</name>
         <load_address>0x2000f6a4</load_address>
         <run_address>0x2000f6a4</run_address>
         <size>0x2c</size>
         <input_file_ref idref="fl-f8"/>
      </object_component>
      <object_component id="oc-460">
         <name>.text:_SlDrvProtectionObjLockWaitForever</name>
         <load_address>0x2000f6d0</load_address>
         <run_address>0x2000f6d0</run_address>
         <size>0x2c</size>
         <input_file_ref idref="fl-f8"/>
      </object_component>
      <object_component id="oc-1be">
         <name>.text:strncmp</name>
         <load_address>0x2000f6fc</load_address>
         <run_address>0x2000f6fc</run_address>
         <size>0x2c</size>
         <input_file_ref idref="fl-da"/>
      </object_component>
      <object_component id="oc-37e">
         <name>.text:SPIDataGetNonBlocking</name>
         <load_address>0x2000f728</load_address>
         <run_address>0x2000f728</run_address>
         <size>0x2a</size>
         <input_file_ref idref="fl-105"/>
      </object_component>
      <object_component id="oc-981">
         <name>.text:TimerLoadSet</name>
         <load_address>0x2000f752</load_address>
         <run_address>0x2000f752</run_address>
         <size>0x2a</size>
         <input_file_ref idref="fl-107"/>
      </object_component>
      <object_component id="oc-97b">
         <name>.text:TimerPrescaleSet</name>
         <load_address>0x2000f77c</load_address>
         <run_address>0x2000f77c</run_address>
         <size>0x2a</size>
         <input_file_ref idref="fl-107"/>
      </object_component>
      <object_component id="oc-2c3">
         <name>.text:PRCMPeripheralClkDisable</name>
         <load_address>0x2000f7a8</load_address>
         <run_address>0x2000f7a8</run_address>
         <size>0x28</size>
         <input_file_ref idref="fl-104"/>
      </object_component>
      <object_component id="oc-378">
         <name>.text:SPIDataPutNonBlocking</name>
         <load_address>0x2000f7d0</load_address>
         <run_address>0x2000f7d0</run_address>
         <size>0x28</size>
         <input_file_ref idref="fl-105"/>
      </object_component>
      <object_component id="oc-648">
         <name>.text:_SlDrvGlobalObjUnLock</name>
         <load_address>0x2000f7f8</load_address>
         <run_address>0x2000f7f8</run_address>
         <size>0x28</size>
         <input_file_ref idref="fl-f8"/>
      </object_component>
      <object_component id="oc-466">
         <name>.text:_SlDrvProtectionObjUnLock</name>
         <load_address>0x2000f820</load_address>
         <run_address>0x2000f820</run_address>
         <size>0x28</size>
         <input_file_ref idref="fl-f8"/>
      </object_component>
      <object_component id="oc-46c">
         <name>.text:_SlDrvSyncObjWaitForever</name>
         <load_address>0x2000f848</load_address>
         <run_address>0x2000f848</run_address>
         <size>0x28</size>
         <input_file_ref idref="fl-f8"/>
      </object_component>
      <object_component id="oc-32e">
         <name>.text:memmove</name>
         <load_address>0x2000f870</load_address>
         <run_address>0x2000f870</run_address>
         <size>0x28</size>
         <input_file_ref idref="fl-d6"/>
      </object_component>
      <object_component id="oc-697">
         <name>.text:_SlDrvObjLockWaitForever</name>
         <load_address>0x2000f898</load_address>
         <run_address>0x2000f898</run_address>
         <size>0x26</size>
         <input_file_ref idref="fl-f8"/>
      </object_component>
      <object_component id="oc-a54">
         <name>.text</name>
         <load_address>0x2000f8be</load_address>
         <run_address>0x2000f8be</run_address>
         <size>0x26</size>
         <input_file_ref idref="fl-9"/>
      </object_component>
      <object_component id="oc-5de">
         <name>.text:DmaSpiSwIntHandler</name>
         <load_address>0x2000f8e4</load_address>
         <run_address>0x2000f8e4</run_address>
         <size>0x24</size>
         <input_file_ref idref="fl-fe"/>
      </object_component>
      <object_component id="oc-5f9">
         <name>.text:IntUnregister</name>
         <load_address>0x2000f908</load_address>
         <run_address>0x2000f908</run_address>
         <size>0x24</size>
         <input_file_ref idref="fl-102"/>
      </object_component>
      <object_component id="oc-18b">
         <name>.text:UARTEnable</name>
         <load_address>0x2000f92c</load_address>
         <run_address>0x2000f92c</run_address>
         <size>0x24</size>
         <input_file_ref idref="fl-108"/>
      </object_component>
      <object_component id="oc-52">
         <name>.text:_c_int00_noargs:_c_int00_noargs</name>
         <load_address>0x2000f950</load_address>
         <run_address>0x2000f950</run_address>
         <size>0x24</size>
         <input_file_ref idref="fl-de"/>
      </object_component>
      <object_component id="oc-2fe">
         <name>.text:I2CMasterSlaveAddrSet</name>
         <load_address>0x2000f974</load_address>
         <run_address>0x2000f974</run_address>
         <size>0x22</size>
         <input_file_ref idref="fl-101"/>
      </object_component>
      <object_component id="oc-384">
         <name>.text:SPIReset</name>
         <load_address>0x2000f996</load_address>
         <run_address>0x2000f996</run_address>
         <size>0x22</size>
         <input_file_ref idref="fl-105"/>
      </object_component>
      <object_component id="oc-8b4">
         <name>.text:SPIWordCountSet</name>
         <load_address>0x2000f9b8</load_address>
         <run_address>0x2000f9b8</run_address>
         <size>0x22</size>
         <input_file_ref idref="fl-105"/>
      </object_component>
      <object_component id="oc-1d6">
         <name>.text:GPIOPinWrite</name>
         <load_address>0x2000f9da</load_address>
         <run_address>0x2000f9da</run_address>
         <size>0x20</size>
         <input_file_ref idref="fl-100"/>
      </object_component>
      <object_component id="oc-2d6">
         <name>.text:IntRegister</name>
         <load_address>0x2000f9fc</load_address>
         <run_address>0x2000f9fc</run_address>
         <size>0x20</size>
         <input_file_ref idref="fl-102"/>
      </object_component>
      <object_component id="oc-416">
         <name>.text:NwpPrePowerOffTimout0</name>
         <load_address>0x2000fa1c</load_address>
         <run_address>0x2000fa1c</run_address>
         <size>0x20</size>
         <input_file_ref idref="fl-fe"/>
      </object_component>
      <object_component id="oc-826">
         <name>.text:TimerGetCurrentTimestamp</name>
         <load_address>0x2000fa3c</load_address>
         <run_address>0x2000fa3c</run_address>
         <size>0x20</size>
         <input_file_ref idref="fl-fe"/>
      </object_component>
      <object_component id="oc-69d">
         <name>.text:_SlDrvObjUnLock</name>
         <load_address>0x2000fa5c</load_address>
         <run_address>0x2000fa5c</run_address>
         <size>0x20</size>
         <input_file_ref idref="fl-f8"/>
      </object_component>
      <object_component id="oc-61a">
         <name>.text:_SlDrvSyncObjSignal</name>
         <load_address>0x2000fa7c</load_address>
         <run_address>0x2000fa7c</run_address>
         <size>0x20</size>
         <input_file_ref idref="fl-f8"/>
      </object_component>
      <object_component id="oc-921">
         <name>.text:GPIOIntRegister</name>
         <load_address>0x2000fa9c</load_address>
         <run_address>0x2000fa9c</run_address>
         <size>0x1e</size>
         <input_file_ref idref="fl-100"/>
      </object_component>
      <object_component id="oc-2f2">
         <name>.text:I2CMasterIntStatusEx</name>
         <load_address>0x2000faba</load_address>
         <run_address>0x2000faba</run_address>
         <size>0x1e</size>
         <input_file_ref idref="fl-101"/>
      </object_component>
      <object_component id="oc-987">
         <name>.text:TimerEnable</name>
         <load_address>0x2000fad8</load_address>
         <run_address>0x2000fad8</run_address>
         <size>0x1e</size>
         <input_file_ref idref="fl-107"/>
      </object_component>
      <object_component id="oc-322">
         <name>.text:UARTCharPut</name>
         <load_address>0x2000faf6</load_address>
         <run_address>0x2000faf6</run_address>
         <size>0x1e</size>
         <input_file_ref idref="fl-108"/>
      </object_component>
      <object_component id="oc-5b4">
         <name>.text:cc_UDMAChannelSelect</name>
         <load_address>0x2000fb14</load_address>
         <run_address>0x2000fb14</run_address>
         <size>0x1e</size>
         <input_file_ref idref="fl-fe"/>
      </object_component>
      <object_component id="oc-135">
         <name>.text:ADCFIFOLvlGet</name>
         <load_address>0x2000fb32</load_address>
         <run_address>0x2000fb32</run_address>
         <size>0x1c</size>
         <input_file_ref idref="fl-ff"/>
      </object_component>
      <object_component id="oc-15b">
         <name>.text:PinTypeI2C</name>
         <load_address>0x2000fb4e</load_address>
         <run_address>0x2000fb4e</run_address>
         <size>0x1c</size>
         <input_file_ref idref="fl-103"/>
      </object_component>
      <object_component id="oc-117">
         <name>.text:SysTickIntRegister</name>
         <load_address>0x2000fb6c</load_address>
         <run_address>0x2000fb6c</run_address>
         <size>0x1c</size>
         <input_file_ref idref="fl-106"/>
      </object_component>
      <object_component id="oc-8d9">
         <name>.text:TimerValueGet</name>
         <load_address>0x2000fb88</load_address>
         <run_address>0x2000fb88</run_address>
         <size>0x1c</size>
         <input_file_ref idref="fl-107"/>
      </object_component>
      <object_component id="oc-1c4">
         <name>.text:UARTCharGetNonBlocking</name>
         <load_address>0x2000fba4</load_address>
         <run_address>0x2000fba4</run_address>
         <size>0x1c</size>
         <input_file_ref idref="fl-108"/>
      </object_component>
      <object_component id="oc-758">
         <name>.text:_SlDrvStartMeasureTimeout</name>
         <load_address>0x2000fbc0</load_address>
         <run_address>0x2000fbc0</run_address>
         <size>0x1c</size>
         <input_file_ref idref="fl-f8"/>
      </object_component>
      <object_component id="oc-578">
         <name>.text:memccpy</name>
         <load_address>0x2000fbdc</load_address>
         <run_address>0x2000fbdc</run_address>
         <size>0x1c</size>
         <input_file_ref idref="fl-f2"/>
      </object_component>
      <object_component id="oc-a17">
         <name>.text:uDMAChannelEnable</name>
         <load_address>0x2000fbf8</load_address>
         <run_address>0x2000fbf8</run_address>
         <size>0x1c</size>
         <input_file_ref idref="fl-109"/>
      </object_component>
      <object_component id="oc-92d">
         <name>.text:GPIOIntEnable</name>
         <load_address>0x2000fc14</load_address>
         <run_address>0x2000fc14</run_address>
         <size>0x1a</size>
         <input_file_ref idref="fl-100"/>
      </object_component>
      <object_component id="oc-173">
         <name>.text:PinTypeSPI</name>
         <load_address>0x2000fc2e</load_address>
         <run_address>0x2000fc2e</run_address>
         <size>0x1a</size>
         <input_file_ref idref="fl-103"/>
      </object_component>
      <object_component id="oc-155">
         <name>.text:PinTypeUART</name>
         <load_address>0x2000fc48</load_address>
         <run_address>0x2000fc48</run_address>
         <size>0x1a</size>
         <input_file_ref idref="fl-103"/>
      </object_component>
      <object_component id="oc-668">
         <name>.text:SPIDmaDisable</name>
         <load_address>0x2000fc62</load_address>
         <run_address>0x2000fc62</run_address>
         <size>0x1a</size>
         <input_file_ref idref="fl-105"/>
      </object_component>
      <object_component id="oc-5c0">
         <name>.text:SPIDmaEnable</name>
         <load_address>0x2000fc7c</load_address>
         <run_address>0x2000fc7c</run_address>
         <size>0x1a</size>
         <input_file_ref idref="fl-105"/>
      </object_component>
      <object_component id="oc-662">
         <name>.text:SPIFIFODisable</name>
         <load_address>0x2000fc96</load_address>
         <run_address>0x2000fc96</run_address>
         <size>0x1a</size>
         <input_file_ref idref="fl-105"/>
      </object_component>
      <object_component id="oc-5ba">
         <name>.text:SPIFIFOEnable</name>
         <load_address>0x2000fcb0</load_address>
         <run_address>0x2000fcb0</run_address>
         <size>0x1a</size>
         <input_file_ref idref="fl-105"/>
      </object_component>
      <object_component id="oc-65c">
         <name>.text:SPIIntUnregister</name>
         <load_address>0x2000fcca</load_address>
         <run_address>0x2000fcca</run_address>
         <size>0x1a</size>
         <input_file_ref idref="fl-105"/>
      </object_component>
      <object_component id="oc-141">
         <name>.text:ADCFIFORead</name>
         <load_address>0x2000fce4</load_address>
         <run_address>0x2000fce4</run_address>
         <size>0x18</size>
         <input_file_ref idref="fl-ff"/>
      </object_component>
      <object_component id="oc-1f0">
         <name>.text:GPIOPinRead</name>
         <load_address>0x2000fcfc</load_address>
         <run_address>0x2000fcfc</run_address>
         <size>0x18</size>
         <input_file_ref idref="fl-100"/>
      </object_component>
      <object_component id="oc-396">
         <name>.text:SPICSDisable</name>
         <load_address>0x2000fd14</load_address>
         <run_address>0x2000fd14</run_address>
         <size>0x18</size>
         <input_file_ref idref="fl-105"/>
      </object_component>
      <object_component id="oc-8ae">
         <name>.text:SPICSEnable</name>
         <load_address>0x2000fd2c</load_address>
         <run_address>0x2000fd2c</run_address>
         <size>0x18</size>
         <input_file_ref idref="fl-105"/>
      </object_component>
      <object_component id="oc-5a8">
         <name>.text:SPIDisable</name>
         <load_address>0x2000fd44</load_address>
         <run_address>0x2000fd44</run_address>
         <size>0x18</size>
         <input_file_ref idref="fl-105"/>
      </object_component>
      <object_component id="oc-390">
         <name>.text:SPIEnable</name>
         <load_address>0x2000fd5c</load_address>
         <run_address>0x2000fd5c</run_address>
         <size>0x18</size>
         <input_file_ref idref="fl-105"/>
      </object_component>
      <object_component id="oc-111">
         <name>.text:SysTickPeriodSet</name>
         <load_address>0x2000fd74</load_address>
         <run_address>0x2000fd74</run_address>
         <size>0x18</size>
         <input_file_ref idref="fl-106"/>
      </object_component>
      <object_component id="oc-1d0">
         <name>.text:UARTCharsAvail</name>
         <load_address>0x2000fd8c</load_address>
         <run_address>0x2000fd8c</run_address>
         <size>0x18</size>
         <input_file_ref idref="fl-108"/>
      </object_component>
      <object_component id="oc-594">
         <name>.text:_SlNonOsSemSet</name>
         <load_address>0x2000fda4</load_address>
         <run_address>0x2000fda4</run_address>
         <size>0x18</size>
         <input_file_ref idref="fl-fb"/>
      </object_component>
      <object_component id="oc-3b4">
         <name>.text:_outc</name>
         <load_address>0x2000fdbc</load_address>
         <run_address>0x2000fdbc</run_address>
         <size>0x18</size>
         <input_file_ref idref="fl-c7"/>
      </object_component>
      <object_component id="oc-4fa">
         <name>.text:_outc</name>
         <load_address>0x2000fdd4</load_address>
         <run_address>0x2000fdd4</run_address>
         <size>0x18</size>
         <input_file_ref idref="fl-c8"/>
      </object_component>
      <object_component id="oc-3f7">
         <name>.text:_sl_GetStartResponseConvert</name>
         <load_address>0x2000fdec</load_address>
         <run_address>0x2000fdec</run_address>
         <size>0x18</size>
         <input_file_ref idref="fl-f7"/>
      </object_component>
      <object_component id="oc-21a">
         <name>.text:strcmp</name>
         <load_address>0x2000fe04</load_address>
         <run_address>0x2000fe04</run_address>
         <size>0x18</size>
         <input_file_ref idref="fl-d8"/>
      </object_component>
      <object_component id="oc-304">
         <name>.text:I2CMasterDataPut</name>
[...]
         <object_component_ref idref="oc-250"/>
      </symbol>
      <symbol id="sm-10ae">
         <name>sl_Send</name>
         <value>0x2000b9e9</value>
         <object_component_ref idref="oc-24a"/>
      </symbol>
      <symbol id="sm-10af">
         <name>_sl_HandleAsync_Connect</name>
         <value>0x2000de49</value>
         <object_component_ref idref="oc-9f1"/>
      </symbol>
      <symbol id="sm-10b0">
         <name>sl_Htonl</name>
         <value>0x2000ef75</value>
         <object_component_ref idref="oc-22c"/>
      </symbol>
      <symbol id="sm-10b1">
         <name>sl_Htons</name>
         <value>0x2000f229</value>
         <object_component_ref idref="oc-220"/>
      </symbol>
      <symbol id="sm-10b2">
         <name>sl_Connect</name>
         <value>0x2000ade1</value>
         <object_component_ref idref="oc-244"/>
      </symbol>
      <symbol id="sm-10b3">
         <name>sl_Socket</name>
         <value>0x2000da9d</value>
         <object_component_ref idref="oc-232"/>
      </symbol>
      <symbol id="sm-10b4">
         <name>_sl_HandleAsync_Select</name>
         <value>0x2000e9b1</value>
         <object_component_ref idref="oc-9f7"/>
      </symbol>
      <symbol id="sm-10b5">
         <name>sl_Close</name>
         <value>0x2000e631</value>
         <object_component_ref idref="oc-23e"/>
      </symbol>
      <symbol id="sm-10b6">
         <name>_sl_HandleAsync_Accept</name>
         <value>0x2000e4a1</value>
         <object_component_ref idref="oc-9eb"/>
      </symbol>
      <symbol id="sm-10b7">
         <name>sl_SetSockOpt</name>
         <value>0x2000d2a1</value>
         <object_component_ref idref="oc-238"/>
      </symbol>
      <symbol id="sm-1171">
         <name>sl_WlanDisconnect</name>
         <value>0x2000f3f1</value>
         <object_component_ref idref="oc-85b"/>
      </symbol>
      <symbol id="sm-1172">
         <name>sl_WlanPolicySet</name>
         <value>0x2000d7dd</value>
         <object_component_ref idref="oc-84f"/>
      </symbol>
      <symbol id="sm-1173">
         <name>sl_WlanProfileDel</name>
         <value>0x2000e691</value>
         <object_component_ref idref="oc-855"/>
      </symbol>
      <symbol id="sm-1174">
         <name>sl_WlanRxFilterSet</name>
         <value>0x2000dd41</value>
         <object_component_ref idref="oc-876"/>
      </symbol>
      <symbol id="sm-1175">
         <name>sl_WlanConnect</name>
         <value>0x20009881</value>
         <object_component_ref idref="oc-214"/>
      </symbol>
      <symbol id="sm-1176">
         <name>sl_WlanSet</name>
         <value>0x2000d339</value>
         <object_component_ref idref="oc-867"/>
      </symbol>
      <symbol id="sm-1177">
         <name>sl_WlanSetMode</name>
         <value>0x2000e6f1</value>
         <object_component_ref idref="oc-202"/>
      </symbol>
      <symbol id="sm-1297">
         <name>g_ucDinDout</name>
         <value>0x200171e8</value>
      </symbol>
      <symbol id="sm-1298">
         <name>g_cDummy</name>
         <value>0x2001727a</value>
      </symbol>
      <symbol id="sm-1299">
         <name>NwpMaskInterrupt</name>
         <value>0x2000ff9d</value>
         <object_component_ref idref="oc-5ec"/>
      </symbol>
      <symbol id="sm-129a">
         <name>NwpPrePowerOffTimout0</name>
         <value>0x2000fa1d</value>
         <object_component_ref idref="oc-416"/>
      </symbol>
      <symbol id="sm-129b">
         <name>NwpRegisterInterruptHandler</name>
         <value>0x2000f0f9</value>
         <object_component_ref idref="oc-3df"/>
      </symbol>
      <symbol id="sm-129c">
         <name>g_pHostIntHdl</name>
         <value>0x20017370</value>
         <object_component_ref idref="oc-5d8"/>
      </symbol>
      <symbol id="sm-129d">
         <name>simplelink_timerA2_start</name>
         <value>0x2000f1ed</value>
         <object_component_ref idref="oc-8d3"/>
      </symbol>
      <symbol id="sm-129e">
         <name>NwpUnMaskInterrupt</name>
         <value>0x2000ffa9</value>
         <object_component_ref idref="oc-606"/>
      </symbol>
      <symbol id="sm-129f">
         <name>NwpPowerOff</name>
         <value>0x2000f311</value>
         <object_component_ref idref="oc-3d9"/>
      </symbol>
      <symbol id="sm-12a0">
         <name>TimerGetCurrentTimestamp</name>
         <value>0x2000fa3d</value>
         <object_component_ref idref="oc-826"/>
      </symbol>
      <symbol id="sm-12a1">
         <name>spi_Read</name>
         <value>0x2000c159</value>
         <object_component_ref idref="oc-897"/>
      </symbol>
      <symbol id="sm-12a2">
         <name>DmaSpiSwIntHandler</name>
         <value>0x2000f8e5</value>
         <object_component_ref idref="oc-5de"/>
      </symbol>
      <symbol id="sm-12a3">
         <name>NwpPowerOn</name>
         <value>0x2000f64d</value>
         <object_component_ref idref="oc-3e5"/>
      </symbol>
      <symbol id="sm-12a4">
         <name>spi_Close</name>
         <value>0x2000e0bd</value>
         <object_component_ref idref="oc-41c"/>
      </symbol>
      <symbol id="sm-12a5">
         <name>spi_Write</name>
         <value>0x2000d3d1</value>
         <object_component_ref idref="oc-7cb"/>
      </symbol>
      <symbol id="sm-12a6">
         <name>spi_Open</name>
         <value>0x2000b3a5</value>
         <object_component_ref idref="oc-3cd"/>
      </symbol>
      <symbol id="sm-12a7">
         <name>g_ucDMAEnabled</name>
         <value>0x20017374</value>
         <object_component_ref idref="oc-5d8"/>
      </symbol>
      <symbol id="sm-12a8">
         <name>g_SpiFd</name>
         <value>0x2001736c</value>
         <object_component_ref idref="oc-5d8"/>
      </symbol>
      <symbol id="sm-12d2">
         <name>ADCChannelDisable</name>
         <value>0x2000f2a1</value>
         <object_component_ref idref="oc-13b"/>
      </symbol>
      <symbol id="sm-12d3">
         <name>ADCFIFOLvlGet</name>
         <value>0x2000fb33</value>
         <object_component_ref idref="oc-135"/>
      </symbol>
      <symbol id="sm-12d4">
         <name>ADCChannelEnable</name>
         <value>0x2000f2d9</value>
         <object_component_ref idref="oc-12f"/>
      </symbol>
      <symbol id="sm-12d5">
         <name>ADCFIFORead</name>
         <value>0x2000fce5</value>
         <object_component_ref idref="oc-141"/>
      </symbol>
      <symbol id="sm-132b">
         <name>GPIOIntRegister</name>
         <value>0x2000fa9d</value>
         <object_component_ref idref="oc-921"/>
      </symbol>
      <symbol id="sm-132c">
         <name>GPIOIntEnable</name>
         <value>0x2000fc15</value>
         <object_component_ref idref="oc-92d"/>
      </symbol>
      <symbol id="sm-132d">
         <name>GPIOIntTypeSet</name>
         <value>0x2000ddc5</value>
         <object_component_ref idref="oc-91b"/>
      </symbol>
      <symbol id="sm-132e">
         <name>GPIOIntClear</name>
         <value>0x2000fecb</value>
         <object_component_ref idref="oc-927"/>
      </symbol>
      <symbol id="sm-132f">
         <name>GPIOPinRead</name>
         <value>0x2000fcfd</value>
         <object_component_ref idref="oc-1f0"/>
      </symbol>
      <symbol id="sm-1330">
         <name>GPIODirModeSet</name>
         <value>0x2000f429</value>
         <object_component_ref idref="oc-16d"/>
      </symbol>
      <symbol id="sm-1331">
         <name>GPIOPinWrite</name>
         <value>0x2000f9db</value>
         <object_component_ref idref="oc-1d6"/>
      </symbol>
      <symbol id="sm-13a2">
         <name>I2CMasterDataPut</name>
         <value>0x2000fe1d</value>
         <object_component_ref idref="oc-304"/>
      </symbol>
      <symbol id="sm-13a3">
         <name>I2CMasterInitExpClk</name>
         <value>0x2000dcbd</value>
         <object_component_ref idref="oc-316"/>
      </symbol>
      <symbol id="sm-13a4">
         <name>I2CMasterSlaveAddrSet</name>
         <value>0x2000f975</value>
         <object_component_ref idref="oc-2fe"/>
      </symbol>
      <symbol id="sm-13a5">
         <name>I2CMasterDataGet</name>
         <value>0x2000ff71</value>
         <object_component_ref idref="oc-30a"/>
      </symbol>
      <symbol id="sm-13a6">
         <name>I2CMasterErr</name>
         <value>0x2000f61f</value>
         <object_component_ref idref="oc-2f8"/>
      </symbol>
      <symbol id="sm-13a7">
         <name>I2CMasterTimeoutSet</name>
         <value>0x2000ff1b</value>
         <object_component_ref idref="oc-2e6"/>
      </symbol>
      <symbol id="sm-13a8">
         <name>I2CMasterControl</name>
         <value>0x2000ff09</value>
         <object_component_ref idref="oc-2ec"/>
      </symbol>
      <symbol id="sm-13a9">
         <name>I2CMasterEnable</name>
         <value>0x2000fe33</value>
         <object_component_ref idref="oc-310"/>
      </symbol>
      <symbol id="sm-13aa">
         <name>I2CMasterIntStatusEx</name>
         <value>0x2000fabb</value>
         <object_component_ref idref="oc-2f2"/>
      </symbol>
      <symbol id="sm-13ab">
         <name>I2CMasterIntClear</name>
         <value>0x2000fe49</value>
         <object_component_ref idref="oc-2e0"/>
      </symbol>
      <symbol id="sm-1437">
         <name>IntPendClear</name>
         <value>0x2000e7ad</value>
         <object_component_ref idref="oc-5ff"/>
      </symbol>
      <symbol id="sm-1438">
         <name>IntPrioritySet</name>
         <value>0x2000e8b5</value>
         <object_component_ref idref="oc-5cc"/>
      </symbol>
      <symbol id="sm-1439">
         <name>IntVTableBaseSet</name>
         <value>0x2000fee1</value>
         <object_component_ref idref="oc-f9"/>
      </symbol>
      <symbol id="sm-143a">
         <name>IntEnable</name>
         <value>0x2000cdad</value>
         <object_component_ref idref="oc-105"/>
      </symbol>
      <symbol id="sm-143b">
         <name>IntDisable</name>
         <value>0x2000cd05</value>
         <object_component_ref idref="oc-5f3"/>
      </symbol>
      <symbol id="sm-143c">
         <name>IntRegister</name>
         <value>0x2000f9fd</value>
         <object_component_ref idref="oc-2d6"/>
      </symbol>
      <symbol id="sm-143d">
         <name>IntUnregister</name>
         <value>0x2000f909</value>
         <object_component_ref idref="oc-5f9"/>
      </symbol>
      <symbol id="sm-143e">
         <name>IntMasterEnable</name>
         <value>0x2000ffcd</value>
         <object_component_ref idref="oc-10b"/>
      </symbol>
      <symbol id="sm-1485">
         <name>PinTypeI2C</name>
         <value>0x2000fb4f</value>
         <object_component_ref idref="oc-15b"/>
      </symbol>
      <symbol id="sm-1486">
         <name>PinTypeUART</name>
         <value>0x2000fc49</value>
         <object_component_ref idref="oc-155"/>
      </symbol>
      <symbol id="sm-1487">
         <name>PinTypeGPIO</name>
         <value>0x2000f531</value>
         <object_component_ref idref="oc-167"/>
      </symbol>
      <symbol id="sm-1488">
         <name>PinConfigSet</name>
         <value>0x2000db29</value>
         <object_component_ref idref="oc-34c"/>
      </symbol>
      <symbol id="sm-1489">
         <name>PinTypeSPI</name>
         <value>0x2000fc2f</value>
         <object_component_ref idref="oc-173"/>
      </symbol>
      <symbol id="sm-148a">
         <name>PinModeSet</name>
         <value>0x2000efb9</value>
         <object_component_ref idref="oc-346"/>
      </symbol>
      <symbol id="sm-151d">
         <name>PRCMPeripheralReset</name>
         <value>0x2000e805</value>
         <object_component_ref idref="oc-2bd"/>
      </symbol>
      <symbol id="sm-151e">
         <name>PRCMPeripheralClkEnable</name>
         <value>0x2000f1b1</value>
         <object_component_ref idref="oc-161"/>
      </symbol>
      <symbol id="sm-151f">
         <name>PRCMPeripheralClockGet</name>
         <value>0x2000d501</value>
         <object_component_ref idref="oc-17f"/>
      </symbol>
      <symbol id="sm-1520">
         <name>PRCMCC3200MCUInit</name>
         <value>0x2000af6d</value>
         <object_component_ref idref="oc-ff"/>
      </symbol>
      <symbol id="sm-1521">
         <name>PRCMHIBRegWrite</name>
         <value>0x2000fe75</value>
         <object_component_ref idref="oc-2b7"/>
      </symbol>
      <symbol id="sm-1522">
         <name>PRCMSysResetCauseGet</name>
         <value>0x2000f679</value>
         <object_component_ref idref="oc-2ab"/>
      </symbol>
      <symbol id="sm-1523">
         <name>PRCMPeripheralStatusGet</name>
         <value>0x2000f495</value>
         <object_component_ref idref="oc-5ae"/>
      </symbol>
      <symbol id="sm-1524">
         <name>PRCMPeripheralClkDisable</name>
         <value>0x2000f7a9</value>
         <object_component_ref idref="oc-2c3"/>
      </symbol>
      <symbol id="sm-1525">
         <name>PRCMHIBRegRead</name>
         <value>0x2000fe5f</value>
         <object_component_ref idref="oc-2b1"/>
      </symbol>
      <symbol id="sm-15f4">
         <name>SPIFIFODisable</name>
         <value>0x2000fc97</value>
         <object_component_ref idref="oc-662"/>
      </symbol>
      <symbol id="sm-15f5">
         <name>SPICSEnable</name>
         <value>0x2000fd2d</value>
         <object_component_ref idref="oc-8ae"/>
      </symbol>
      <symbol id="sm-15f6">
         <name>SPIDisable</name>
         <value>0x2000fd45</value>
         <object_component_ref idref="oc-5a8"/>
      </symbol>
      <symbol id="sm-15f7">
         <name>SPIFIFOEnable</name>
         <value>0x2000fcb1</value>
         <object_component_ref idref="oc-5ba"/>
      </symbol>
      <symbol id="sm-15f8">
         <name>SPIWordCountSet</name>
         <value>0x2000f9b9</value>
         <object_component_ref idref="oc-8b4"/>
      </symbol>
      <symbol id="sm-15f9">
         <name>SPIDataGetNonBlocking</name>
         <value>0x2000f729</value>
         <object_component_ref idref="oc-37e"/>
      </symbol>
      <symbol id="sm-15fa">
         <name>SPIEnable</name>
         <value>0x2000fd5d</value>
         <object_component_ref idref="oc-390"/>
      </symbol>
      <symbol id="sm-15fb">
         <name>SPIDmaEnable</name>
         <value>0x2000fc7d</value>
         <object_component_ref idref="oc-5c0"/>
      </symbol>
      <symbol id="sm-15fc">
         <name>SPIConfigSetExpClk</name>
         <value>0x2000cef9</value>
         <object_component_ref idref="oc-38a"/>
      </symbol>
      <symbol id="sm-15fd">
         <name>SPIIntUnregister</name>
         <value>0x2000fccb</value>
         <object_component_ref idref="oc-65c"/>
      </symbol>
      <symbol id="sm-15fe">
         <name>SPIFIFOLevelSet</name>
         <value>0x2000f4c9</value>
         <object_component_ref idref="oc-5c6"/>
      </symbol>
      <symbol id="sm-15ff">
         <name>SPIDmaDisable</name>
         <value>0x2000fc63</value>
         <object_component_ref idref="oc-668"/>
      </symbol>
      <symbol id="sm-1600">
         <name>SPIReset</name>
         <value>0x2000f997</value>
         <object_component_ref idref="oc-384"/>
      </symbol>
      <symbol id="sm-1601">
         <name>SPIDataPutNonBlocking</name>
         <value>0x2000f7d1</value>
         <object_component_ref idref="oc-378"/>
      </symbol>
      <symbol id="sm-1602">
         <name>SPIIntEnable</name>
         <value>0x2000eaa9</value>
         <object_component_ref idref="oc-5d2"/>
      </symbol>
      <symbol id="sm-1603">
         <name>SPIIntClear</name>
         <value>0x2000ed05</value>
         <object_component_ref idref="oc-798"/>
      </symbol>
      <symbol id="sm-1604">
         <name>SPICSDisable</name>
         <value>0x2000fd15</value>
         <object_component_ref idref="oc-396"/>
      </symbol>
      <symbol id="sm-1631">
         <name>SysTickEnable</name>
         <value>0x2000ff41</value>
         <object_component_ref idref="oc-123"/>
      </symbol>
      <symbol id="sm-1632">
         <name>SysTickIntRegister</name>
         <value>0x2000fb6d</value>
         <object_component_ref idref="oc-117"/>
      </symbol>
      <symbol id="sm-1633">
         <name>SysTickIntEnable</name>
         <value>0x2000ff51</value>
         <object_component_ref idref="oc-11d"/>
      </symbol>
      <symbol id="sm-1634">
         <name>SysTickPeriodSet</name>
         <value>0x2000fd75</value>
         <object_component_ref idref="oc-111"/>
      </symbol>
      <symbol id="sm-1667">
         <name>TimerLoadSet</name>
         <value>0x2000f753</value>
         <object_component_ref idref="oc-981"/>
      </symbol>
      <symbol id="sm-1668">
         <name>TimerEnable</name>
         <value>0x2000fad9</value>
         <object_component_ref idref="oc-987"/>
      </symbol>
      <symbol id="sm-1669">
         <name>TimerValueGet</name>
         <value>0x2000fb89</value>
         <object_component_ref idref="oc-8d9"/>
      </symbol>
      <symbol id="sm-166a">
         <name>TimerPrescaleSet</name>
         <value>0x2000f77d</value>
         <object_component_ref idref="oc-97b"/>
      </symbol>
      <symbol id="sm-166b">
         <name>TimerConfigure</name>
         <value>0x2000ee21</value>
         <object_component_ref idref="oc-975"/>
      </symbol>
      <symbol id="sm-16a7">
         <name>UARTConfigSetExpClk</name>
         <value>0x2000e135</value>
         <object_component_ref idref="oc-185"/>
      </symbol>
      <symbol id="sm-16a8">
         <name>UARTDisable</name>
         <value>0x2000f561</value>
         <object_component_ref idref="oc-179"/>
      </symbol>
      <symbol id="sm-16a9">
         <name>UARTCharsAvail</name>
         <value>0x2000fd8d</value>
         <object_component_ref idref="oc-1d0"/>
      </symbol>
      <symbol id="sm-16aa">
         <name>UARTCharGetNonBlocking</name>
         <value>0x2000fba5</value>
         <object_component_ref idref="oc-1c4"/>
      </symbol>
      <symbol id="sm-16ab">
         <name>UARTCharPut</name>
         <value>0x2000faf7</value>
         <object_component_ref idref="oc-322"/>
      </symbol>
      <symbol id="sm-16ac">
         <name>UARTEnable</name>
         <value>0x2000f92d</value>
         <object_component_ref idref="oc-18b"/>
      </symbol>
      <symbol id="sm-1703">
         <name>uDMAChannelControlSet</name>
         <value>0x2000f265</value>
         <object_component_ref idref="oc-a05"/>
      </symbol>
      <symbol id="sm-1704">
         <name>uDMAChannelAttributeEnable</name>
         <value>0x2000e5cd</value>
         <object_component_ref idref="oc-a0b"/>
      </symbol>
      <symbol id="sm-1705">
         <name>uDMAChannelTransferSet</name>
         <value>0x2000c249</value>
         <object_component_ref idref="oc-a11"/>
      </symbol>
      <symbol id="sm-1706">
         <name>uDMAChannelAssign</name>
         <value>0x2000ec71</value>
         <object_component_ref idref="oc-774"/>
      </symbol>
      <symbol id="sm-1707">
         <name>uDMAChannelAttributeDisable</name>
         <value>0x2000e569</value>
         <object_component_ref idref="oc-77a"/>
      </symbol>
      <symbol id="sm-1708">
         <name>uDMAChannelEnable</name>
         <value>0x2000fbf9</value>
         <object_component_ref idref="oc-a17"/>
      </symbol>
      <symbol id="sm-170c">
         <name>UtilsDelay</name>
         <value>0x2000ffe1</value>
         <object_component_ref idref="oc-1ef"/>
      </symbol>
      <symbol id="sm-1716">
         <name>CPUcpsie</name>
         <value>0x2000feb7</value>
         <object_component_ref idref="oc-2ce"/>
      </symbol>
      <symbol id="sm-1718">
         <name>__TI_static_base__</name>
         <value>0x20010b70</value>
      </symbol>
      <symbol id="sm-171b">
         <name>__mpu_init</name>
         <value>0x0</value>
      </symbol>
      <symbol id="sm-171c">
         <name>_system_post_cinit</name>
         <value>0x0</value>
      </symbol>
   </symbol_table>
   <title>Link successful</title>
</link_info>
